Component: ARM Compiler 5.06 update 1 (build 61) Tool: armlink [4d35a8]

==============================================================================

Section Cross References

    main.o(i.Test_Pct_Status) refers to stm32f10x_gpio.o(i.GPIO_ReadInputDataBit) for GPIO_ReadInputDataBit
    main.o(i.Test_Pct_Status) refers to printf3.o(i.__0printf$3) for __2printf
    main.o(i.Test_Pct_Status) refers to main.o(.conststring) for .conststring
    main.o(i.main) refers to main_app.o(i.Init) for Init
    main.o(i.main) refers to main_app.o(i.CombineReset) for CombineReset
    main.o(i.main) refers to motiondispatch.o(i.SysInit) for SysInit
    main.o(i.main) refers to delay.o(i.delay_ms) for delay_ms
    main.o(i.main) refers to usart.o(i.Usart1_Send_Data) for Usart1_Send_Data
    main.o(i.main) refers to printf3.o(i.__0printf$3) for __2printf
    main_app.o(i.Analyze_USART_Receive_Data) refers to memcmp.o(.text) for memcmp
    main_app.o(i.Analyze_USART_Receive_Data) refers to main_app.o(.data) for local_address1
    main_app.o(i.Can_Receiver_Analyze) refers to main_app.o(i.Test_SW_Status) for Test_SW_Status
    main_app.o(i.CombineReset) refers to main_app.o(i.Motor_Init_Motion) for Motor_Init_Motion
    main_app.o(i.CombineReset) refers to delay.o(i.delay_ms) for delay_ms
    main_app.o(i.CombineReset) refers to main_app.o(.data) for MotorTab
    main_app.o(i.Create_Speed_Change_Table) refers to dfltui.o(.text) for __aeabi_ui2d
    main_app.o(i.Create_Speed_Change_Table) refers to dmul.o(.text) for __aeabi_dmul
    main_app.o(i.Create_Speed_Change_Table) refers to ddiv.o(.text) for __aeabi_ddiv
    main_app.o(i.Create_Speed_Change_Table) refers to cos.o(i.cos) for cos
    main_app.o(i.Create_Speed_Change_Table) refers to dadd.o(.text) for __aeabi_dadd
    main_app.o(i.Create_Speed_Change_Table) refers to dflti.o(.text) for __aeabi_i2d
    main_app.o(i.Create_Speed_Change_Table) refers to dfixui.o(.text) for __aeabi_d2uiz
    main_app.o(i.Create_Speed_Change_Table) refers to printf3.o(i.__0printf$3) for __2printf
    main_app.o(i.Create_Speed_Change_Table) refers to delay.o(i.delay_ms) for delay_ms
    main_app.o(i.Create_Speed_Change_Table) refers to main_app.o(.bss) for Test_speed_up_table
    main_app.o(i.GetUsartData) refers to main_app.o(i.Analyze_USART_Receive_Data) for Analyze_USART_Receive_Data
    main_app.o(i.GetUsartData) refers to memseta.o(.text) for __aeabi_memclr4
    main_app.o(i.GetUsartData) refers to main_app.o(.data) for G_UART1_Receive_OK
    main_app.o(i.GetUsartData) refers to main_app.o(.bss) for G_UART1_Receive_Buff
    main_app.o(i.Init) refers to delay.o(i.delay_init) for delay_init
    main_app.o(i.Init) refers to misc.o(i.NVIC_PriorityGroupConfig) for NVIC_PriorityGroupConfig
    main_app.o(i.Init) refers to usart.o(i.Usart1_Init) for Usart1_Init
    main_app.o(i.Init) refers to led.o(i.LED_Init) for LED_Init
    main_app.o(i.Init) refers to at24cxx.o(i.AT24CXX_Init) for AT24CXX_Init
    main_app.o(i.Init) refers to can.o(i.CAN_Mode_Init) for CAN_Mode_Init
    main_app.o(i.Init) refers to em_sw.o(i.EM_SW_Init) for EM_SW_Init
    main_app.o(i.Init) refers to pct.o(i.PCT_Init) for PCT_Init
    main_app.o(i.Init) refers to step_motor.o(i.Motor_Init) for Motor_Init
    main_app.o(i.Init) refers to stm32f10x_gpio.o(i.GPIO_ResetBits) for GPIO_ResetBits
    main_app.o(i.Init) refers to delay.o(i.delay_ms) for delay_ms
    main_app.o(i.Init) refers to stm32f10x_gpio.o(i.GPIO_SetBits) for GPIO_SetBits
    main_app.o(i.Init) refers to motiondispatch.o(i.CabinorEnable) for CabinorEnable
    main_app.o(i.Motion_Init) refers to step_motor.o(i.Motor_Motion_Setup) for Motor_Motion_Setup
    main_app.o(i.Motion_Init) refers to main_app.o(.bss) for motor_info
    main_app.o(i.Motion_Init_Return) refers to step_motor.o(i.Motor_Motion_Setup) for Motor_Motion_Setup
    main_app.o(i.Motion_Init_Return) refers to main_app.o(.bss) for motor_info
    main_app.o(i.Motion_Output_Carbin) refers to step_motor.o(i.Motor_Motion_Setup) for Motor_Motion_Setup
    main_app.o(i.Motion_Output_Carbin) refers to main_app.o(.bss) for motor_info
    main_app.o(i.Motor_Init_Motion) refers to pct.o(i.PCT_Get_Status) for PCT_Get_Status
    main_app.o(i.Motor_Init_Motion) refers to delay.o(i.delay_ms) for delay_ms
    main_app.o(i.Motor_Init_Motion) refers to main_app.o(i.Motion_Init) for Motion_Init
    main_app.o(i.Motor_Init_Motion) refers to main_app.o(i.Motion_Init_Return) for Motion_Init_Return
    main_app.o(i.Motor_Init_Motion) refers to main_app.o(i.Motion_Output_Carbin) for Motion_Output_Carbin
    main_app.o(i.Motor_Init_Motion) refers to main_app.o(.data) for mindist_down_table
    main_app.o(i.Motor_Init_Motion) refers to main_app.o(.constdata) for MotorResetPrar
    main_app.o(i.Motor_Init_Motion) refers to main_app.o(.bss) for motor_info
    main_app.o(i.Motor_Init_Motion) refers to motiondispatch.o(.bss) for SysCurrSataus
    main_app.o(i.TestEeprom) refers to at24cxx.o(i.AT24CXX_Write) for AT24CXX_Write
[...]
    i.I2C_GenerateSTART                      0x0800427a   Section        0  stm32f10x_i2c.o(i.I2C_GenerateSTART)
    i.I2C_GenerateSTOP                       0x08004292   Section        0  stm32f10x_i2c.o(i.I2C_GenerateSTOP)
    i.I2C_GetFlagStatus                      0x080042aa   Section        0  stm32f10x_i2c.o(i.I2C_GetFlagStatus)
    i.I2C_Init                               0x080042e4   Section        0  stm32f10x_i2c.o(i.I2C_Init)
    i.I2C_ReceiveData                        0x080043d0   Section        0  stm32f10x_i2c.o(i.I2C_ReceiveData)
    i.I2C_Send7bitAddress                    0x080043d8   Section        0  stm32f10x_i2c.o(i.I2C_Send7bitAddress)
    i.I2C_SendData                           0x080043ea   Section        0  stm32f10x_i2c.o(i.I2C_SendData)
    i.IIC_EE_BufferRead                      0x080043f0   Section        0  iic.o(i.IIC_EE_BufferRead)
    i.IIC_EE_ByteWrite                       0x080044fc   Section        0  iic.o(i.IIC_EE_ByteWrite)
    i.IIC_Init                               0x0800459c   Section        0  iic.o(i.IIC_Init)
    i.Init                                   0x0800461c   Section        0  main_app.o(i.Init)
    i.LED_Init                               0x08004670   Section        0  led.o(i.LED_Init)
    i.MixMotor_ParaConfig                    0x080046ac   Section        0  motiondispatch.o(i.MixMotor_ParaConfig)
    i.Mix_StartRun                           0x08004770   Section        0  motiondispatch.o(i.Mix_StartRun)
    i.Motion_Init                            0x08004794   Section        0  main_app.o(i.Motion_Init)
    i.Motion_Init_Return                     0x08004868   Section        0  main_app.o(i.Motion_Init_Return)
    i.Motion_Output_Carbin                   0x0800493c   Section        0  main_app.o(i.Motion_Output_Carbin)
    i.MotorMotionConfig_Init                 0x08004a14   Section        0  motiondispatch.o(i.MotorMotionConfig_Init)
    i.Motor_Enable                           0x08004ae4   Section        0  step_motor.o(i.Motor_Enable)
    i.Motor_Init                             0x08004af0   Section        0  step_motor.o(i.Motor_Init)
    i.Motor_Init_Motion                      0x08004cb4   Section        0  main_app.o(i.Motor_Init_Motion)
    i.Motor_Motion_Setup                     0x080050a0   Section        0  step_motor.o(i.Motor_Motion_Setup)
    i.Motor_PWM_Init                         0x080053ac   Section        0  timer.o(i.Motor_PWM_Init)
    i.Motor_Self_Lock                        0x080053f8   Section        0  step_motor.o(i.Motor_Self_Lock)
    i.NVIC_Init                              0x08005404   Section        0  misc.o(i.NVIC_Init)
    i.NVIC_PriorityGroupConfig               0x08005474   Section        0  misc.o(i.NVIC_PriorityGroupConfig)
    i.PCT_1_Handle                           0x08005488   Section        0  pct_app.o(i.PCT_1_Handle)
    i.PCT_2_Handle                           0x080054d8   Section        0  pct_app.o(i.PCT_2_Handle)
    i.PCT_3_Handle                           0x0800552c   Section        0  pct_app.o(i.PCT_3_Handle)
    i.PCT_4_Handle                           0x08005584   Section        0  pct_app.o(i.PCT_4_Handle)
    i.PCT_Encoder_Para_Init                  0x0800560c   Section        0  pct_encoder.o(i.PCT_Encoder_Para_Init)
    i.PCT_Get_Status                         0x08005610   Section        0  pct.o(i.PCT_Get_Status)
    i.PCT_Init                               0x0800569c   Section        0  pct.o(i.PCT_Init)
    i.RCC_APB1PeriphClockCmd                 0x080057f4   Section        0  stm32f10x_rcc.o(i.RCC_APB1PeriphClockCmd)
    i.RCC_APB2PeriphClockCmd                 0x08005814   Section        0  stm32f10x_rcc.o(i.RCC_APB2PeriphClockCmd)
    i.RCC_GetClocksFreq                      0x08005834   Section        0  stm32f10x_rcc.o(i.RCC_GetClocksFreq)
    i.ReportHardwaretatus                    0x08005908   Section        0  motiondispatch.o(i.ReportHardwaretatus)
    i.SPI1_Init                              0x080059e0   Section        0  spi.o(i.SPI1_Init)
    i.SPI1_ReadWriteByte                     0x08005af8   Section        0  spi.o(i.SPI1_ReadWriteByte)
    i.SPI_Cmd                                0x08005bc8   Section        0  stm32f10x_spi.o(i.SPI_Cmd)
    i.SPI_I2S_GetFlagStatus                  0x08005be0   Section        0  stm32f10x_spi.o(i.SPI_I2S_GetFlagStatus)
    i.SPI_I2S_ReceiveData                    0x08005bf2   Section        0  stm32f10x_spi.o(i.SPI_I2S_ReceiveData)
    i.SPI_I2S_SendData                       0x08005bf8   Section        0  stm32f10x_spi.o(i.SPI_I2S_SendData)
    i.SPI_Init                               0x08005bfc   Section        0  stm32f10x_spi.o(i.SPI_Init)
    i.SetSysClock                            0x08005c38   Section        0  system_stm32f10x.o(i.SetSysClock)
    SetSysClock                              0x08005c39   Thumb Code     8  system_stm32f10x.o(i.SetSysClock)
    i.SetSysClockTo72                        0x08005c40   Section        0  system_stm32f10x.o(i.SetSysClockTo72)
    SetSysClockTo72                          0x08005c41   Thumb Code   214  system_stm32f10x.o(i.SetSysClockTo72)
    i.StartMotorParaInit                     0x08005d20   Section        0  motiondispatch.o(i.StartMotorParaInit)
    i.SysInit                                0x08005d3c   Section        0  motiondispatch.o(i.SysInit)
    i.SysParaInitConfig                      0x08005d7c   Section        0  motiondispatch.o(i.SysParaInitConfig)
    i.SysTick_CLKSourceConfig                0x08005e88   Section        0  misc.o(i.SysTick_CLKSourceConfig)
    i.SystemInit                             0x08005eb0   Section        0  system_stm32f10x.o(i.SystemInit)
    i.TIM2_IRQHandler                        0x08005f10   Section        0  timer.o(i.TIM2_IRQHandler)
    i.TIM3_IRQHandler                        0x08006058   Section        0  timer.o(i.TIM3_IRQHandler)
    i.TIM4_IRQHandler                        0x080061c8   Section        0  timer.o(i.TIM4_IRQHandler)
    i.TIM5_IRQHandler                        0x08006300   Section        0  timer.o(i.TIM5_IRQHandler)
    i.TIM6_IRQHandler                        0x08006470   Section        0  timer.o(i.TIM6_IRQHandler)
    i.TIM6_Init                              0x08006558   Section        0  timer.o(i.TIM6_Init)
    i.TIM7_IRQHandler                        0x080065ac   Section        0  timer.o(i.TIM7_IRQHandler)
    i.TIM8_UP_TIM13_IRQHandler               0x080065ae   Section        0  pct_encoder.o(i.TIM8_UP_TIM13_IRQHandler)
    i.TIM_ARRPreloadConfig                   0x080065b0   Section        0  stm32f10x_tim.o(i.TIM_ARRPreloadConfig)
    i.TIM_CCxCmd                             0x080065c8   Section        0  stm32f10x_tim.o(i.TIM_CCxCmd)
    i.TIM_ClearITPendingBit                  0x080065e6   Section        0  stm32f10x_tim.o(i.TIM_ClearITPendingBit)
    i.TIM_Cmd                                0x080065ec   Section        0  stm32f10x_tim.o(i.TIM_Cmd)
    i.TIM_GetITStatus                        0x08006604   Section        0  stm32f10x_tim.o(i.TIM_GetITStatus)
    i.TIM_ITConfig                           0x08006626   Section        0  stm32f10x_tim.o(i.TIM_ITConfig)
    i.TIM_OC1Init                            0x08006638   Section        0  stm32f10x_tim.o(i.TIM_OC1Init)
    i.TIM_OC1PreloadConfig                   0x080066d0   Section        0  stm32f10x_tim.o(i.TIM_OC1PreloadConfig)
    i.TIM_SetAutoreload                      0x080066e2   Section        0  stm32f10x_tim.o(i.TIM_SetAutoreload)
    i.TIM_SetCompare1                        0x080066e6   Section        0  stm32f10x_tim.o(i.TIM_SetCompare1)
    i.TIM_TimeBaseInit                       0x080066ec   Section        0  stm32f10x_tim.o(i.TIM_TimeBaseInit)
    i.TIMx_Disable                           0x08006790   Section        0  timer.o(i.TIMx_Disable)
    i.Timer2_Pwm_Init                        0x080067a0   Section        0  timer.o(i.Timer2_Pwm_Init)
    i.Timer3_Pwm_Init                        0x0800687c   Section        0  timer.o(i.Timer3_Pwm_Init)
    i.Timer4_Pwm_Init                        0x08006954   Section        0  timer.o(i.Timer4_Pwm_Init)
    i.Timer5_Pwm_Init                        0x08006a2c   Section        0  timer.o(i.Timer5_Pwm_Init)
    i.Timer_Motor_Setup                      0x08006af0   Section        0  timer.o(i.Timer_Motor_Setup)
    i.UART4_IRQHandler                       0x08006b38   Section        0  usart.o(i.UART4_IRQHandler)
    i.USART1_IRQHandler                      0x08006b54   Section        0  usart.o(i.USART1_IRQHandler)
    i.USART_ClearFlag                        0x08006ba4   Section        0  stm32f10x_usart.o(i.USART_ClearFlag)
    i.USART_Cmd                              0x08006bb6   Section        0  stm32f10x_usart.o(i.USART_Cmd)
    i.USART_GetFlagStatus                    0x08006bce   Section        0  stm32f10x_usart.o(i.USART_GetFlagStatus)
    i.USART_GetITStatus                      0x08006be8   Section        0  stm32f10x_usart.o(i.USART_GetITStatus)
    i.USART_ITConfig                         0x08006c3c   Section        0  stm32f10x_usart.o(i.USART_ITConfig)
    i.USART_Init                             0x08006c88   Section        0  stm32f10x_usart.o(i.USART_Init)
    i.USART_ReceiveData                      0x08006d60   Section        0  stm32f10x_usart.o(i.USART_ReceiveData)
    i.USART_SendData                         0x08006d6a   Section        0  stm32f10x_usart.o(i.USART_SendData)
    i.USB_LP_CAN1_RX0_IRQHandler             0x08006d74   Section        0  can.o(i.USB_LP_CAN1_RX0_IRQHandler)
    i.Usart1_Init                            0x08006da0   Section        0  usart.o(i.Usart1_Init)
    i.Usart1_Send_Data                       0x08006e6c   Section        0  usart.o(i.Usart1_Send_Data)
    i.XY_To_WorkStation                      0x08006ea0   Section        0  motiondispatch.o(i.XY_To_WorkStation)
    i.X_MotorParaConfig                      0x0800711c   Section        0  motiondispatch.o(i.X_MotorParaConfig)
    i.Y_MotorParaConfig                      0x0800727c   Section        0  motiondispatch.o(i.Y_MotorParaConfig)
    i.Z_MotorParaConfig                      0x080073dc   Section        0  motiondispatch.o(i.Z_MotorParaConfig)
    i.Z_To_WorkStation                       0x080074d8   Section        0  motiondispatch.o(i.Z_To_WorkStation)
    i.__0printf$3                            0x08007604   Section        0  printf3.o(i.__0printf$3)
    i.__scatterload_copy                     0x08007624   Section       14  handlers.o(i.__scatterload_copy)
    i.__scatterload_null                     0x08007632   Section        2  handlers.o(i.__scatterload_null)
    i.__scatterload_zeroinit                 0x08007634   Section       14  handlers.o(i.__scatterload_zeroinit)
    i._printf_core                           0x08007644   Section        0  printf3.o(i._printf_core)
    _printf_core                             0x08007645   Thumb Code   436  printf3.o(i._printf_core)
    i.delay_init                             0x080077fc   Section        0  delay.o(i.delay_init)
    i.delay_ms                               0x08007840   Section        0  delay.o(i.delay_ms)
    i.delay_us                               0x0800788c   Section        0  delay.o(i.delay_us)
    i.fputc                                  0x080078d8   Section        0  usart.o(i.fputc)
    i.main                                   0x080078f4   Section        0  main.o(i.main)
    .constdata                               0x0800794c   Section      144  main_app.o(.constdata)
    .constdata                               0x080079dc   Section      512  crc16.o(.constdata)
    .constdata                               0x08007bdc   Section      320  motiondispatch.o(.constdata)
    .constdata                               0x08007d1c   Section        8  em_sw.o(.constdata)
    .constdata                               0x08007d24   Section       16  timer.o(.constdata)
    .conststring                             0x08007d34   Section        4  main_app.o(.conststring)
    .conststring                             0x08007d38   Section      459  motiondispatch.o(.conststring)
    .data                                    0x20000000   Section     3251  main_app.o(.data)
    local_address1                           0x20000ca8   Data           4  main_app.o(.data)
    .data                                    0x20000cb4   Section       12  pct_app.o(.data)
    .data                                    0x20000cc0   Section      525  motiondispatch.o(.data)
    LocationCompensateFlag                   0x20000eb8   Data           1  motiondispatch.o(.data)
    Pre_X_Offset                             0x20000eca   Data           1  motiondispatch.o(.data)
    Pre_Y_Offset                             0x20000ecb   Data           1  motiondispatch.o(.data)
    Stage                                    0x20000ecc   Data           1  motiondispatch.o(.data)
    .data                                    0x20000ed0   Section       20  system_stm32f10x.o(.data)
    .data                                    0x20000ee4   Section        2  can.o(.data)
    .data                                    0x20000ee6   Section        4  delay.o(.data)
    fac_us                                   0x20000ee6   Data           1  delay.o(.data)
    fac_ms                                   0x20000ee8   Data           2  delay.o(.data)
    .data                                    0x20000eec   Section        4  usart.o(.data)
    .data                                    0x20000ef0   Section       10  timer.o(.data)
    .data                                    0x20000efa   Section        1  iic.o(.data)
    .data                                    0x20000efc   Section       14  pct_encoder.o(.data)
    .data                                    0x20000f0a   Section       20  stm32f10x_rcc.o(.data)
    APBAHBPrescTable                         0x20000f0a   Data          16  stm32f10x_rcc.o(.data)
    ADCPrescTable                            0x20000f1a   Data           4  stm32f10x_rcc.o(.data)
    .bss                                     0x20000f20   Section     1760  main_app.o(.bss)
    .bss                                     0x20001600   Section      314  motiondispatch.o(.bss)
    .bss                                     0x2000173c   Section       40  can.o(.bss)
    .bss                                     0x20001764   Section       41  em_sw.o(.bss)
    STACK                                    0x20001790   Section     2048  startup_stm32f10x_xl.o(STACK)

    Global Symbols

    Symbol Name                              Value     Ov Type        Size  Object(Section)

    BuildAttributes$$THM_ISAv4$P$D$K$B$S$PE$A:L22UL41UL21$X:L11$S22US41US21$IEEE1$IW$USESV6$~STKCKD$USESV7$~SHL$OTIME$ROPI$IEEEX$EBA8$MICROLIB$REQ8$PRES8$EABIv2 0x00000000   Number         0  anon$$obj.o ABSOLUTE
    __ARM_use_no_argv                        0x00000000   Number         0  main.o ABSOLUTE
    __use_no_errno                           0x00000000   Number         0  useno.o ABSOLUTE
    __use_no_exception_handling              0x00000000   Number         0  useno.o ABSOLUTE
    __use_no_fp                              0x00000000   Number         0  useno.o ABSOLUTE
    __use_no_heap                            0x00000000   Number         0  useno.o ABSOLUTE
    __use_no_heap_region                     0x00000000   Number         0  useno.o ABSOLUTE
    __use_no_semihosting                     0x00000000   Number         0  useno.o ABSOLUTE
    __use_no_semihosting_swi                 0x00000000   Number         0  useno.o ABSOLUTE
    __use_no_signal_handling                 0x00000000   Number         0  useno.o ABSOLUTE
    _printf_a                                0x00000000   Number         0  stubs.o ABSOLUTE
    _printf_c                                0x00000000   Number         0  stubs.o ABSOLUTE
    _printf_charcount                        0x00000000   Number         0  stubs.o ABSOLUTE
    _printf_d                                0x00000000   Number         0  stubs.o ABSOLUTE
    _printf_e                                0x00000000   Number         0  stubs.o ABSOLUTE
    _printf_f                                0x00000000   Number         0  stubs.o ABSOLUTE
    _printf_flags                            0x00000000   Number         0  stubs.o ABSOLUTE
    _printf_fp_dec                           0x00000000   Number         0  stubs.o ABSOLUTE
    _printf_fp_hex                           0x00000000   Number         0  stubs.o ABSOLUTE
    _printf_g                                0x00000000   Number         0  stubs.o ABSOLUTE
    _printf_i                                0x00000000   Number         0  stubs.o ABSOLUTE
    _printf_int_dec                          0x00000000   Number         0  stubs.o ABSOLUTE
    _printf_l                                0x00000000   Number         0  stubs.o ABSOLUTE
    _printf_lc                               0x00000000   Number         0  stubs.o ABSOLUTE
    _printf_ll                               0x00000000   Number         0  stubs.o ABSOLUTE
    _printf_lld                              0x00000000   Number         0  stubs.o ABSOLUTE
    _printf_lli                              0x00000000   Number         0  stubs.o ABSOLUTE
    _printf_llo                              0x00000000   Number         0  stubs.o ABSOLUTE
    _printf_llu                              0x00000000   Number         0  stubs.o ABSOLUTE
    _printf_llx                              0x00000000   Number         0  stubs.o ABSOLUTE
    _printf_longlong_dec                     0x00000000   Number         0  stubs.o ABSOLUTE
    _printf_longlong_hex                     0x00000000   Number         0  stubs.o ABSOLUTE
    _printf_longlong_oct                     0x00000000   Number         0  stubs.o ABSOLUTE
    _printf_ls                               0x00000000   Number         0  stubs.o ABSOLUTE
    _printf_mbtowc                           0x00000000   Number         0  stubs.o ABSOLUTE
    _printf_n                                0x00000000   Number         0  stubs.o ABSOLUTE
    _printf_o                                0x00000000   Number         0  stubs.o ABSOLUTE
    _printf_p                                0x00000000   Number         0  stubs.o ABSOLUTE
    _printf_percent                          0x00000000   Number         0  stubs.o ABSOLUTE
    _printf_pre_padding                      0x00000000   Number         0  stubs.o ABSOLUTE
    _printf_return_value                     0x00000000   Number         0  stubs.o ABSOLUTE
    _printf_s                                0x00000000   Number         0  stubs.o ABSOLUTE
    _printf_sizespec                         0x00000000   Number         0  stubs.o ABSOLUTE
    _printf_str                              0x00000000   Number         0  stubs.o ABSOLUTE
    _printf_truncate_signed                  0x00000000   Number         0  stubs.o ABSOLUTE
    _printf_truncate_unsigned                0x00000000   Number         0  stubs.o ABSOLUTE
    _printf_u                                0x00000000   Number         0  stubs.o ABSOLUTE
    _printf_wc                               0x00000000   Number         0  stubs.o ABSOLUTE
    _printf_wctomb                           0x00000000   Number         0  stubs.o ABSOLUTE
    _printf_widthprec                        0x00000000   Number         0  stubs.o ABSOLUTE
    _printf_x                                0x00000000   Number         0  stubs.o ABSOLUTE
    __cpp_initialize__aeabi_                  - Undefined Weak Reference
    __cxa_finalize                            - Undefined Weak Reference
    _clock_init                               - Undefined Weak Reference
    _microlib_exit                            - Undefined Weak Reference
    __Vectors_Size                           0x00000130   Number         0  startup_stm32f10x_xl.o ABSOLUTE
    __Vectors                                0x08000000   Data           4  startup_stm32f10x_xl.o(RESET)
    __Vectors_End                            0x08000130   Data           0  startup_stm32f10x_xl.o(RESET)
    __main                                   0x08000131   Thumb Code     0  entry.o(.ARM.Collect$$$$00000000)
    _main_stk                                0x08000131   Thumb Code     0  entry2.o(.ARM.Collect$$$$00000001)
    _main_scatterload                        0x08000135   Thumb Code     0  entry5.o(.ARM.Collect$$$$00000004)
    __main_after_scatterload                 0x08000139   Thumb Code     0  entry5.o(.ARM.Collect$$$$00000004)
    _main_clock                              0x08000139   Thumb Code     0  entry7b.o(.ARM.Collect$$$$00000008)
    _main_cpp_init                           0x08000139   Thumb Code     0  entry8b.o(.ARM.Collect$$$$0000000A)
    _main_init                               0x08000139   Thumb Code     0  entry9a.o(.ARM.Collect$$$$0000000B)
    __rt_final_cpp                           0x08000141   Thumb Code     0  entry10a.o(.ARM.Collect$$$$0000000D)
    __rt_final_exit                          0x08000141   Thumb Code     0  entry11a.o(.ARM.Collect$$$$0000000F)
    Reset_Handler                            0x08000145   Thumb Code     8  startup_stm32f10x_xl.o(.text)
    NMI_Handler                              0x0800014d   Thumb Code     2  startup_stm32f10x_xl.o(.text)
    HardFault_Handler                        0x0800014f   Thumb Code     2  startup_stm32f10x_xl.o(.text)
    MemManage_Handler                        0x08000151   Thumb Code     2  startup_stm32f10x_xl.o(.text)
    BusFault_Handler                         0x08000153   Thumb Code     2  startup_stm32f10x_xl.o(.text)
    UsageFault_Handler                       0x08000155   Thumb Code     2  startup_stm32f10x_xl.o(.text)
    SVC_Handler                              0x08000157   Thumb Code     2  startup_stm32f10x_xl.o(.text)
    DebugMon_Handler                         0x08000159   Thumb Code     2  startup_stm32f10x_xl.o(.text)
    PendSV_Handler                           0x0800015b   Thumb Code     2  startup_stm32f10x_xl.o(.text)
    SysTick_Handler                          0x0800015d   Thumb Code     2  startup_stm32f10x_xl.o(.text)
    ADC1_2_IRQHandler                        0x0800015f   Thumb Code     0  startup_stm32f10x_xl.o(.text)
    ADC3_IRQHandler                          0x0800015f   Thumb Code     0  startup_stm32f10x_xl.o(.text)
    CAN1_RX1_IRQHandler                      0x0800015f   Thumb Code     0  startup_stm32f10x_xl.o(.text)
    CAN1_SCE_IRQHandler                      0x0800015f   Thumb Code     0  startup_stm32f10x_xl.o(.text)
    DMA1_Channel1_IRQHandler                 0x0800015f   Thumb Code     0  startup_stm32f10x_xl.o(.text)
    DMA1_Channel2_IRQHandler                 0x0800015f   Thumb Code     0  startup_stm32f10x_xl.o(.text)
    DMA1_Channel3_IRQHandler                 0x0800015f   Thumb Code     0  startup_stm32f10x_xl.o(.text)
    DMA1_Channel4_IRQHandler                 0x0800015f   Thumb Code     0  startup_stm32f10x_xl.o(.text)
    DMA1_Channel5_IRQHandler                 0x0800015f   Thumb Code     0  startup_stm32f10x_xl.o(.text)
    DMA1_Channel6_IRQHandler                 0x0800015f   Thumb Code     0  startup_stm32f10x_xl.o(.text)
    DMA1_Channel7_IRQHandler                 0x0800015f   Thumb Code     0  startup_stm32f10x_xl.o(.text)
    DMA2_Channel1_IRQHandler                 0x0800015f   Thumb Code     0  startup_stm32f10x_xl.o(.text)
    DMA2_Channel2_IRQHandler                 0x0800015f   Thumb Code     0  startup_stm32f10x_xl.o(.text)
    DMA2_Channel3_IRQHandler                 0x0800015f   Thumb Code     0  startup_stm32f10x_xl.o(.text)
    DMA2_Channel4_5_IRQHandler               0x0800015f   Thumb Code     0  startup_stm32f10x_xl.o(.text)
    FLASH_IRQHandler                         0x0800015f   Thumb Code     0  startup_stm32f10x_xl.o(.text)
    FSMC_IRQHandler                          0x0800015f   Thumb Code     0  startup_stm32f10x_xl.o(.text)
    I2C1_ER_IRQHandler                       0x0800015f   Thumb Code     0  startup_stm32f10x_xl.o(.text)
    I2C1_EV_IRQHandler                       0x0800015f   Thumb Code     0  startup_stm32f10x_xl.o(.text)
    I2C2_ER_IRQHandler                       0x0800015f   Thumb Code     0  startup_stm32f10x_xl.o(.text)
    I2C2_EV_IRQHandler                       0x0800015f   Thumb Code     0  startup_stm32f10x_xl.o(.text)
    PVD_IRQHandler                           0x0800015f   Thumb Code     0  startup_stm32f10x_xl.o(.text)
    RCC_IRQHandler                           0x0800015f   Thumb Code     0  startup_stm32f10x_xl.o(.text)
    RTCAlarm_IRQHandler                      0x0800015f   Thumb Code     0  startup_stm32f10x_xl.o(.text)
    RTC_IRQHandler                           0x0800015f   Thumb Code     0  startup_stm32f10x_xl.o(.text)
    SDIO_IRQHandler                          0x0800015f   Thumb Code     0  startup_stm32f10x_xl.o(.text)
    SPI1_IRQHandler                          0x0800015f   Thumb Code     0  startup_stm32f10x_xl.o(.text)
    SPI2_IRQHandler                          0x0800015f   Thumb Code     0  startup_stm32f10x_xl.o(.text)
    SPI3_IRQHandler                          0x0800015f   Thumb Code     0  startup_stm32f10x_xl.o(.text)
    TAMPER_IRQHandler                        0x0800015f   Thumb Code     0  startup_stm32f10x_xl.o(.text)
    TIM1_BRK_TIM9_IRQHandler                 0x0800015f   Thumb Code     0  startup_stm32f10x_xl.o(.text)
    TIM1_CC_IRQHandler                       0x0800015f   Thumb Code     0  startup_stm32f10x_xl.o(.text)
    TIM1_TRG_COM_TIM11_IRQHandler            0x0800015f   Thumb Code     0  startup_stm32f10x_xl.o(.text)
    TIM1_UP_TIM10_IRQHandler                 0x0800015f   Thumb Code     0  startup_stm32f10x_xl.o(.text)
    TIM8_BRK_TIM12_IRQHandler                0x0800015f   Thumb Code     0  startup_stm32f10x_xl.o(.text)
    TIM8_CC_IRQHandler                       0x0800015f   Thumb Code     0  startup_stm32f10x_xl.o(.text)
    TIM8_TRG_COM_TIM14_IRQHandler            0x0800015f   Thumb Code     0  startup_stm32f10x_xl.o(.text)
    UART5_IRQHandler                         0x0800015f   Thumb Code     0  startup_stm32f10x_xl.o(.text)
    USART2_IRQHandler                        0x0800015f   Thumb Code     0  startup_stm32f10x_xl.o(.text)
    USART3_IRQHandler                        0x0800015f   Thumb Code     0  startup_stm32f10x_xl.o(.text)
    USBWakeUp_IRQHandler                     0x0800015f   Thumb Code     0  startup_stm32f10x_xl.o(.text)
    USB_HP_CAN1_TX_IRQHandler                0x0800015f   Thumb Code     0  startup_stm32f10x_xl.o(.text)
    WWDG_IRQHandler                          0x0800015f   Thumb Code     0  startup_stm32f10x_xl.o(.text)
    __aeabi_memcpy                           0x08000169   Thumb Code    36  memcpya.o(.text)
    __aeabi_memcpy4                          0x08000169   Thumb Code     0  memcpya.o(.text)
    __aeabi_memcpy8                          0x08000169   Thumb Code     0  memcpya.o(.text)
    __aeabi_memset                           0x0800018d   Thumb Code    14  memseta.o(.text)
    __aeabi_memset4                          0x0800018d   Thumb Code     0  memseta.o(.text)
    __aeabi_memset8                          0x0800018d   Thumb Code     0  memseta.o(.text)
    __aeabi_memclr                           0x0800019b   Thumb Code     4  memseta.o(.text)
    __aeabi_memclr4                          0x0800019b   Thumb Code     0  memseta.o(.text)
    __aeabi_memclr8                          0x0800019b   Thumb Code     0  memseta.o(.text)
    _memset$wrapper                          0x0800019f   Thumb Code    18  memseta.o(.text)
    strlen                                   0x080001b1   Thumb Code    14  strlen.o(.text)
    strcpy                                   0x080001bf   Thumb Code    18  strcpy.o(.text)
    __aeabi_fadd                             0x080001d1   Thumb Code   164  fadd.o(.text)
    __aeabi_fsub                             0x08000275   Thumb Code     6  fadd.o(.text)
    __aeabi_frsub                            0x0800027b   Thumb Code     6  fadd.o(.text)
    __aeabi_fmul                             0x08000281   Thumb Code   100  fmul.o(.text)
    __aeabi_fdiv                             0x080002e5   Thumb Code   124  fdiv.o(.text)
    __aeabi_dmul                             0x08000361   Thumb Code   228  dmul.o(.text)
    __aeabi_ddiv                             0x08000445   Thumb Code   222  ddiv.o(.text)
    __aeabi_i2f                              0x08000523   Thumb Code    18  fflti.o(.text)
    __aeabi_ui2f                             0x08000535   Thumb Code    10  ffltui.o(.text)
    __aeabi_f2uiz                            0x0800053f   Thumb Code    40  ffixui.o(.text)
    __aeabi_f2d                              0x08000567   Thumb Code    38  f2d.o(.text)
    __aeabi_d2f                              0x0800058d   Thumb Code    56  d2f.o(.text)
    __aeabi_cfcmpeq                          0x080005c5   Thumb Code     0  cfcmple.o(.text)
    __aeabi_cfcmple                          0x080005c5   Thumb Code    20  cfcmple.o(.text)
    __aeabi_uidiv                            0x080005d9   Thumb Code     0  uidiv.o(.text)
    __aeabi_uidivmod                         0x080005d9   Thumb Code    44  uidiv.o(.text)
    __aeabi_llsl                             0x08000605   Thumb Code    30  llshl.o(.text)
    _ll_shift_l                              0x08000605   Thumb Code     0  llshl.o(.text)
    __aeabi_llsr                             0x08000623   Thumb Code    32  llushr.o(.text)
    _ll_ushift_r                             0x08000623   Thumb Code     0  llushr.o(.text)
    __I$use$fp                               0x08000643   Thumb Code     0  iusefp.o(.text)
    _float_round                             0x08000643   Thumb Code    18  fepilogue.o(.text)
    _float_epilogue                          0x08000655   Thumb Code    92  fepilogue.o(.text)
    _double_round                            0x080006b1   Thumb Code    30  depilogue.o(.text)
    _double_epilogue                         0x080006cf   Thumb Code   156  depilogue.o(.text)
    __scatterload                            0x0800076d   Thumb Code    28  init.o(.text)
    __scatterload_rt2                        0x0800076d   Thumb Code     0  init.o(.text)
    __decompress                             0x08000791   Thumb Code     0  __dczerorl2.o(.text)
    __decompress1                            0x08000791   Thumb Code    86  __dczerorl2.o(.text)
    AT24CXX_Check                            0x080007e7   Thumb Code    54  at24cxx.o(i.AT24CXX_Check)
    AT24CXX_Init                             0x0800081d   Thumb Code    78  at24cxx.o(i.AT24CXX_Init)
    AT24CXX_Read                             0x08000881   Thumb Code    20  at24cxx.o(i.AT24CXX_Read)
    AT24CXX_ReadLenByte                      0x08000895   Thumb Code    54  at24cxx.o(i.AT24CXX_ReadLenByte)
    AT24CXX_ReadOneByte                      0x080008d1   Thumb Code    56  at24cxx.o(i.AT24CXX_ReadOneByte)
    AT24CXX_WriteOneByte                     0x0800090d   Thumb Code    46  at24cxx.o(i.AT24CXX_WriteOneByte)
    CAN1_Mode_Init                           0x08000941   Thumb Code   274  can.o(i.CAN1_Mode_Init)
    CAN_FilterInit                           0x08000a65   Thumb Code   258  stm32f10x_can.o(i.CAN_FilterInit)
    CAN_Get_Local_ID                         0x08000b6d   Thumb Code    86  can.o(i.CAN_Get_Local_ID)
    CAN_ITConfig                             0x08000bc9   Thumb Code    18  stm32f10x_can.o(i.CAN_ITConfig)
    CAN_Init                                 0x08000bdb   Thumb Code   276  stm32f10x_can.o(i.CAN_Init)
    CAN_Mode_Init                            0x08000cef   Thumb Code    18  can.o(i.CAN_Mode_Init)
    CAN_Package                              0x08000d01   Thumb Code    66  can.o(i.CAN_Package)
    CAN_Receive                              0x08000d43   Thumb Code   240  stm32f10x_can.o(i.CAN_Receive)
    CAN_Send_Msg                             0x08000e35   Thumb Code    70  can.o(i.CAN_Send_Msg)
    CAN_Transmit                             0x08000e81   Thumb Code   294  stm32f10x_can.o(i.CAN_Transmit)
    CAN_TransmitStatus                       0x08000fa9   Thumb Code   138  stm32f10x_can.o(i.CAN_TransmitStatus)
    CAN_Unpack                               0x08001049   Thumb Code    84  can.o(i.CAN_Unpack)
    CRC16_1                                  0x0800109d   Thumb Code    48  crc16.o(i.CRC16_1)
    CabinDisable                             0x080010d5   Thumb Code    16  motiondispatch.o(i.CabinDisable)
    CabinEnable                              0x080010e9   Thumb Code    16  motiondispatch.o(i.CabinEnable)
    CabinorEnable                            0x080010fd   Thumb Code    32  motiondispatch.o(i.CabinorEnable)
    CalMixMaxPoint                           0x0800111d   Thumb Code   210  motiondispatch.o(i.CalMixMaxPoint)
    CalRouteTotalPulse                       0x08001209   Thumb Code   204  motiondispatch.o(i.CalRouteTotalPulse)
    CanSendData                              0x080012d5   Thumb Code   114  motiondispatch.o(i.CanSendData)
    CanSendWorkStationInfo                   0x08001351   Thumb Code   116  motiondispatch.o(i.CanSendWorkStationInfo)
    CombineReset                             0x080013c9   Thumb Code   198  main_app.o(i.CombineReset)
    CupCaptureStatusJudge                    0x0800149d   Thumb Code    74  motiondispatch.o(i.CupCaptureStatusJudge)
    CupDishPropertyConfig                    0x080014f1   Thumb Code   200  motiondispatch.o(i.CupDishPropertyConfig)
    DRV8711_Dir_Forward                      0x080015c1   Thumb Code    44  drv8711.o(i.DRV8711_Dir_Forward)
    DRV8711_Dir_Invert                       0x080015f1   Thumb Code    44  drv8711.o(i.DRV8711_Dir_Invert)
    DRV8711_Enable                           0x08001621   Thumb Code    50  drv8711.o(i.DRV8711_Enable)
    DRV8711_Get_Index_Level                  0x08001659   Thumb Code    44  drv8711.o(i.DRV8711_Get_Index_Level)
    DRV8711_Init                             0x08001685   Thumb Code    86  drv8711.o(i.DRV8711_Init)
    DRV8711_Self_Lock                        0x080016dd   Thumb Code    24  drv8711.o(i.DRV8711_Self_Lock)
    DRV8711_Set_Current                      0x080016f9   Thumb Code   106  drv8711.o(i.DRV8711_Set_Current)
    DRV8711_Set_Decay                        0x08001771   Thumb Code    40  drv8711.o(i.DRV8711_Set_Decay)
    DRV8711_Set_Gain                         0x08001799   Thumb Code    38  drv8711.o(i.DRV8711_Set_Gain)
    DRV8711_Set_Index_Level                  0x080017bf   Thumb Code    38  drv8711.o(i.DRV8711_Set_Index_Level)
    DRV8711_Set_Torque                       0x080017e5   Thumb Code    38  drv8711.o(i.DRV8711_Set_Torque)
    EM_SW_Get_Status                         0x0800180d   Thumb Code     8  em_sw.o(i.EM_SW_Get_Status)
    EM_SW_Init                               0x08001819   Thumb Code   152  em_sw.o(i.EM_SW_Init)
    EM_SW_OUT                                0x080018bd   Thumb Code    92  em_sw.o(i.EM_SW_OUT)
    EM_SW_OUT_A                              0x08001919   Thumb Code    14  em_sw.o(i.EM_SW_OUT_A)
    EM_SW_OUT_B                              0x08001927   Thumb Code    14  em_sw.o(i.EM_SW_OUT_B)
    EM_SW_OUT_C                              0x08001935   Thumb Code    14  em_sw.o(i.EM_SW_OUT_C)
    EM_SW_OUT_COMMON_IO                      0x08001945   Thumb Code    38  em_sw.o(i.EM_SW_OUT_COMMON_IO)
    EM_SW_OUT_D                              0x08001971   Thumb Code    14  em_sw.o(i.EM_SW_OUT_D)
    EM_SW_OUT_E                              0x0800197f   Thumb Code    14  em_sw.o(i.EM_SW_OUT_E)
    EM_SW_OUT_F                              0x0800198d   Thumb Code    14  em_sw.o(i.EM_SW_OUT_F)
    EM_SW_OUT_G                              0x0800199b   Thumb Code    14  em_sw.o(i.EM_SW_OUT_G)
    EM_SW_OUT_H                              0x080019a9   Thumb Code    14  em_sw.o(i.EM_SW_OUT_H)
    EM_SW_Reset_IO                           0x080019b9   Thumb Code   120  em_sw.o(i.EM_SW_Reset_IO)
    EM_SW_Set_IO                             0x08001a39   Thumb Code   120  em_sw.o(i.EM_SW_Set_IO)
    EXTI0_IRQHandler                         0x08001ab9   Thumb Code    18  pct.o(i.EXTI0_IRQHandler)
    EXTI15_10_IRQHandler                     0x08001acb   Thumb Code   112  pct.o(i.EXTI15_10_IRQHandler)
    EXTI1_IRQHandler                         0x08001b3b   Thumb Code    18  pct.o(i.EXTI1_IRQHandler)
    EXTI2_IRQHandler                         0x08001b4d   Thumb Code    18  pct.o(i.EXTI2_IRQHandler)
    EXTI3_IRQHandler                         0x08001b5f   Thumb Code    22  pct.o(i.EXTI3_IRQHandler)
    EXTI4_IRQHandler                         0x08001b75   Thumb Code    22  pct.o(i.EXTI4_IRQHandler)
    EXTI9_5_IRQHandler                       0x08001b8b   Thumb Code    90  pct.o(i.EXTI9_5_IRQHandler)
    EXTI_ClearITPendingBit                   0x08001be5   Thumb Code     6  stm32f10x_exti.o(i.EXTI_ClearITPendingBit)
    EXTI_GetITStatus                         0x08001bf1   Thumb Code    34  stm32f10x_exti.o(i.EXTI_GetITStatus)
    EXTI_Init                                0x08001c19   Thumb Code   142  stm32f10x_exti.o(i.EXTI_Init)
    FingerOpen                               0x08001cad   Thumb Code    90  motiondispatch.o(i.FingerOpen)
    GPIO_EXTILineConfig                      0x08001d2d   Thumb Code    60  stm32f10x_gpio.o(i.GPIO_EXTILineConfig)
    GPIO_Init                                0x08001d6d   Thumb Code   278  stm32f10x_gpio.o(i.GPIO_Init)
    GPIO_PinRemapConfig                      0x08001e85   Thumb Code   138  stm32f10x_gpio.o(i.GPIO_PinRemapConfig)
    GPIO_ReadInputDataBit                    0x08001f15   Thumb Code    18  stm32f10x_gpio.o(i.GPIO_ReadInputDataBit)
    GPIO_ResetBits                           0x08001f27   Thumb Code     4  stm32f10x_gpio.o(i.GPIO_ResetBits)
    GPIO_SetBits                             0x08001f2b   Thumb Code     4  stm32f10x_gpio.o(i.GPIO_SetBits)
    GetAllPctStatus                          0x08001f31   Thumb Code   102  pct_app.o(i.GetAllPctStatus)
    GetCaptureCupOffset                      0x08001fa1   Thumb Code   294  motiondispatch.o(i.GetCaptureCupOffset)
    GetCaptureCupPosition                    0x080020c9   Thumb Code  1980  motiondispatch.o(i.GetCaptureCupPosition)
    Go_Cup_To_HatchIn                        0x08002899   Thumb Code   198  motiondispatch.o(i.Go_Cup_To_HatchIn)
    Go_Cup_To_HatchOut                       0x0800296d   Thumb Code   198  motiondispatch.o(i.Go_Cup_To_HatchOut)
    Go_Cup_To_Mix                            0x08002a41   Thumb Code   198  motiondispatch.o(i.Go_Cup_To_Mix)
    Go_Cup_To_Wast1                          0x08002b15   Thumb Code   360  motiondispatch.o(i.Go_Cup_To_Wast1)
    Go_Cup_To_Wast2                          0x08002c91   Thumb Code   360  motiondispatch.o(i.Go_Cup_To_Wast2)
    Go_Curr_To_CaptureCup                    0x08002e0d   Thumb Code   328  motiondispatch.o(i.Go_Curr_To_CaptureCup)
    Go_Curr_To_Origin                        0x08002f65   Thumb Code   178  motiondispatch.o(i.Go_Curr_To_Origin)
    Go_Hatch_To_CupDish                      0x08003025   Thumb Code   314  motiondispatch.o(i.Go_Hatch_To_CupDish)
    Go_Hatch_To_Mix                          0x08003175   Thumb Code   218  motiondispatch.o(i.Go_Hatch_To_Mix)
    Go_Hatch_To_Waste                        0x0800325d   Thumb Code   252  motiondispatch.o(i.Go_Hatch_To_Waste)
    Go_Lock_Cabin                            0x08003369   Thumb Code   158  motiondispatch.o(i.Go_Lock_Cabin)
    Go_Mix_Running                           0x08003411   Thumb Code   162  motiondispatch.o(i.Go_Mix_Running)
    Go_Mix_To_HatchIn                        0x080034c1   Thumb Code   218  motiondispatch.o(i.Go_Mix_To_HatchIn)
    Go_Mix_To_HatchOut                       0x080035a9   Thumb Code   218  motiondispatch.o(i.Go_Mix_To_HatchOut)
    Go_Mix_To_Wast1                          0x08003691   Thumb Code   218  motiondispatch.o(i.Go_Mix_To_Wast1)
    Go_Mix_To_Wast2                          0x08003779   Thumb Code   218  motiondispatch.o(i.Go_Mix_To_Wast2)
    Go_Open_Cabin                            0x08003861   Thumb Code   158  motiondispatch.o(i.Go_Open_Cabin)
    Go_Orign_To_HatchIn                      0x08003909   Thumb Code   168  motiondispatch.o(i.Go_Orign_To_HatchIn)
    Go_Orign_To_HatchOut                     0x080039bd   Thumb Code   190  motiondispatch.o(i.Go_Orign_To_HatchOut)
    Go_Orign_To_Mix                          0x08003a89   Thumb Code   198  motiondispatch.o(i.Go_Orign_To_Mix)
    Go_Orign_To_Waste1                       0x08003b5d   Thumb Code   178  motiondispatch.o(i.Go_Orign_To_Waste1)
    Go_Orign_To_Waste2                       0x08003c1d   Thumb Code   198  motiondispatch.o(i.Go_Orign_To_Waste2)
    Go_Orign_To_Waste_Throw_Cup              0x08003cf1   Thumb Code   212  motiondispatch.o(i.Go_Orign_To_Waste_Throw_Cup)
    Go_SendConfigPara                        0x08003dd1   Thumb Code   174  motiondispatch.o(i.Go_SendConfigPara)
    Go_SendStatusInfo                        0x08003e91   Thumb Code   164  motiondispatch.o(i.Go_SendStatusInfo)
    Go_SysSoftwareVersionCheck               0x08003f41   Thumb Code   170  motiondispatch.o(i.Go_SysSoftwareVersionCheck)
    Go_Unload_Cup                            0x08003ff9   Thumb Code   178  motiondispatch.o(i.Go_Unload_Cup)
    Go_Waste_To_HatchIn                      0x080040b9   Thumb Code   168  motiondispatch.o(i.Go_Waste_To_HatchIn)
    Go_Waste_To_HatchOut                     0x0800416d   Thumb Code   168  motiondispatch.o(i.Go_Waste_To_HatchOut)
    I2C_AcknowledgeConfig                    0x08004221   Thumb Code    24  stm32f10x_i2c.o(i.I2C_AcknowledgeConfig)
    I2C_CheckEvent                           0x08004239   Thumb Code    42  stm32f10x_i2c.o(i.I2C_CheckEvent)
    I2C_Cmd                                  0x08004263   Thumb Code    24  stm32f10x_i2c.o(i.I2C_Cmd)
    I2C_GenerateSTART                        0x0800427b   Thumb Code    24  stm32f10x_i2c.o(i.I2C_GenerateSTART)
    I2C_GenerateSTOP                         0x08004293   Thumb Code    24  stm32f10x_i2c.o(i.I2C_GenerateSTOP)
    I2C_GetFlagStatus                        0x080042ab   Thumb Code    58  stm32f10x_i2c.o(i.I2C_GetFlagStatus)
    I2C_Init                                 0x080042e5   Thumb Code   222  stm32f10x_i2c.o(i.I2C_Init)
    I2C_ReceiveData                          0x080043d1   Thumb Code     8  stm32f10x_i2c.o(i.I2C_ReceiveData)
    I2C_Send7bitAddress                      0x080043d9   Thumb Code    18  stm32f10x_i2c.o(i.I2C_Send7bitAddress)
    I2C_SendData                             0x080043eb   Thumb Code     4  stm32f10x_i2c.o(i.I2C_SendData)
    IIC_EE_BufferRead                        0x080043f1   Thumb Code   250  iic.o(i.IIC_EE_BufferRead)
    IIC_EE_ByteWrite                         0x080044fd   Thumb Code   142  iic.o(i.IIC_EE_ByteWrite)
    IIC_Init                                 0x0800459d   Thumb Code   110  iic.o(i.IIC_Init)
    Init                                     0x0800461d   Thumb Code    78  main_app.o(i.Init)
    LED_Init                                 0x08004671   Thumb Code    54  led.o(i.LED_Init)
    MixMotor_ParaConfig                      0x080046ad   Thumb Code   174  motiondispatch.o(i.MixMotor_ParaConfig)
    Mix_StartRun                             0x08004771   Thumb Code    28  motiondispatch.o(i.Mix_StartRun)
    Motion_Init                              0x08004795   Thumb Code   208  main_app.o(i.Motion_Init)
    Motion_Init_Return                       0x08004869   Thumb Code   208  main_app.o(i.Motion_Init_Return)
    Motion_Output_Carbin                     0x0800493d   Thumb Code   212  main_app.o(i.Motion_Output_Carbin)
    MotorMotionConfig_Init                   0x08004a15   Thumb Code   202  motiondispatch.o(i.MotorMotionConfig_Init)
    Motor_Enable                             0x08004ae5   Thumb Code    12  step_motor.o(i.Motor_Enable)
    Motor_Init                               0x08004af1   Thumb Code   410  step_motor.o(i.Motor_Init)
    Motor_Init_Motion                        0x08004cb5   Thumb Code   974  main_app.o(i.Motor_Init_Motion)
    Motor_Motion_Setup                       0x080050a1   Thumb Code   774  step_motor.o(i.Motor_Motion_Setup)
    Motor_PWM_Init                           0x080053ad   Thumb Code    76  timer.o(i.Motor_PWM_Init)
    Motor_Self_Lock                          0x080053f9   Thumb Code    12  step_motor.o(i.Motor_Self_Lock)
    NVIC_Init                                0x08005405   Thumb Code   100  misc.o(i.NVIC_Init)
    NVIC_PriorityGroupConfig                 0x08005475   Thumb Code    10  misc.o(i.NVIC_PriorityGroupConfig)
    PCT_1_Handle                             0x08005489   Thumb Code    68  pct_app.o(i.PCT_1_Handle)
    PCT_2_Handle                             0x080054d9   Thumb Code    70  pct_app.o(i.PCT_2_Handle)
    PCT_3_Handle                             0x0800552d   Thumb Code    76  pct_app.o(i.PCT_3_Handle)
    PCT_4_Handle                             0x08005585   Thumb Code   118  pct_app.o(i.PCT_4_Handle)
    PCT_Encoder_Para_Init                    0x0800560d   Thumb Code     2  pct_encoder.o(i.PCT_Encoder_Para_Init)
    PCT_Get_Status                           0x08005611   Thumb Code   130  pct.o(i.PCT_Get_Status)
    PCT_Init                                 0x0800569d   Thumb Code   332  pct.o(i.PCT_Init)
    RCC_APB1PeriphClockCmd                   0x080057f5   Thumb Code    26  stm32f10x_rcc.o(i.RCC_APB1PeriphClockCmd)
    RCC_APB2PeriphClockCmd                   0x08005815   Thumb Code    26  stm32f10x_rcc.o(i.RCC_APB2PeriphClockCmd)
    RCC_GetClocksFreq                        0x08005835   Thumb Code   192  stm32f10x_rcc.o(i.RCC_GetClocksFreq)
    ReportHardwaretatus                      0x08005909   Thumb Code   200  motiondispatch.o(i.ReportHardwaretatus)
    SPI1_Init                                0x080059e1   Thumb Code   260  spi.o(i.SPI1_Init)
    SPI1_ReadWriteByte                       0x08005af9   Thumb Code   192  spi.o(i.SPI1_ReadWriteByte)
    SPI_Cmd                                  0x08005bc9   Thumb Code    24  stm32f10x_spi.o(i.SPI_Cmd)
    SPI_I2S_GetFlagStatus                    0x08005be1   Thumb Code    18  stm32f10x_spi.o(i.SPI_I2S_GetFlagStatus)
    SPI_I2S_ReceiveData                      0x08005bf3   Thumb Code     6  stm32f10x_spi.o(i.SPI_I2S_ReceiveData)
    SPI_I2S_SendData                         0x08005bf9   Thumb Code     4  stm32f10x_spi.o(i.SPI_I2S_SendData)
    SPI_Init                                 0x08005bfd   Thumb Code    60  stm32f10x_spi.o(i.SPI_Init)
    StartMotorParaInit                       0x08005d21   Thumb Code    24  motiondispatch.o(i.StartMotorParaInit)
    SysInit                                  0x08005d3d   Thumb Code    60  motiondispatch.o(i.SysInit)
    SysParaInitConfig                        0x08005d7d   Thumb Code   240  motiondispatch.o(i.SysParaInitConfig)
    SysTick_CLKSourceConfig                  0x08005e89   Thumb Code    40  misc.o(i.SysTick_CLKSourceConfig)
    SystemInit                               0x08005eb1   Thumb Code    78  system_stm32f10x.o(i.SystemInit)
    TIM2_IRQHandler                          0x08005f11   Thumb Code   324  timer.o(i.TIM2_IRQHandler)
    TIM3_IRQHandler                          0x08006059   Thumb Code   358  timer.o(i.TIM3_IRQHandler)
    TIM4_IRQHandler                          0x080061c9   Thumb Code   304  timer.o(i.TIM4_IRQHandler)
    TIM5_IRQHandler                          0x08006301   Thumb Code   358  timer.o(i.TIM5_IRQHandler)
    TIM6_IRQHandler                          0x08006471   Thumb Code   216  timer.o(i.TIM6_IRQHandler)
    TIM6_Init                                0x08006559   Thumb Code    80  timer.o(i.TIM6_Init)
    TIM7_IRQHandler                          0x080065ad   Thumb Code     2  timer.o(i.TIM7_IRQHandler)
    TIM8_UP_TIM13_IRQHandler                 0x080065af   Thumb Code     2  pct_encoder.o(i.TIM8_UP_TIM13_IRQHandler)
    TIM_ARRPreloadConfig                     0x080065b1   Thumb Code    24  stm32f10x_tim.o(i.TIM_ARRPreloadConfig)
    TIM_CCxCmd                               0x080065c9   Thumb Code    30  stm32f10x_tim.o(i.TIM_CCxCmd)
    TIM_ClearITPendingBit                    0x080065e7   Thumb Code     6  stm32f10x_tim.o(i.TIM_ClearITPendingBit)
    TIM_Cmd                                  0x080065ed   Thumb Code    24  stm32f10x_tim.o(i.TIM_Cmd)
    TIM_GetITStatus                          0x08006605   Thumb Code    34  stm32f10x_tim.o(i.TIM_GetITStatus)
    TIM_ITConfig                             0x08006627   Thumb Code    18  stm32f10x_tim.o(i.TIM_ITConfig)
    TIM_OC1Init                              0x08006639   Thumb Code   132  stm32f10x_tim.o(i.TIM_OC1Init)
    TIM_OC1PreloadConfig                     0x080066d1   Thumb Code    18  stm32f10x_tim.o(i.TIM_OC1PreloadConfig)
    TIM_SetAutoreload                        0x080066e3   Thumb Code     4  stm32f10x_tim.o(i.TIM_SetAutoreload)
    TIM_SetCompare1                          0x080066e7   Thumb Code     4  stm32f10x_tim.o(i.TIM_SetCompare1)
    TIM_TimeBaseInit                         0x080066ed   Thumb Code   122  stm32f10x_tim.o(i.TIM_TimeBaseInit)
    TIMx_Disable                             0x08006791   Thumb Code    14  timer.o(i.TIMx_Disable)
    Timer2_Pwm_Init                          0x080067a1   Thumb Code   212  timer.o(i.Timer2_Pwm_Init)
    Timer3_Pwm_Init                          0x0800687d   Thumb Code   204  timer.o(i.Timer3_Pwm_Init)
    Timer4_Pwm_Init                          0x08006955   Thumb Code   206  timer.o(i.Timer4_Pwm_Init)
    Timer5_Pwm_Init                          0x08006a2d   Thumb Code   188  timer.o(i.Timer5_Pwm_Init)
    Timer_Motor_Setup                        0x08006af1   Thumb Code    68  timer.o(i.Timer_Motor_Setup)
    UART4_IRQHandler                         0x08006b39   Thumb Code    22  usart.o(i.UART4_IRQHandler)
    USART1_IRQHandler                        0x08006b55   Thumb Code    64  usart.o(i.USART1_IRQHandler)
    USART_ClearFlag                          0x08006ba5   Thumb Code    18  stm32f10x_usart.o(i.USART_ClearFlag)
    USART_Cmd                                0x08006bb7   Thumb Code    24  stm32f10x_usart.o(i.USART_Cmd)
    USART_GetFlagStatus                      0x08006bcf   Thumb Code    26  stm32f10x_usart.o(i.USART_GetFlagStatus)
    USART_GetITStatus                        0x08006be9   Thumb Code    84  stm32f10x_usart.o(i.USART_GetITStatus)
    USART_ITConfig                           0x08006c3d   Thumb Code    74  stm32f10x_usart.o(i.USART_ITConfig)
    USART_Init                               0x08006c89   Thumb Code   210  stm32f10x_usart.o(i.USART_Init)
    USART_ReceiveData                        0x08006d61   Thumb Code    10  stm32f10x_usart.o(i.USART_ReceiveData)
    USART_SendData                           0x08006d6b   Thumb Code     8  stm32f10x_usart.o(i.USART_SendData)
    USB_LP_CAN1_RX0_IRQHandler               0x08006d75   Thumb Code    28  can.o(i.USB_LP_CAN1_RX0_IRQHandler)
    Usart1_Init                              0x08006da1   Thumb Code   194  usart.o(i.Usart1_Init)
    Usart1_Send_Data                         0x08006e6d   Thumb Code    46  usart.o(i.Usart1_Send_Data)
    XY_To_WorkStation                        0x08006ea1   Thumb Code   620  motiondispatch.o(i.XY_To_WorkStation)
    X_MotorParaConfig                        0x0800711d   Thumb Code   330  motiondispatch.o(i.X_MotorParaConfig)
    Y_MotorParaConfig                        0x0800727d   Thumb Code   332  motiondispatch.o(i.Y_MotorParaConfig)
    Z_MotorParaConfig                        0x080073dd   Thumb Code   232  motiondispatch.o(i.Z_MotorParaConfig)
    Z_To_WorkStation                         0x080074d9   Thumb Code   282  motiondispatch.o(i.Z_To_WorkStation)
    __0printf$3                              0x08007605   Thumb Code    22  printf3.o(i.__0printf$3)
    __1printf$3                              0x08007605   Thumb Code     0  printf3.o(i.__0printf$3)
    __2printf                                0x08007605   Thumb Code     0  printf3.o(i.__0printf$3)
    __scatterload_copy                       0x08007625   Thumb Code    14  handlers.o(i.__scatterload_copy)
    __scatterload_null                       0x08007633   Thumb Code     2  handlers.o(i.__scatterload_null)
    __scatterload_zeroinit                   0x08007635   Thumb Code    14  handlers.o(i.__scatterload_zeroinit)
    delay_init                               0x080077fd   Thumb Code    50  delay.o(i.delay_init)
    delay_ms                                 0x08007841   Thumb Code    72  delay.o(i.delay_ms)
    delay_us                                 0x0800788d   Thumb Code    72  delay.o(i.delay_us)
    fputc                                    0x080078d9   Thumb Code    24  usart.o(i.fputc)
    main                                     0x080078f5   Thumb Code    70  main.o(i.main)
    MotorResetPrar                           0x0800794c   Data         144  main_app.o(.constdata)
    chCRCHTalbe                              0x080079dc   Data         256  crc16.o(.constdata)
    chCRCLTalbe                              0x08007adc   Data         256  crc16.o(.constdata)
    FaultCmdTab                              0x08007bdc   Data         320  motiondispatch.o(.constdata)
    em_sw_set_flag_table                     0x08007d1c   Data           8  em_sw.o(.constdata)
    TIM_PWMS                                 0x08007d24   Data          16  timer.o(.constdata)
    Region$$Table$$Base                      0x08007f04   Number         0  anon$$obj.o(Region$$Table)
    Region$$Table$$Limit                     0x08007f24   Number         0  anon$$obj.o(Region$$Table)
    mindist_up_table                         0x20000000   Data         800  main_app.o(.data)
    mindist_down_table                       0x20000320   Data         800  main_app.o(.data)
    speed_up_table                           0x20000640   Data         800  main_app.o(.data)
    speed_down_table                         0x20000960   Data         800  main_app.o(.data)
    drv_lock_current                         0x20000c80   Data           8  main_app.o(.data)
    drv_runing_current                       0x20000c88   Data           8  main_app.o(.data)
    drv_level_buff                           0x20000c90   Data           8  main_app.o(.data)
    pct_trigger_mode                         0x20000c98   Data           8  main_app.o(.data)
    MotorTab                                 0x20000ca0   Data           4  main_app.o(.data)
    G_UART1_Receive_Count                    0x20000ca4   Data           2  main_app.o(.data)
    G_UART1_Receive_OK                       0x20000ca6   Data           1  main_app.o(.data)
    SendFrame                                0x20000cac   Data           7  main_app.o(.data)
    X_Debug_Position                         0x20000cb4   Data           4  pct_app.o(.data)
    Y_Debug_Position                         0x20000cb8   Data           4  pct_app.o(.data)
    Z_Debug_Position                         0x20000cbc   Data           4  pct_app.o(.data)
    Mix_Circle_Cnt                           0x20000cc0   Data           4  motiondispatch.o(.data)
    Mix_Max_Circle                           0x20000cc4   Data           4  motiondispatch.o(.data)
    CurrCaptureCupNum                        0x20000cc8   Data           4  motiondispatch.o(.data)
    ThrowCupNum                              0x20000ccc   Data           4  motiondispatch.o(.data)
    MixRunMaxPulse                           0x20000cd0   Data           4  motiondispatch.o(.data)
    CaptureCupExecuteStatus                  0x20000cd4   Data           1  motiondispatch.o(.data)
    CaptureFingerStatus                      0x20000cd5   Data           1  motiondispatch.o(.data)
    CabinEcttmStatus                         0x20000cd6   Data           1  motiondispatch.o(.data)
    SendOtherStatusInfoFlag                  0x20000cd7   Data           1  motiondispatch.o(.data)
    WorkParaCombine                          0x20000cd8   Data          78  motiondispatch.o(.data)
    CurrFaultLevel                           0x20000d26   Data           1  motiondispatch.o(.data)
    DispatchUnitFun                          0x20000d28   Data          16  motiondispatch.o(.data)
    Combine_Stage                            0x20000d38   Data           2  motiondispatch.o(.data)
    CurrComMotion                            0x20000d3a   Data           1  motiondispatch.o(.data)
    DebugComMotion                           0x20000d3b   Data           1  motiondispatch.o(.data)
    ComMotionFinishFlag                      0x20000d3c   Data           1  motiondispatch.o(.data)
    XYZFiner_Motion_Sel                      0x20000d40   Data          16  motiondispatch.o(.data)
    CAN_Cmd_Combine_Motion                   0x20000d50   Data         360  motiondispatch.o(.data)
    CanCmdList                               0x20000eb9   Data           1  motiondispatch.o(.data)
    UperComputerCmdTab                       0x20000eba   Data          16  motiondispatch.o(.data)
    SystemCoreClock                          0x20000ed0   Data           4  system_stm32f10x.o(.data)
    AHBPrescTable                            0x20000ed4   Data          16  system_stm32f10x.o(.data)
    can_flag                                 0x20000ee4   Data           1  can.o(.data)
    local_id                                 0x20000ee5   Data           1  can.o(.data)
    __stdout                                 0x20000eec   Data           4  usart.o(.data)
    em_sw_pwm_duty                           0x20000ef0   Data          10  timer.o(.data)
    EEPROM_ADDRESS                           0x20000efa   Data           1  iic.o(.data)
    osa_count                                0x20000efc   Data           2  pct_encoder.o(.data)
    osb_count                                0x20000efe   Data           2  pct_encoder.o(.data)
    osi_count                                0x20000f00   Data           2  pct_encoder.o(.data)
    pct_encoder_max                          0x20000f02   Data           2  pct_encoder.o(.data)
    count                                    0x20000f04   Data           2  pct_encoder.o(.data)
    xx                                       0x20000f06   Data           2  pct_encoder.o(.data)
    tim1_count                               0x20000f08   Data           2  pct_encoder.o(.data)
    motor_info                               0x20000f20   Data         336  main_app.o(.bss)
    Test_speed_up_table                      0x20001070   Data         200  main_app.o(.bss)
    Test_speed_down_table                    0x20001138   Data         200  main_app.o(.bss)
    G_UART1_Receive_Buff                     0x20001200   Data        1024  main_app.o(.bss)
    CapturePara                              0x20001600   Data          16  motiondispatch.o(.bss)
    CupDishCalibrationProperty               0x20001610   Data          12  motiondispatch.o(.bss)
    Mchine_Position                          0x2000161c   Data          24  motiondispatch.o(.bss)
    FingerPositionData                       0x20001634   Data          24  motiondispatch.o(.bss)
    Work_Para                                0x2000164c   Data         216  motiondispatch.o(.bss)
    SysCurrSataus                            0x20001724   Data          12  motiondispatch.o(.bss)
    ExecuteCmd                               0x20001730   Data          10  motiondispatch.o(.bss)
    RxMessage                                0x2000173c   Data          20  can.o(.bss)
    unpack_data                              0x20001750   Data          20  can.o(.bss)
    em_sw_ctrl_info                          0x20001764   Data          41  em_sw.o(.bss)
    __initial_sp                             0x20001f90   Data           0  startup_stm32f10x_xl.o(STACK)



==============================================================================

Memory Map of the image

  Image Entry point : 0x08000131

  Load Region LR_IROM1 (Base: 0x08000000, Size: 0x00008e44, Max: 0x00100000, ABSOLUTE, COMPRESSED[0x00008278])

    Execution Region ER_IROM1 (Base: 0x08000000, Size: 0x00007f24, Max: 0x00100000, ABSOLUTE)

    Base Addr    Size         Type   Attr      Idx    E Section Name        Object

    0x08000000   0x00000130   Data   RO          389    RESET               startup_stm32f10x_xl.o
    0x08000130   0x00000000   Code   RO         3431  * .ARM.Collect$$$$00000000  mc_w.l(entry.o)
    0x08000130   0x00000004   Code   RO         3765    .ARM.Collect$$$$00000001  mc_w.l(entry2.o)
    0x08000134   0x00000004   Code   RO         3768    .ARM.Collect$$$$00000004  mc_w.l(entry5.o)
    0x08000138   0x00000000   Code   RO         3770    .ARM.Collect$$$$00000008  mc_w.l(entry7b.o)
    0x08000138   0x00000000   Code   RO         3772    .ARM.Collect$$$$0000000A  mc_w.l(entry8b.o)
    0x08000138   0x00000008   Code   RO         3773    .ARM.Collect$$$$0000000B  mc_w.l(entry9a.o)
    0x08000140   0x00000000   Code   RO         3775    .ARM.Collect$$$$0000000D  mc_w.l(entry10a.o)
    0x08000140   0x00000000   Code   RO         3777    .ARM.Collect$$$$0000000F  mc_w.l(entry11a.o)
    0x08000140   0x00000004   Code   RO         3766    .ARM.Collect$$$$00002712  mc_w.l(entry2.o)
    0x08000144   0x00000024   Code   RO          390    .text               startup_stm32f10x_xl.o
    0x08000168   0x00000024   Code   RO         3434    .text               mc_w.l(memcpya.o)
    0x0800018c   0x00000024   Code   RO         3436    .text               mc_w.l(memseta.o)
    0x080001b0   0x0000000e   Code   RO         3438    .text               mc_w.l(strlen.o)
    0x080001be   0x00000012   Code   RO         3442    .text               mc_w.l(strcpy.o)
    0x080001d0   0x000000b0   Code   RO         3707    .text               mf_w.l(fadd.o)
    0x08000280   0x00000064   Code   RO         3709    .text               mf_w.l(fmul.o)
    0x080002e4   0x0000007c   Code   RO         3711    .text               mf_w.l(fdiv.o)
    0x08000360   0x000000e4   Code   RO         3715    .text               mf_w.l(dmul.o)
    0x08000444   0x000000de   Code   RO         3717    .text               mf_w.l(ddiv.o)
    0x08000522   0x00000012   Code   RO         3719    .text               mf_w.l(fflti.o)
    0x08000534   0x0000000a   Code   RO         3721    .text               mf_w.l(ffltui.o)
    0x0800053e   0x00000028   Code   RO         3727    .text               mf_w.l(ffixui.o)
    0x08000566   0x00000026   Code   RO         3731    .text               mf_w.l(f2d.o)
    0x0800058c   0x00000038   Code   RO         3733    .text               mf_w.l(d2f.o)
    0x080005c4   0x00000014   Code   RO         3735    .text               mf_w.l(cfcmple.o)
    0x080005d8   0x0000002c   Code   RO         3779    .text               mc_w.l(uidiv.o)
    0x08000604   0x0000001e   Code   RO         3783    .text               mc_w.l(llshl.o)
    0x08000622   0x00000020   Code   RO         3785    .text               mc_w.l(llushr.o)
    0x08000642   0x00000000   Code   RO         3796    .text               mc_w.l(iusefp.o)
    0x08000642   0x0000006e   Code   RO         3797    .text               mf_w.l(fepilogue.o)
    0x080006b0   0x000000ba   Code   RO         3799    .text               mf_w.l(depilogue.o)
    0x0800076a   0x00000002   PAD
    0x0800076c   0x00000024   Code   RO         3809    .text               mc_w.l(init.o)
    0x08000790   0x00000056   Code   RO         3823    .text               mc_w.l(__dczerorl2.o)
    0x080007e6   0x00000036   Code   RO         1004    i.AT24CXX_Check     四通道驱动板.lib(at24cxx.o)
    0x0800081c   0x00000064   Code   RO         1005    i.AT24CXX_Init      四通道驱动板.lib(at24cxx.o)
    0x08000880   0x00000014   Code   RO         1006    i.AT24CXX_Read      四通道驱动板.lib(at24cxx.o)
    0x08000894   0x0000003c   Code   RO         1007    i.AT24CXX_ReadLenByte  四通道驱动板.lib(at24cxx.o)
    0x080008d0   0x0000003c   Code   RO         1008    i.AT24CXX_ReadOneByte  四通道驱动板.lib(at24cxx.o)
    0x0800090c   0x00000034   Code   RO         1011    i.AT24CXX_WriteOneByte  四通道驱动板.lib(at24cxx.o)
    0x08000940   0x00000124   Code   RO         1064    i.CAN1_Mode_Init    四通道驱动板.lib(can.o)
    0x08000a64   0x00000108   Code   RO         1944    i.CAN_FilterInit    四通道驱动板.lib(stm32f10x_can.o)
    0x08000b6c   0x0000005c   Code   RO         1065    i.CAN_Get_Local_ID  四通道驱动板.lib(can.o)
    0x08000bc8   0x00000012   Code   RO         1950    i.CAN_ITConfig      四通道驱动板.lib(stm32f10x_can.o)
    0x08000bda   0x00000114   Code   RO         1951    i.CAN_Init          四通道驱动板.lib(stm32f10x_can.o)
    0x08000cee   0x00000012   Code   RO         1066    i.CAN_Mode_Init     四通道驱动板.lib(can.o)
    0x08000d00   0x00000042   Code   RO         1067    i.CAN_Package       四通道驱动板.lib(can.o)
    0x08000d42   0x000000f0   Code   RO         1954    i.CAN_Receive       四通道驱动板.lib(stm32f10x_can.o)
    0x08000e32   0x00000002   PAD
    0x08000e34   0x0000004c   Code   RO         1068    i.CAN_Send_Msg      四通道驱动板.lib(can.o)
    0x08000e80   0x00000126   Code   RO         1959    i.CAN_Transmit      四通道驱动板.lib(stm32f10x_can.o)
    0x08000fa6   0x00000002   PAD
    0x08000fa8   0x000000a0   Code   RO         1960    i.CAN_TransmitStatus  四通道驱动板.lib(stm32f10x_can.o)
    0x08001048   0x00000054   Code   RO         1069    i.CAN_Unpack        四通道驱动板.lib(can.o)
    0x0800109c   0x00000038   Code   RO          369    i.CRC16_1           crc16.o
    0x080010d4   0x00000014   Code   RO          397    i.CabinDisable      motiondispatch.o
    0x080010e8   0x00000014   Code   RO          398    i.CabinEnable       motiondispatch.o
    0x080010fc   0x00000020   Code   RO          400    i.CabinorEnable     motiondispatch.o
    0x0800111c   0x000000ec   Code   RO          401    i.CalMixMaxPoint    motiondispatch.o
    0x08001208   0x000000cc   Code   RO          402    i.CalRouteTotalPulse  motiondispatch.o
    0x080012d4   0x0000007c   Code   RO          404    i.CanSendData       motiondispatch.o
    0x08001350   0x00000078   Code   RO          405    i.CanSendWorkStationInfo  motiondispatch.o
    0x080013c8   0x000000d4   Code   RO          185    i.CombineReset      main_app.o
    0x0800149c   0x00000054   Code   RO          408    i.CupCaptureStatusJudge  motiondispatch.o
    0x080014f0   0x000000d0   Code   RO          409    i.CupDishPropertyConfig  motiondispatch.o
    0x080015c0   0x00000030   Code   RO         1733    i.DRV8711_Dir_Forward  四通道驱动板.lib(drv8711.o)
    0x080015f0   0x00000030   Code   RO         1734    i.DRV8711_Dir_Invert  四通道驱动板.lib(drv8711.o)
    0x08001620   0x00000038   Code   RO         1736    i.DRV8711_Enable    四通道驱动板.lib(drv8711.o)
    0x08001658   0x0000002c   Code   RO         1738    i.DRV8711_Get_Index_Level  四通道驱动板.lib(drv8711.o)
    0x08001684   0x00000056   Code   RO         1739    i.DRV8711_Init      四通道驱动板.lib(drv8711.o)
    0x080016da   0x00000002   PAD
    0x080016dc   0x0000001c   Code   RO         1740    i.DRV8711_Self_Lock  四通道驱动板.lib(drv8711.o)
    0x080016f8   0x00000078   Code   RO         1741    i.DRV8711_Set_Current  四通道驱动板.lib(drv8711.o)
    0x08001770   0x00000028   Code   RO         1742    i.DRV8711_Set_Decay  四通道驱动板.lib(drv8711.o)
    0x08001798   0x00000026   Code   RO         1743    i.DRV8711_Set_Gain  四通道驱动板.lib(drv8711.o)
    0x080017be   0x00000026   Code   RO         1744    i.DRV8711_Set_Index_Level  四通道驱动板.lib(drv8711.o)
    0x080017e4   0x00000026   Code   RO         1745    i.DRV8711_Set_Torque  四通道驱动板.lib(drv8711.o)
    0x0800180a   0x00000002   PAD
    0x0800180c   0x0000000c   Code   RO         1126    i.EM_SW_Get_Status  四通道驱动板.lib(em_sw.o)
    0x08001818   0x000000a4   Code   RO         1127    i.EM_SW_Init        四通道驱动板.lib(em_sw.o)
    0x080018bc   0x0000005c   Code   RO         1128    i.EM_SW_OUT         四通道驱动板.lib(em_sw.o)
    0x08001918   0x0000000e   Code   RO         1129    i.EM_SW_OUT_A       四通道驱动板.lib(em_sw.o)
    0x08001926   0x0000000e   Code   RO         1130    i.EM_SW_OUT_B       四通道驱动板.lib(em_sw.o)
    0x08001934   0x0000000e   Code   RO         1131    i.EM_SW_OUT_C       四通道驱动板.lib(em_sw.o)
    0x08001942   0x00000002   PAD
    0x08001944   0x0000002c   Code   RO         1132    i.EM_SW_OUT_COMMON_IO  四通道驱动板.lib(em_sw.o)
    0x08001970   0x0000000e   Code   RO         1133    i.EM_SW_OUT_D       四通道驱动板.lib(em_sw.o)
    0x0800197e   0x0000000e   Code   RO         1134    i.EM_SW_OUT_E       四通道驱动板.lib(em_sw.o)
    0x0800198c   0x0000000e   Code   RO         1135    i.EM_SW_OUT_F       四通道驱动板.lib(em_sw.o)
    0x0800199a   0x0000000e   Code   RO         1136    i.EM_SW_OUT_G       四通道驱动板.lib(em_sw.o)
    0x080019a8   0x0000000e   Code   RO         1137    i.EM_SW_OUT_H       四通道驱动板.lib(em_sw.o)
    0x080019b6   0x00000002   PAD
    0x080019b8   0x00000080   Code   RO         1139    i.EM_SW_Reset_IO    四通道驱动板.lib(em_sw.o)
    0x08001a38   0x00000080   Code   RO         1140    i.EM_SW_Set_IO      四通道驱动板.lib(em_sw.o)
    0x08001ab8   0x00000012   Code   RO         1254    i.EXTI0_IRQHandler  四通道驱动板.lib(pct.o)
    0x08001aca   0x00000070   Code   RO         1255    i.EXTI15_10_IRQHandler  四通道驱动板.lib(pct.o)
    0x08001b3a   0x00000012   Code   RO         1256    i.EXTI1_IRQHandler  四通道驱动板.lib(pct.o)
    0x08001b4c   0x00000012   Code   RO         1257    i.EXTI2_IRQHandler  四通道驱动板.lib(pct.o)
    0x08001b5e   0x00000016   Code   RO         1258    i.EXTI3_IRQHandler  四通道驱动板.lib(pct.o)
    0x08001b74   0x00000016   Code   RO         1259    i.EXTI4_IRQHandler  四通道驱动板.lib(pct.o)
    0x08001b8a   0x0000005a   Code   RO         1260    i.EXTI9_5_IRQHandler  四通道驱动板.lib(pct.o)
    0x08001be4   0x0000000c   Code   RO         2094    i.EXTI_ClearITPendingBit  四通道驱动板.lib(stm32f10x_exti.o)
    0x08001bf0   0x00000028   Code   RO         2098    i.EXTI_GetITStatus  四通道驱动板.lib(stm32f10x_exti.o)
    0x08001c18   0x00000094   Code   RO         2099    i.EXTI_Init         四通道驱动板.lib(stm32f10x_exti.o)
    0x08001cac   0x00000060   Code   RO          410    i.FingerOpen        motiondispatch.o
    0x08001d0c   0x00000020   Code   RO          412    i.Finger_Sw_Status  motiondispatch.o
    0x08001d2c   0x00000040   Code   RO         1521    i.GPIO_EXTILineConfig  四通道驱动板.lib(stm32f10x_gpio.o)
    0x08001d6c   0x00000116   Code   RO         1524    i.GPIO_Init         四通道驱动板.lib(stm32f10x_gpio.o)
    0x08001e82   0x00000002   PAD
    0x08001e84   0x00000090   Code   RO         1526    i.GPIO_PinRemapConfig  四通道驱动板.lib(stm32f10x_gpio.o)
    0x08001f14   0x00000012   Code   RO         1528    i.GPIO_ReadInputDataBit  四通道驱动板.lib(stm32f10x_gpio.o)
    0x08001f26   0x00000004   Code   RO         1531    i.GPIO_ResetBits    四通道驱动板.lib(stm32f10x_gpio.o)
    0x08001f2a   0x00000004   Code   RO         1532    i.GPIO_SetBits      四通道驱动板.lib(stm32f10x_gpio.o)
    0x08001f2e   0x00000002   PAD
    0x08001f30   0x00000070   Code   RO          295    i.GetAllPctStatus   pct_app.o
    0x08001fa0   0x00000126   Code   RO          413    i.GetCaptureCupOffset  motiondispatch.o
    0x080020c6   0x00000002   PAD
    0x080020c8   0x000007d0   Code   RO          414    i.GetCaptureCupPosition  motiondispatch.o
    0x08002898   0x000000d4   Code   RO          415    i.Go_Cup_To_HatchIn  motiondispatch.o
    0x0800296c   0x000000d4   Code   RO          416    i.Go_Cup_To_HatchOut  motiondispatch.o
    0x08002a40   0x000000d4   Code   RO          417    i.Go_Cup_To_Mix     motiondispatch.o
    0x08002b14   0x0000017c   Code   RO          418    i.Go_Cup_To_Wast1   motiondispatch.o
    0x08002c90   0x0000017c   Code   RO          419    i.Go_Cup_To_Wast2   motiondispatch.o
    0x08002e0c   0x00000158   Code   RO          420    i.Go_Curr_To_CaptureCup  motiondispatch.o
    0x08002f64   0x000000c0   Code   RO          421    i.Go_Curr_To_Origin  motiondispatch.o
    0x08003024   0x00000150   Code   RO          422    i.Go_Hatch_To_CupDish  motiondispatch.o
    0x08003174   0x000000e8   Code   RO          423    i.Go_Hatch_To_Mix   motiondispatch.o
    0x0800325c   0x0000010c   Code   RO          424    i.Go_Hatch_To_Waste  motiondispatch.o
    0x08003368   0x000000a8   Code   RO          425    i.Go_Lock_Cabin     motiondispatch.o
    0x08003410   0x000000b0   Code   RO          426    i.Go_Mix_Running    motiondispatch.o
    0x080034c0   0x000000e8   Code   RO          427    i.Go_Mix_To_HatchIn  motiondispatch.o
    0x080035a8   0x000000e8   Code   RO          428    i.Go_Mix_To_HatchOut  motiondispatch.o
    0x08003690   0x000000e8   Code   RO          429    i.Go_Mix_To_Wast1   motiondispatch.o
    0x08003778   0x000000e8   Code   RO          430    i.Go_Mix_To_Wast2   motiondispatch.o
    0x08003860   0x000000a8   Code   RO          431    i.Go_Open_Cabin     motiondispatch.o
    0x08003908   0x000000b4   Code   RO          432    i.Go_Orign_To_HatchIn  motiondispatch.o
    0x080039bc   0x000000cc   Code   RO          433    i.Go_Orign_To_HatchOut  motiondispatch.o
    0x08003a88   0x000000d4   Code   RO          434    i.Go_Orign_To_Mix   motiondispatch.o
    0x08003b5c   0x000000c0   Code   RO          435    i.Go_Orign_To_Waste1  motiondispatch.o
    0x08003c1c   0x000000d4   Code   RO          436    i.Go_Orign_To_Waste2  motiondispatch.o
    0x08003cf0   0x000000e0   Code   RO          437    i.Go_Orign_To_Waste_Throw_Cup  motiondispatch.o
    0x08003dd0   0x000000c0   Code   RO          438    i.Go_SendConfigPara  motiondispatch.o
    0x08003e90   0x000000b0   Code   RO          439    i.Go_SendStatusInfo  motiondispatch.o
    0x08003f40   0x000000b8   Code   RO          440    i.Go_SysSoftwareVersionCheck  motiondispatch.o
    0x08003ff8   0x000000c0   Code   RO          441    i.Go_Unload_Cup     motiondispatch.o
    0x080040b8   0x000000b4   Code   RO          442    i.Go_Waste_To_HatchIn  motiondispatch.o
    0x0800416c   0x000000b4   Code   RO          443    i.Go_Waste_To_HatchOut  motiondispatch.o
    0x08004220   0x00000018   Code   RO         2528    i.I2C_AcknowledgeConfig  四通道驱动板.lib(stm32f10x_i2c.o)
    0x08004238   0x0000002a   Code   RO         2530    i.I2C_CheckEvent    四通道驱动板.lib(stm32f10x_i2c.o)
    0x08004262   0x00000018   Code   RO         2533    i.I2C_Cmd           四通道驱动板.lib(stm32f10x_i2c.o)
    0x0800427a   0x00000018   Code   RO         2540    i.I2C_GenerateSTART  四通道驱动板.lib(stm32f10x_i2c.o)
    0x08004292   0x00000018   Code   RO         2541    i.I2C_GenerateSTOP  四通道驱动板.lib(stm32f10x_i2c.o)
    0x080042aa   0x0000003a   Code   RO         2542    i.I2C_GetFlagStatus  四通道驱动板.lib(stm32f10x_i2c.o)
    0x080042e4   0x000000ec   Code   RO         2547    i.I2C_Init          四通道驱动板.lib(stm32f10x_i2c.o)
    0x080043d0   0x00000008   Code   RO         2552    i.I2C_ReceiveData   四通道驱动板.lib(stm32f10x_i2c.o)
    0x080043d8   0x00000012   Code   RO         2554    i.I2C_Send7bitAddress  四通道驱动板.lib(stm32f10x_i2c.o)
    0x080043ea   0x00000004   Code   RO         2555    i.I2C_SendData      四通道驱动板.lib(stm32f10x_i2c.o)
    0x080043ee   0x00000002   PAD
    0x080043f0   0x0000010c   Code   RO         1818    i.IIC_EE_BufferRead  四通道驱动板.lib(iic.o)
    0x080044fc   0x000000a0   Code   RO         1820    i.IIC_EE_ByteWrite  四通道驱动板.lib(iic.o)
    0x0800459c   0x00000080   Code   RO         1823    i.IIC_Init          四通道驱动板.lib(iic.o)
    0x0800461c   0x00000054   Code   RO          188    i.Init              main_app.o
    0x08004670   0x0000003c   Code   RO          943    i.LED_Init          四通道驱动板.lib(led.o)
    0x080046ac   0x000000c4   Code   RO          444    i.MixMotor_ParaConfig  motiondispatch.o
    0x08004770   0x00000024   Code   RO          445    i.Mix_StartRun      motiondispatch.o
    0x08004794   0x000000d4   Code   RO          189    i.Motion_Init       main_app.o
    0x08004868   0x000000d4   Code   RO          190    i.Motion_Init_Return  main_app.o
    0x0800493c   0x000000d8   Code   RO          191    i.Motion_Output_Carbin  main_app.o
    0x08004a14   0x000000d0   Code   RO          447    i.MotorMotionConfig_Init  motiondispatch.o
    0x08004ae4   0x0000000c   Code   RO         1340    i.Motor_Enable      四通道驱动板.lib(step_motor.o)
    0x08004af0   0x000001c4   Code   RO         1341    i.Motor_Init        四通道驱动板.lib(step_motor.o)
    0x08004cb4   0x000003ec   Code   RO          192    i.Motor_Init_Motion  main_app.o
    0x080050a0   0x0000030c   Code   RO         1342    i.Motor_Motion_Setup  四通道驱动板.lib(step_motor.o)
    0x080053ac   0x0000004c   Code   RO         1632    i.Motor_PWM_Init    四通道驱动板.lib(timer.o)
    0x080053f8   0x0000000c   Code   RO         1343    i.Motor_Self_Lock   四通道驱动板.lib(step_motor.o)
    0x08005404   0x00000070   Code   RO         1482    i.NVIC_Init         四通道驱动板.lib(misc.o)
    0x08005474   0x00000014   Code   RO         1483    i.NVIC_PriorityGroupConfig  四通道驱动板.lib(misc.o)
    0x08005488   0x00000050   Code   RO          296    i.PCT_1_Handle      pct_app.o
    0x080054d8   0x00000054   Code   RO          297    i.PCT_2_Handle      pct_app.o
    0x0800552c   0x00000058   Code   RO          298    i.PCT_3_Handle      pct_app.o
    0x08005584   0x00000088   Code   RO          299    i.PCT_4_Handle      pct_app.o
    0x0800560c   0x00000002   Code   RO         1864    i.PCT_Encoder_Para_Init  四通道驱动板.lib(pct_encoder.o)
    0x0800560e   0x00000002   PAD
    0x08005610   0x0000008c   Code   RO         1265    i.PCT_Get_Status    四通道驱动板.lib(pct.o)
    0x0800569c   0x00000158   Code   RO         1266    i.PCT_Init          四通道驱动板.lib(pct.o)
    0x080057f4   0x00000020   Code   RO         2149    i.RCC_APB1PeriphClockCmd  四通道驱动板.lib(stm32f10x_rcc.o)
    0x08005814   0x00000020   Code   RO         2151    i.RCC_APB2PeriphClockCmd  四通道驱动板.lib(stm32f10x_rcc.o)
    0x08005834   0x000000d4   Code   RO         2159    i.RCC_GetClocksFreq  四通道驱动板.lib(stm32f10x_rcc.o)
    0x08005908   0x000000d8   Code   RO          448    i.ReportHardwaretatus  motiondispatch.o
    0x080059e0   0x00000118   Code   RO         1908    i.SPI1_Init         四通道驱动板.lib(spi.o)
    0x08005af8   0x000000d0   Code   RO         1909    i.SPI1_ReadWriteByte  四通道驱动板.lib(spi.o)
    0x08005bc8   0x00000018   Code   RO         2736    i.SPI_Cmd           四通道驱动板.lib(stm32f10x_spi.o)
    0x08005be0   0x00000012   Code   RO         2744    i.SPI_I2S_GetFlagStatus  四通道驱动板.lib(stm32f10x_spi.o)
    0x08005bf2   0x00000006   Code   RO         2747    i.SPI_I2S_ReceiveData  四通道驱动板.lib(stm32f10x_spi.o)
    0x08005bf8   0x00000004   Code   RO         2748    i.SPI_I2S_SendData  四通道驱动板.lib(stm32f10x_spi.o)
    0x08005bfc   0x0000003c   Code   RO         2749    i.SPI_Init          四通道驱动板.lib(stm32f10x_spi.o)
    0x08005c38   0x00000008   Code   RO          827    i.SetSysClock       四通道驱动板.lib(system_stm32f10x.o)
    0x08005c40   0x000000e0   Code   RO          828    i.SetSysClockTo72   四通道驱动板.lib(system_stm32f10x.o)
    0x08005d20   0x0000001c   Code   RO          453    i.StartMotorParaInit  motiondispatch.o
    0x08005d3c   0x00000040   Code   RO          454    i.SysInit           motiondispatch.o
    0x08005d7c   0x0000010c   Code   RO          455    i.SysParaInitConfig  motiondispatch.o
    0x08005e88   0x00000028   Code   RO         1486    i.SysTick_CLKSourceConfig  四通道驱动板.lib(misc.o)
    0x08005eb0   0x00000060   Code   RO          830    i.SystemInit        四通道驱动板.lib(system_stm32f10x.o)
    0x08005f10   0x00000148   Code   RO         1633    i.TIM2_IRQHandler   四通道驱动板.lib(timer.o)
    0x08006058   0x00000170   Code   RO         1634    i.TIM3_IRQHandler   四通道驱动板.lib(timer.o)
    0x080061c8   0x00000138   Code   RO         1635    i.TIM4_IRQHandler   四通道驱动板.lib(timer.o)
    0x08006300   0x00000170   Code   RO         1636    i.TIM5_IRQHandler   四通道驱动板.lib(timer.o)
    0x08006470   0x000000e8   Code   RO         1637    i.TIM6_IRQHandler   四通道驱动板.lib(timer.o)
    0x08006558   0x00000054   Code   RO         1638    i.TIM6_Init         四通道驱动板.lib(timer.o)
    0x080065ac   0x00000002   Code   RO         1639    i.TIM7_IRQHandler   四通道驱动板.lib(timer.o)
    0x080065ae   0x00000002   Code   RO         1868    i.TIM8_UP_TIM13_IRQHandler  四通道驱动板.lib(pct_encoder.o)
    0x080065b0   0x00000018   Code   RO         2879    i.TIM_ARRPreloadConfig  四通道驱动板.lib(stm32f10x_tim.o)
    0x080065c8   0x0000001e   Code   RO         2883    i.TIM_CCxCmd        四通道驱动板.lib(stm32f10x_tim.o)
    0x080065e6   0x00000006   Code   RO         2886    i.TIM_ClearITPendingBit  四通道驱动板.lib(stm32f10x_tim.o)
    0x080065ec   0x00000018   Code   RO         2891    i.TIM_Cmd           四通道驱动板.lib(stm32f10x_tim.o)
    0x08006604   0x00000022   Code   RO         2912    i.TIM_GetITStatus   四通道驱动板.lib(stm32f10x_tim.o)
    0x08006626   0x00000012   Code   RO         2916    i.TIM_ITConfig      四通道驱动板.lib(stm32f10x_tim.o)
    0x08006638   0x00000098   Code   RO         2920    i.TIM_OC1Init       四通道驱动板.lib(stm32f10x_tim.o)
    0x080066d0   0x00000012   Code   RO         2923    i.TIM_OC1PreloadConfig  四通道驱动板.lib(stm32f10x_tim.o)
    0x080066e2   0x00000004   Code   RO         2950    i.TIM_SetAutoreload  四通道驱动板.lib(stm32f10x_tim.o)
    0x080066e6   0x00000004   Code   RO         2952    i.TIM_SetCompare1   四通道驱动板.lib(stm32f10x_tim.o)
    0x080066ea   0x00000002   PAD
    0x080066ec   0x000000a4   Code   RO         2962    i.TIM_TimeBaseInit  四通道驱动板.lib(stm32f10x_tim.o)
    0x08006790   0x0000000e   Code   RO         1640    i.TIMx_Disable      四通道驱动板.lib(timer.o)
    0x0800679e   0x00000002   PAD
    0x080067a0   0x000000dc   Code   RO         1642    i.Timer2_Pwm_Init   四通道驱动板.lib(timer.o)
    0x0800687c   0x000000d8   Code   RO         1643    i.Timer3_Pwm_Init   四通道驱动板.lib(timer.o)
    0x08006954   0x000000d8   Code   RO         1644    i.Timer4_Pwm_Init   四通道驱动板.lib(timer.o)
    0x08006a2c   0x000000c4   Code   RO         1645    i.Timer5_Pwm_Init   四通道驱动板.lib(timer.o)
    0x08006af0   0x00000048   Code   RO         1646    i.Timer_Motor_Setup  四通道驱动板.lib(timer.o)
    0x08006b38   0x0000001c   Code   RO         1402    i.UART4_IRQHandler  四通道驱动板.lib(usart.o)
    0x08006b54   0x00000050   Code   RO         1403    i.USART1_IRQHandler  四通道驱动板.lib(usart.o)
    0x08006ba4   0x00000012   Code   RO         2347    i.USART_ClearFlag   四通道驱动板.lib(stm32f10x_usart.o)
    0x08006bb6   0x00000018   Code   RO         2351    i.USART_Cmd         四通道驱动板.lib(stm32f10x_usart.o)
    0x08006bce   0x0000001a   Code   RO         2354    i.USART_GetFlagStatus  四通道驱动板.lib(stm32f10x_usart.o)
    0x08006be8   0x00000054   Code   RO         2355    i.USART_GetITStatus  四通道驱动板.lib(stm32f10x_usart.o)
    0x08006c3c   0x0000004a   Code   RO         2357    i.USART_ITConfig    四通道驱动板.lib(stm32f10x_usart.o)
    0x08006c86   0x00000002   PAD
    0x08006c88   0x000000d8   Code   RO         2358    i.USART_Init        四通道驱动板.lib(stm32f10x_usart.o)
    0x08006d60   0x0000000a   Code   RO         2365    i.USART_ReceiveData  四通道驱动板.lib(stm32f10x_usart.o)
    0x08006d6a   0x00000008   Code   RO         2368    i.USART_SendData    四通道驱动板.lib(stm32f10x_usart.o)
    0x08006d72   0x00000002   PAD
    0x08006d74   0x0000002c   Code   RO         1070    i.USB_LP_CAN1_RX0_IRQHandler  四通道驱动板.lib(can.o)
    0x08006da0   0x000000cc   Code   RO         1406    i.Usart1_Init       四通道驱动板.lib(usart.o)
    0x08006e6c   0x00000034   Code   RO         1407    i.Usart1_Send_Data  四通道驱动板.lib(usart.o)
    0x08006ea0   0x0000027c   Code   RO          457    i.XY_To_WorkStation  motiondispatch.o
    0x0800711c   0x00000160   Code   RO          458    i.X_MotorParaConfig  motiondispatch.o
    0x0800727c   0x00000160   Code   RO          459    i.Y_MotorParaConfig  motiondispatch.o
    0x080073dc   0x000000fc   Code   RO          460    i.Z_MotorParaConfig  motiondispatch.o
    0x080074d8   0x0000012c   Code   RO          461    i.Z_To_WorkStation  motiondispatch.o
    0x08007604   0x00000020   Code   RO         3535    i.__0printf$3       mc_w.l(printf3.o)
    0x08007624   0x0000000e   Code   RO         3817    i.__scatterload_copy  mc_w.l(handlers.o)
    0x08007632   0x00000002   Code   RO         3818    i.__scatterload_null  mc_w.l(handlers.o)
    0x08007634   0x0000000e   Code   RO         3819    i.__scatterload_zeroinit  mc_w.l(handlers.o)
    0x08007642   0x00000002   PAD
    0x08007644   0x000001b8   Code   RO         3542    i._printf_core      mc_w.l(printf3.o)
    0x080077fc   0x00000044   Code   RO         1376    i.delay_init        四通道驱动板.lib(delay.o)
    0x08007840   0x0000004c   Code   RO         1377    i.delay_ms          四通道驱动板.lib(delay.o)
    0x0800788c   0x0000004c   Code   RO         1378    i.delay_us          四通道驱动板.lib(delay.o)
    0x080078d8   0x0000001c   Code   RO         1411    i.fputc             四通道驱动板.lib(usart.o)
    0x080078f4   0x00000058   Code   RO            2    i.main              main.o
    0x0800794c   0x00000090   Data   RO          200    .constdata          main_app.o
    0x080079dc   0x00000200   Data   RO          370    .constdata          crc16.o
    0x08007bdc   0x00000140   Data   RO          463    .constdata          motiondispatch.o
    0x08007d1c   0x00000008   Data   RO         1142    .constdata          四通道驱动板.lib(em_sw.o)
    0x08007d24   0x00000010   Data   RO         1647    .constdata          四通道驱动板.lib(timer.o)
    0x08007d34   0x00000004   Data   RO          201    .conststring        main_app.o
    0x08007d38   0x000001cb   Data   RO          464    .conststring        motiondispatch.o
    0x08007f03   0x00000001   PAD
    0x08007f04   0x00000020   Data   RO         3815    Region$$Table       anon$$obj.o


    Execution Region RW_IRAM1 (Base: 0x20000000, Size: 0x00001f90, Max: 0x00018000, ABSOLUTE, COMPRESSED[0x00000354])

    Base Addr    Size         Type   Attr      Idx    E Section Name        Object

    0x20000000   0x00000cb3   Data   RW          202    .data               main_app.o
    0x20000cb3   0x00000001   PAD
    0x20000cb4   0x0000000c   Data   RW          304    .data               pct_app.o
    0x20000cc0   0x0000020d   Data   RW          465    .data               motiondispatch.o
    0x20000ecd   0x00000003   PAD
    0x20000ed0   0x00000014   Data   RW          831    .data               四通道驱动板.lib(system_stm32f10x.o)
    0x20000ee4   0x00000002   Data   RW         1072    .data               四通道驱动板.lib(can.o)
    0x20000ee6   0x00000004   Data   RW         1379    .data               四通道驱动板.lib(delay.o)
    0x20000eea   0x00000002   PAD
    0x20000eec   0x00000004   Data   RW         1413    .data               四通道驱动板.lib(usart.o)
    0x20000ef0   0x0000000a   Data   RW         1648    .data               四通道驱动板.lib(timer.o)
    0x20000efa   0x00000001   Data   RW         1824    .data               四通道驱动板.lib(iic.o)
    0x20000efb   0x00000001   PAD
    0x20000efc   0x0000000e   Data   RW         1869    .data               四通道驱动板.lib(pct_encoder.o)
    0x20000f0a   0x00000014   Data   RW         2179    .data               四通道驱动板.lib(stm32f10x_rcc.o)
    0x20000f1e   0x00000002   PAD
    0x20000f20   0x000006e0   Zero   RW          199    .bss                main_app.o
    0x20001600   0x0000013a   Zero   RW          462    .bss                motiondispatch.o
    0x2000173a   0x00000002   PAD
    0x2000173c   0x00000028   Zero   RW         1071    .bss                四通道驱动板.lib(can.o)
    0x20001764   0x00000029   Zero   RW         1141    .bss                四通道驱动板.lib(em_sw.o)
    0x2000178d   0x00000003   PAD
    0x20001790   0x00000800   Zero   RW          387    STACK               startup_stm32f10x_xl.o


==============================================================================

Image component sizes


      Code (inc. data)   RO Data    RW Data    ZI Data      Debug   Object Name

        56          8        512          0          0       1440   crc16.o
        88         18          0          0          0     228983   main.o
      1940         62        148       3251       1760       6675   main_app.o
     12914        742        779        525        314      58657   motiondispatch.o
       500         66          0         12          0       3263   pct_app.o
        36          8        304          0       2048        916   startup_stm32f10x_xl.o

    ----------------------------------------------------------------------
     15536        904       1776       3792       4124     299934   Object Totals
         0          0         32          0          0          0   (incl. Generated)
         2          0          1          4          2          0   (incl. Padding)

    ----------------------------------------------------------------------

      Code (inc. data)   RO Data    RW Data    ZI Data      Debug   Library Member Name

        86          0          0          0          0          0   __dczerorl2.o
         0          0          0          0          0          0   entry.o
         0          0          0          0          0          0   entry10a.o
         0          0          0          0          0          0   entry11a.o
         8          4          0          0          0          0   entry2.o
         4          0          0          0          0          0   entry5.o
         0          0          0          0          0          0   entry7b.o
         0          0          0          0          0          0   entry8b.o
         8          4          0          0          0          0   entry9a.o
        30          0          0          0          0          0   handlers.o
        36          8          0          0          0         68   init.o
         0          0          0          0          0          0   iusefp.o
        30          0          0          0          0         68   llshl.o
        32          0          0          0          0         68   llushr.o
        36          0          0          0          0         68   memcpya.o
        36          0          0          0          0        108   memseta.o
       472         14          0          0          0        184   printf3.o
        18          0          0          0          0         68   strcpy.o
        14          0          0          0          0         68   strlen.o
        44          0          0          0          0         80   uidiv.o
        20          0          0          0          0         68   cfcmple.o
        56          0          0          0          0         88   d2f.o
       222          0          0          0          0        100   ddiv.o
       186          0          0          0          0        176   depilogue.o
       228          0          0          0          0         96   dmul.o
        38          0          0          0          0         68   f2d.o
       176          0          0          0          0        140   fadd.o
       124          0          0          0          0         88   fdiv.o
       110          0          0          0          0        168   fepilogue.o
        40          0          0          0          0         68   ffixui.o
        18          0          0          0          0         68   fflti.o
        10          0          0          0          0         68   ffltui.o
       100          0          0          0          0         76   fmul.o
       346         38          0          0          0       3809   at24cxx.o
       672         46          0          2         40       5649   can.o
       220         26          0          4          0       1667   delay.o
       584         32          0          0          0       6417   drv8711.o
       680         62          8          0         41      12077   em_sw.o
       556         54          0          1          0       2415   iic.o
        60          6          0          0          0     216191   led.o
       172         22          0          0          0       1921   misc.o
       784         32          0          0          0       4759   pct.o
         4          0          0         14          0       1411   pct_encoder.o
       488         36          0          0          0       1317   spi.o
      1256         48          0          0          0       2463   step_motor.o
      1252         28          0          0          0       4853   stm32f10x_can.o
       200         18          0          0          0       1972   stm32f10x_exti.o
       512         10          0          0          0       4872   stm32f10x_gpio.o
       462         14          0          0          0       7348   stm32f10x_i2c.o
       276         32          0         20          0       4286   stm32f10x_rcc.o
       112          0          0          0          0       3634   stm32f10x_spi.o
       478         62          0          0          0       6749   stm32f10x_tim.o
       460          6          0          0          0       6419   stm32f10x_usart.o
       328         28          0         20          0      63325   system_stm32f10x.o
      2704         94         16         10          0       9492   timer.o
       392         42          0          4          0       4682   usart.o

    ----------------------------------------------------------------------
     15212        766         24         80         84     379780   Library Totals
        32          0          0          5          3          0   (incl. Padding)

    ----------------------------------------------------------------------

      Code (inc. data)   RO Data    RW Data    ZI Data      Debug   Library Name

       854         30          0          0          0        780   mc_w.l
      1328          0          0          0          0       1272   mf_w.l
     12998        736         24         75         81     377728   四通道驱动板.lib

    ----------------------------------------------------------------------
     15212        766         24         80         84     379780   Library Totals

    ----------------------------------------------------------------------

==============================================================================


      Code (inc. data)   RO Data    RW Data    ZI Data      Debug   

     30748       1670       1800       3872       4208     668402   Grand Totals
     30748       1670       1800        852       4208     668402   ELF Image Totals (compressed)
     30748       1670       1800        852          0          0   ROM Totals

==============================================================================

    Total RO  Size (Code + RO Data)                32548 (  31.79kB)
    Total RW  Size (RW Data + ZI Data)              8080 (   7.89kB)
    Total ROM Size (Code + RO Data + RW Data)      33400 (  32.62kB)

==============================================================================

