Component: ARM Compiler 5.06 update 1 (build 61) Tool: armlink [4d35a8]

==============================================================================

Section Cross References

    main.o(i.Test_Pct_Status) refers to stm32f10x_gpio.o(i.GPIO_ReadInputDataBit) for GPIO_ReadInputDataBit
    main.o(i.Test_Pct_Status) refers to noretval__2printf.o(.text) for __2printf
    main.o(i.Test_Pct_Status) refers to main.o(.conststring) for .conststring
    main.o(i.main) refers to _printf_percent.o(.ARM.Collect$$_printf_percent$$00000000) for _printf_percent
    main.o(i.main) refers to _printf_d.o(.ARM.Collect$$_printf_percent$$00000009) for _printf_d
    main.o(i.main) refers to _printf_dec.o(.text) for _printf_int_dec
    main.o(i.main) refers to main_app.o(i.Init) for Init
    main.o(i.main) refers to main_app.o(i.CombineReset) for CombineReset
    main.o(i.main) refers to motiondispatch.o(i.SysInit) for SysInit
    main.o(i.main) refers to delay.o(i.delay_ms) for delay_ms
    main.o(i.main) refers to usart.o(i.Usart1_Send_Data) for Usart1_Send_Data
    main.o(i.main) refers to noretval__2printf.o(.text) for __2printf
    main_app.o(i.Analyze_USART_Receive_Data) refers to memcmp.o(.text) for memcmp
    main_app.o(i.Analyze_USART_Receive_Data) refers to main_app.o(.data) for local_address1
    main_app.o(i.Can_Receiver_Analyze) refers to main_app.o(i.Test_SW_Status) for Test_SW_Status
    main_app.o(i.CombineReset) refers to main_app.o(i.Motor_Init_Motion) for Motor_Init_Motion
    main_app.o(i.CombineReset) refers to delay.o(i.delay_ms) for delay_ms
    main_app.o(i.CombineReset) refers to main_app.o(.data) for MotorTab
    main_app.o(i.Create_Speed_Change_Table) refers to _printf_percent.o(.ARM.Collect$$_printf_percent$$00000000) for _printf_percent
    main_app.o(i.Create_Speed_Change_Table) refers to _printf_d.o(.ARM.Collect$$_printf_percent$$00000009) for _printf_d
    main_app.o(i.Create_Speed_Change_Table) refers to _printf_dec.o(.text) for _printf_int_dec
    main_app.o(i.Create_Speed_Change_Table) refers to dflt_clz.o(x$fpl$dfltu) for __aeabi_ui2d
    main_app.o(i.Create_Speed_Change_Table) refers to dmul.o(x$fpl$dmul) for __aeabi_dmul
    main_app.o(i.Create_Speed_Change_Table) refers to ddiv.o(x$fpl$ddiv) for __aeabi_ddiv
    main_app.o(i.Create_Speed_Change_Table) refers to cos.o(i.cos) for cos
    main_app.o(i.Create_Speed_Change_Table) refers to daddsub_clz.o(x$fpl$dadd) for __aeabi_dadd
    main_app.o(i.Create_Speed_Change_Table) refers to dflt_clz.o(x$fpl$dflt) for __aeabi_i2d
    main_app.o(i.Create_Speed_Change_Table) refers to dfixu.o(x$fpl$dfixu) for __aeabi_d2uiz
    main_app.o(i.Create_Speed_Change_Table) refers to noretval__2printf.o(.text) for __2printf
    main_app.o(i.Create_Speed_Change_Table) refers to delay.o(i.delay_ms) for delay_ms
    main_app.o(i.Create_Speed_Change_Table) refers to main_app.o(.bss) for Test_speed_up_table
    main_app.o(i.GetUsartData) refers to main_app.o(i.Analyze_USART_Receive_Data) for Analyze_USART_Receive_Data
    main_app.o(i.GetUsartData) refers to rt_memclr_w.o(.text) for __aeabi_memclr4
    main_app.o(i.GetUsartData) refers to main_app.o(.data) for G_UART1_Receive_OK
    main_app.o(i.GetUsartData) refers to main_app.o(.bss) for G_UART1_Receive_Buff
    main_app.o(i.Init) refers to delay.o(i.delay_init) for delay_init
    main_app.o(i.Init) refers to misc.o(i.NVIC_PriorityGroupConfig) for NVIC_PriorityGroupConfig
    main_app.o(i.Init) refers to usart.o(i.Usart1_Init) for Usart1_Init
    main_app.o(i.Init) refers to led.o(i.LED_Init) for LED_Init
    main_app.o(i.Init) refers to at24cxx.o(i.AT24CXX_Init) for AT24CXX_Init
    main_app.o(i.Init) refers to can.o(i.CAN_Mode_Init) for CAN_Mode_Init
    main_app.o(i.Init) refers to em_sw.o(i.EM_SW_Init) for EM_SW_Init
    main_app.o(i.Init) refers to pct.o(i.PCT_Init) for PCT_Init
    main_app.o(i.Init) refers to step_motor.o(i.Motor_Init) for Motor_Init
    main_app.o(i.Init) refers to stm32f10x_gpio.o(i.GPIO_ResetBits) for GPIO_ResetBits
    main_app.o(i.Init) refers to delay.o(i.delay_ms) for delay_ms
    main_app.o(i.Init) refers to stm32f10x_gpio.o(i.GPIO_SetBits) for GPIO_SetBits
    main_app.o(i.Init) refers to motiondispatch.o(i.CabinorEnable) for CabinorEnable
    main_app.o(i.Motion_Init) refers to step_motor.o(i.Motor_Motion_Setup) for Motor_Motion_Setup
    main_app.o(i.Motion_Init) refers to main_app.o(.bss) for motor_info
    main_app.o(i.Motion_Init_Return) refers to step_motor.o(i.Motor_Motion_Setup) for Motor_Motion_Setup
    main_app.o(i.Motion_Init_Return) refers to main_app.o(.bss) for motor_info
    main_app.o(i.Motion_Output_Carbin) refers to step_motor.o(i.Motor_Motion_Setup) for Motor_Motion_Setup
    main_app.o(i.Motion_Output_Carbin) refers to main_app.o(.bss) for motor_info
    main_app.o(i.Motor_Init_Motion) refers to pct.o(i.PCT_Get_Status) for PCT_Get_Status
    main_app.o(i.Motor_Init_Motion) refers to delay.o(i.delay_ms) for delay_ms
[...]
    Stage                                    0x20000ed2   Data           1  motiondispatch.o(.data)
    .data                                    0x20000ed3   Section        2  can.o(.data)
    .data                                    0x20000ed6   Section        4  delay.o(.data)
    fac_us                                   0x20000ed6   Data           1  delay.o(.data)
    fac_ms                                   0x20000ed8   Data           2  delay.o(.data)
    .data                                    0x20000edc   Section        4  usart.o(.data)
    .data                                    0x20000ee0   Section       20  system_stm32f10x.o(.data)
    .data                                    0x20000ef4   Section       10  timer.o(.data)
    .data                                    0x20000efe   Section        1  iic.o(.data)
    .data                                    0x20000f00   Section       14  pct_encoder.o(.data)
    .data                                    0x20000f0e   Section       20  stm32f10x_rcc.o(.data)
    APBAHBPrescTable                         0x20000f0e   Data          16  stm32f10x_rcc.o(.data)
    ADCPrescTable                            0x20000f1e   Data           4  stm32f10x_rcc.o(.data)
    .bss                                     0x20000f24   Section     1760  main_app.o(.bss)
    .bss                                     0x20001604   Section      298  motiondispatch.o(.bss)
    .bss                                     0x20001730   Section       40  can.o(.bss)
    .bss                                     0x20001758   Section       41  em_sw.o(.bss)
    .bss                                     0x20001784   Section       96  libspace.o(.bss)
    HEAP                                     0x200017e8   Section      512  startup_stm32f10x_xl.o(HEAP)
    Heap_Mem                                 0x200017e8   Data         512  startup_stm32f10x_xl.o(HEAP)
    STACK                                    0x200019e8   Section     1024  startup_stm32f10x_xl.o(STACK)
    Stack_Mem                                0x200019e8   Data        1024  startup_stm32f10x_xl.o(STACK)
    __initial_sp                             0x20001de8   Data           0  startup_stm32f10x_xl.o(STACK)

    Global Symbols

    Symbol Name                              Value     Ov Type        Size  Object(Section)

    BuildAttributes$$THM_ISAv4$P$D$K$B$S$PE$A:L22UL41UL21$X:L11$S22US41US21$IEEE1$IW$USESV6$~STKCKD$USESV7$~SHL$OTIME$ROPI$IEEEX$EBA8$UX$STANDARDLIB$REQ8$PRES8$EABIv2 0x00000000   Number         0  anon$$obj.o ABSOLUTE
    __ARM_use_no_argv                        0x00000000   Number         0  main.o ABSOLUTE
    __ARM_exceptions_init                     - Undefined Weak Reference
    __alloca_initialize                       - Undefined Weak Reference
    __arm_preinit_                            - Undefined Weak Reference
    __cpp_initialize__aeabi_                  - Undefined Weak Reference
    __cxa_finalize                            - Undefined Weak Reference
    __rt_locale                               - Undefined Weak Reference
    __sigvec_lookup                           - Undefined Weak Reference
    _atexit_init                              - Undefined Weak Reference
    _call_atexit_fns                          - Undefined Weak Reference
    _clock_init                               - Undefined Weak Reference
    _fp_trap_init                             - Undefined Weak Reference
    _fp_trap_shutdown                         - Undefined Weak Reference
    _get_lc_collate                           - Undefined Weak Reference
    _get_lc_ctype                             - Undefined Weak Reference
    _get_lc_monetary                          - Undefined Weak Reference
    _get_lc_numeric                           - Undefined Weak Reference
    _get_lc_time                              - Undefined Weak Reference
    _getenv_init                              - Undefined Weak Reference
    _handle_redirection                       - Undefined Weak Reference
    _init_alloc                               - Undefined Weak Reference
    _init_user_alloc                          - Undefined Weak Reference
    _initio                                   - Undefined Weak Reference
    _mutex_acquire                            - Undefined Weak Reference
    _mutex_release                            - Undefined Weak Reference
    _printf_mbtowc                            - Undefined Weak Reference
    _printf_post_padding                      - Undefined Weak Reference
    _printf_pre_padding                       - Undefined Weak Reference
    _printf_truncate_signed                   - Undefined Weak Reference
    _printf_truncate_unsigned                 - Undefined Weak Reference
    _rand_init                                - Undefined Weak Reference
    _signal_finish                            - Undefined Weak Reference
    _signal_init                              - Undefined Weak Reference
    _terminate_alloc                          - Undefined Weak Reference
    _terminate_user_alloc                     - Undefined Weak Reference
    _terminateio                              - Undefined Weak Reference
    __Vectors_Size                           0x00000130   Number         0  startup_stm32f10x_xl.o ABSOLUTE
    __Vectors                                0x08000000   Data           4  startup_stm32f10x_xl.o(RESET)
    __Vectors_End                            0x08000130   Data           0  startup_stm32f10x_xl.o(RESET)
    __main                                   0x08000131   Thumb Code     8  __main.o(!!!main)
    __scatterload                            0x08000139   Thumb Code     0  __scatter.o(!!!scatter)
    __scatterload_rt2                        0x08000139   Thumb Code    44  __scatter.o(!!!scatter)
    __scatterload_rt2_thumb_only             0x08000139   Thumb Code     0  __scatter.o(!!!scatter)
    __scatterload_null                       0x08000147   Thumb Code     0  __scatter.o(!!!scatter)
    __decompress                             0x0800016d   Thumb Code   100  __dclz77c.o(!!dclz77c)
    __decompress2                            0x0800016d   Thumb Code     0  __dclz77c.o(!!dclz77c)
    __scatterload_zeroinit                   0x080001d1   Thumb Code    28  __scatter_zi.o(!!handler_zi)
    _printf_d                                0x080001ed   Thumb Code     0  _printf_d.o(.ARM.Collect$$_printf_percent$$00000009)
    _printf_percent                          0x080001ed   Thumb Code     0  _printf_percent.o(.ARM.Collect$$_printf_percent$$00000000)
    _printf_percent_end                      0x080001f3   Thumb Code     0  _printf_percent_end.o(.ARM.Collect$$_printf_percent$$00000017)
    __rt_lib_init                            0x080001f7   Thumb Code     0  libinit.o(.ARM.Collect$$libinit$$00000000)
    __rt_lib_init_alloca_1                   0x080001f9   Thumb Code     0  libinit2.o(.ARM.Collect$$libinit$$0000002E)
    __rt_lib_init_argv_1                     0x080001f9   Thumb Code     0  libinit2.o(.ARM.Collect$$libinit$$0000002C)
    __rt_lib_init_atexit_1                   0x080001f9   Thumb Code     0  libinit2.o(.ARM.Collect$$libinit$$0000001B)
    __rt_lib_init_clock_1                    0x080001f9   Thumb Code     0  libinit2.o(.ARM.Collect$$libinit$$00000021)
    __rt_lib_init_cpp_1                      0x080001f9   Thumb Code     0  libinit2.o(.ARM.Collect$$libinit$$00000032)
    __rt_lib_init_exceptions_1               0x080001f9   Thumb Code     0  libinit2.o(.ARM.Collect$$libinit$$00000030)
    __rt_lib_init_fp_1                       0x080001f9   Thumb Code     0  libinit2.o(.ARM.Collect$$libinit$$00000002)
    __rt_lib_init_fp_trap_1                  0x080001f9   Thumb Code     0  libinit2.o(.ARM.Collect$$libinit$$0000001F)
    __rt_lib_init_getenv_1                   0x080001f9   Thumb Code     0  libinit2.o(.ARM.Collect$$libinit$$00000023)
    __rt_lib_init_heap_1                     0x080001f9   Thumb Code     0  libinit2.o(.ARM.Collect$$libinit$$0000000A)
    __rt_lib_init_lc_collate_1               0x080001f9   Thumb Code     0  libinit2.o(.ARM.Collect$$libinit$$00000011)
    __rt_lib_init_lc_ctype_1                 0x080001f9   Thumb Code     0  libinit2.o(.ARM.Collect$$libinit$$00000013)
    __rt_lib_init_lc_monetary_1              0x080001f9   Thumb Code     0  libinit2.o(.ARM.Collect$$libinit$$00000015)
    __rt_lib_init_lc_numeric_1               0x080001f9   Thumb Code     0  libinit2.o(.ARM.Collect$$libinit$$00000017)
    __rt_lib_init_lc_time_1                  0x080001f9   Thumb Code     0  libinit2.o(.ARM.Collect$$libinit$$00000019)
    __rt_lib_init_preinit_1                  0x080001f9   Thumb Code     0  libinit2.o(.ARM.Collect$$libinit$$00000004)
    __rt_lib_init_rand_1                     0x080001f9   Thumb Code     0  libinit2.o(.ARM.Collect$$libinit$$0000000E)
    __rt_lib_init_return                     0x080001f9   Thumb Code     0  libinit2.o(.ARM.Collect$$libinit$$00000033)
    __rt_lib_init_signal_1                   0x080001f9   Thumb Code     0  libinit2.o(.ARM.Collect$$libinit$$0000001D)
    __rt_lib_init_stdio_1                    0x080001f9   Thumb Code     0  libinit2.o(.ARM.Collect$$libinit$$00000025)
    __rt_lib_init_user_alloc_1               0x080001f9   Thumb Code     0  libinit2.o(.ARM.Collect$$libinit$$0000000C)
    __rt_lib_shutdown                        0x080001fb   Thumb Code     0  libshutdown.o(.ARM.Collect$$libshutdown$$00000000)
    __rt_lib_shutdown_cpp_1                  0x080001fd   Thumb Code     0  libshutdown2.o(.ARM.Collect$$libshutdown$$00000002)
    __rt_lib_shutdown_fp_trap_1              0x080001fd   Thumb Code     0  libshutdown2.o(.ARM.Collect$$libshutdown$$00000007)
    __rt_lib_shutdown_heap_1                 0x080001fd   Thumb Code     0  libshutdown2.o(.ARM.Collect$$libshutdown$$0000000F)
    __rt_lib_shutdown_return                 0x080001fd   Thumb Code     0  libshutdown2.o(.ARM.Collect$$libshutdown$$00000010)
    __rt_lib_shutdown_signal_1               0x080001fd   Thumb Code     0  libshutdown2.o(.ARM.Collect$$libshutdown$$0000000A)
    __rt_lib_shutdown_stdio_1                0x080001fd   Thumb Code     0  libshutdown2.o(.ARM.Collect$$libshutdown$$00000004)
    __rt_lib_shutdown_user_alloc_1           0x080001fd   Thumb Code     0  libshutdown2.o(.ARM.Collect$$libshutdown$$0000000C)
    __rt_entry                               0x080001ff   Thumb Code     0  __rtentry.o(.ARM.Collect$$rtentry$$00000000)
    __rt_entry_presh_1                       0x080001ff   Thumb Code     0  __rtentry2.o(.ARM.Collect$$rtentry$$00000002)
    __rt_entry_sh                            0x080001ff   Thumb Code     0  __rtentry4.o(.ARM.Collect$$rtentry$$00000004)
    __rt_entry_li                            0x08000205   Thumb Code     0  __rtentry2.o(.ARM.Collect$$rtentry$$0000000A)
    __rt_entry_postsh_1                      0x08000205   Thumb Code     0  __rtentry2.o(.ARM.Collect$$rtentry$$00000009)
    __rt_entry_main                          0x08000209   Thumb Code     0  __rtentry2.o(.ARM.Collect$$rtentry$$0000000D)
    __rt_entry_postli_1                      0x08000209   Thumb Code     0  __rtentry2.o(.ARM.Collect$$rtentry$$0000000C)
    __rt_exit                                0x08000211   Thumb Code     0  rtexit.o(.ARM.Collect$$rtexit$$00000000)
    __rt_exit_ls                             0x08000213   Thumb Code     0  rtexit2.o(.ARM.Collect$$rtexit$$00000003)
    __rt_exit_prels_1                        0x08000213   Thumb Code     0  rtexit2.o(.ARM.Collect$$rtexit$$00000002)
    __rt_exit_exit                           0x08000217   Thumb Code     0  rtexit2.o(.ARM.Collect$$rtexit$$00000004)
    __use_no_semihosting                     0x0800021d   Thumb Code     2  use_no_semi_2.o(.text)
    __2printf                                0x08000221   Thumb Code    20  noretval__2printf.o(.text)
    __printf                                 0x08000239   Thumb Code   104  __printf.o(.text)
    _printf_int_dec                          0x080002a1   Thumb Code   104  _printf_dec.o(.text)
    strcpy                                   0x08000319   Thumb Code    72  strcpy.o(.text)
    strlen                                   0x08000361   Thumb Code    62  strlen.o(.text)
    __aeabi_memcpy                           0x0800039f   Thumb Code     0  rt_memcpy_v6.o(.text)
    __rt_memcpy                              0x0800039f   Thumb Code   138  rt_memcpy_v6.o(.text)
    _memcpy_lastbytes                        0x08000405   Thumb Code     0  rt_memcpy_v6.o(.text)
    __aeabi_memclr                           0x08000429   Thumb Code     0  rt_memclr.o(.text)
    __rt_memclr                              0x08000429   Thumb Code    68  rt_memclr.o(.text)
    _memset                                  0x0800042d   Thumb Code     0  rt_memclr.o(.text)
    __aeabi_memclr4                          0x0800046d   Thumb Code     0  rt_memclr_w.o(.text)
    __aeabi_memclr8                          0x0800046d   Thumb Code     0  rt_memclr_w.o(.text)
    __rt_memclr_w                            0x0800046d   Thumb Code    78  rt_memclr_w.o(.text)
    _memset_w                                0x08000471   Thumb Code     0  rt_memclr_w.o(.text)
    __I$use$semihosting                      0x080004bb   Thumb Code     0  use_no_semi.o(.text)
    __use_no_semihosting_swi                 0x080004bb   Thumb Code     2  use_no_semi.o(.text)
    _printf_int_common                       0x080004bd   Thumb Code   178  _printf_intcommon.o(.text)
    _printf_char_file                        0x08000571   Thumb Code    32  _printf_char_file.o(.text)
    __aeabi_memcpy4                          0x08000595   Thumb Code     0  rt_memcpy_w.o(.text)
    __aeabi_memcpy8                          0x08000595   Thumb Code     0  rt_memcpy_w.o(.text)
    __rt_memcpy_w                            0x08000595   Thumb Code   100  rt_memcpy_w.o(.text)
    _memcpy_lastbytes_aligned                0x080005dd   Thumb Code     0  rt_memcpy_w.o(.text)
    _printf_char_common                      0x08000603   Thumb Code    32  _printf_char_common.o(.text)
    ferror                                   0x08000629   Thumb Code     8  ferror.o(.text)
    __user_libspace                          0x08000631   Thumb Code     8  libspace.o(.text)
    __user_perproc_libspace                  0x08000631   Thumb Code     0  libspace.o(.text)
    __user_perthread_libspace                0x08000631   Thumb Code     0  libspace.o(.text)
    __user_setup_stackheap                   0x08000639   Thumb Code    74  sys_stackheap_outer.o(.text)
    exit                                     0x08000683   Thumb Code    18  exit.o(.text)
    Reset_Handler                            0x08000695   Thumb Code     8  startup_stm32f10x_xl.o(.text)
    NMI_Handler                              0x0800069d   Thumb Code     2  startup_stm32f10x_xl.o(.text)
    HardFault_Handler                        0x0800069f   Thumb Code     2  startup_stm32f10x_xl.o(.text)
    MemManage_Handler                        0x080006a1   Thumb Code     2  startup_stm32f10x_xl.o(.text)
    BusFault_Handler                         0x080006a3   Thumb Code     2  startup_stm32f10x_xl.o(.text)
    UsageFault_Handler                       0x080006a5   Thumb Code     2  startup_stm32f10x_xl.o(.text)
    SVC_Handler                              0x080006a7   Thumb Code     2  startup_stm32f10x_xl.o(.text)
    DebugMon_Handler                         0x080006a9   Thumb Code     2  startup_stm32f10x_xl.o(.text)
    PendSV_Handler                           0x080006ab   Thumb Code     2  startup_stm32f10x_xl.o(.text)
    SysTick_Handler                          0x080006ad   Thumb Code     2  startup_stm32f10x_xl.o(.text)
    ADC1_2_IRQHandler                        0x080006af   Thumb Code     0  startup_stm32f10x_xl.o(.text)
    ADC3_IRQHandler                          0x080006af   Thumb Code     0  startup_stm32f10x_xl.o(.text)
    CAN1_RX1_IRQHandler                      0x080006af   Thumb Code     0  startup_stm32f10x_xl.o(.text)
    CAN1_SCE_IRQHandler                      0x080006af   Thumb Code     0  startup_stm32f10x_xl.o(.text)
    DMA1_Channel1_IRQHandler                 0x080006af   Thumb Code     0  startup_stm32f10x_xl.o(.text)
    DMA1_Channel2_IRQHandler                 0x080006af   Thumb Code     0  startup_stm32f10x_xl.o(.text)
    DMA1_Channel3_IRQHandler                 0x080006af   Thumb Code     0  startup_stm32f10x_xl.o(.text)
    DMA1_Channel4_IRQHandler                 0x080006af   Thumb Code     0  startup_stm32f10x_xl.o(.text)
    DMA1_Channel5_IRQHandler                 0x080006af   Thumb Code     0  startup_stm32f10x_xl.o(.text)
    DMA1_Channel6_IRQHandler                 0x080006af   Thumb Code     0  startup_stm32f10x_xl.o(.text)
    DMA1_Channel7_IRQHandler                 0x080006af   Thumb Code     0  startup_stm32f10x_xl.o(.text)
    DMA2_Channel1_IRQHandler                 0x080006af   Thumb Code     0  startup_stm32f10x_xl.o(.text)
    DMA2_Channel2_IRQHandler                 0x080006af   Thumb Code     0  startup_stm32f10x_xl.o(.text)
    DMA2_Channel3_IRQHandler                 0x080006af   Thumb Code     0  startup_stm32f10x_xl.o(.text)
    DMA2_Channel4_5_IRQHandler               0x080006af   Thumb Code     0  startup_stm32f10x_xl.o(.text)
    FLASH_IRQHandler                         0x080006af   Thumb Code     0  startup_stm32f10x_xl.o(.text)
    FSMC_IRQHandler                          0x080006af   Thumb Code     0  startup_stm32f10x_xl.o(.text)
    I2C1_ER_IRQHandler                       0x080006af   Thumb Code     0  startup_stm32f10x_xl.o(.text)
    I2C1_EV_IRQHandler                       0x080006af   Thumb Code     0  startup_stm32f10x_xl.o(.text)
    I2C2_ER_IRQHandler                       0x080006af   Thumb Code     0  startup_stm32f10x_xl.o(.text)
    I2C2_EV_IRQHandler                       0x080006af   Thumb Code     0  startup_stm32f10x_xl.o(.text)
    PVD_IRQHandler                           0x080006af   Thumb Code     0  startup_stm32f10x_xl.o(.text)
    RCC_IRQHandler                           0x080006af   Thumb Code     0  startup_stm32f10x_xl.o(.text)
    RTCAlarm_IRQHandler                      0x080006af   Thumb Code     0  startup_stm32f10x_xl.o(.text)
    RTC_IRQHandler                           0x080006af   Thumb Code     0  startup_stm32f10x_xl.o(.text)
    SDIO_IRQHandler                          0x080006af   Thumb Code     0  startup_stm32f10x_xl.o(.text)
    SPI1_IRQHandler                          0x080006af   Thumb Code     0  startup_stm32f10x_xl.o(.text)
    SPI2_IRQHandler                          0x080006af   Thumb Code     0  startup_stm32f10x_xl.o(.text)
    SPI3_IRQHandler                          0x080006af   Thumb Code     0  startup_stm32f10x_xl.o(.text)
    TAMPER_IRQHandler                        0x080006af   Thumb Code     0  startup_stm32f10x_xl.o(.text)
    TIM1_BRK_TIM9_IRQHandler                 0x080006af   Thumb Code     0  startup_stm32f10x_xl.o(.text)
    TIM1_CC_IRQHandler                       0x080006af   Thumb Code     0  startup_stm32f10x_xl.o(.text)
    TIM1_TRG_COM_TIM11_IRQHandler            0x080006af   Thumb Code     0  startup_stm32f10x_xl.o(.text)
    TIM1_UP_TIM10_IRQHandler                 0x080006af   Thumb Code     0  startup_stm32f10x_xl.o(.text)
    TIM8_BRK_TIM12_IRQHandler                0x080006af   Thumb Code     0  startup_stm32f10x_xl.o(.text)
    TIM8_CC_IRQHandler                       0x080006af   Thumb Code     0  startup_stm32f10x_xl.o(.text)
    TIM8_TRG_COM_TIM14_IRQHandler            0x080006af   Thumb Code     0  startup_stm32f10x_xl.o(.text)
    UART5_IRQHandler                         0x080006af   Thumb Code     0  startup_stm32f10x_xl.o(.text)
    USART2_IRQHandler                        0x080006af   Thumb Code     0  startup_stm32f10x_xl.o(.text)
    USART3_IRQHandler                        0x080006af   Thumb Code     0  startup_stm32f10x_xl.o(.text)
    USBWakeUp_IRQHandler                     0x080006af   Thumb Code     0  startup_stm32f10x_xl.o(.text)
    USB_HP_CAN1_TX_IRQHandler                0x080006af   Thumb Code     0  startup_stm32f10x_xl.o(.text)
    WWDG_IRQHandler                          0x080006af   Thumb Code     0  startup_stm32f10x_xl.o(.text)
    __user_initial_stackheap                 0x080006b1   Thumb Code     0  startup_stm32f10x_xl.o(.text)
    __use_two_region_memory                  0x080006d5   Thumb Code     2  heapauxi.o(.text)
    __rt_heap_escrow$2region                 0x080006d7   Thumb Code     2  heapauxi.o(.text)
    __rt_heap_expand$2region                 0x080006d9   Thumb Code     2  heapauxi.o(.text)
    AT24CXX_Check                            0x080006db   Thumb Code    54  at24cxx.o(i.AT24CXX_Check)
    AT24CXX_Init                             0x08000711   Thumb Code    78  at24cxx.o(i.AT24CXX_Init)
    AT24CXX_Read                             0x08000775   Thumb Code    20  at24cxx.o(i.AT24CXX_Read)
    AT24CXX_ReadLenByte                      0x08000789   Thumb Code    54  at24cxx.o(i.AT24CXX_ReadLenByte)
    AT24CXX_ReadOneByte                      0x080007c5   Thumb Code    56  at24cxx.o(i.AT24CXX_ReadOneByte)
    AT24CXX_WriteOneByte                     0x08000801   Thumb Code    46  at24cxx.o(i.AT24CXX_WriteOneByte)
    CAN1_Mode_Init                           0x08000835   Thumb Code   274  can.o(i.CAN1_Mode_Init)
    CAN_FilterInit                           0x08000959   Thumb Code   258  stm32f10x_can.o(i.CAN_FilterInit)
    CAN_Get_Local_ID                         0x08000a61   Thumb Code    86  can.o(i.CAN_Get_Local_ID)
    CAN_ITConfig                             0x08000abd   Thumb Code    18  stm32f10x_can.o(i.CAN_ITConfig)
    CAN_Init                                 0x08000acf   Thumb Code   276  stm32f10x_can.o(i.CAN_Init)
    CAN_Mode_Init                            0x08000be3   Thumb Code    18  can.o(i.CAN_Mode_Init)
    CAN_Package                              0x08000bf5   Thumb Code    66  can.o(i.CAN_Package)
    CAN_Receive                              0x08000c37   Thumb Code   240  stm32f10x_can.o(i.CAN_Receive)
    CAN_Send_Msg                             0x08000d29   Thumb Code    70  can.o(i.CAN_Send_Msg)
    CAN_Transmit                             0x08000d75   Thumb Code   294  stm32f10x_can.o(i.CAN_Transmit)
    CAN_TransmitStatus                       0x08000e9d   Thumb Code   138  stm32f10x_can.o(i.CAN_TransmitStatus)
    CAN_Unpack                               0x08000f3d   Thumb Code    84  can.o(i.CAN_Unpack)
    CRC16_1                                  0x08000f91   Thumb Code    48  crc16.o(i.CRC16_1)
    CabinDisable                             0x08000fc9   Thumb Code    16  motiondispatch.o(i.CabinDisable)
    CabinEnable                              0x08000fdd   Thumb Code    16  motiondispatch.o(i.CabinEnable)
    CabinorEnable                            0x08000ff1   Thumb Code    32  motiondispatch.o(i.CabinorEnable)
    CalMixMaxPoint                           0x08001011   Thumb Code   210  motiondispatch.o(i.CalMixMaxPoint)
    CalRouteTotalPulse                       0x080010fd   Thumb Code   204  motiondispatch.o(i.CalRouteTotalPulse)
    CanSendData                              0x080011c9   Thumb Code   110  motiondispatch.o(i.CanSendData)
    CanSendWorkStationInfo                   0x08001241   Thumb Code   116  motiondispatch.o(i.CanSendWorkStationInfo)
    CombineReset                             0x080012b9   Thumb Code   198  main_app.o(i.CombineReset)
    CupCaptureStatusJudge                    0x0800138d   Thumb Code    74  motiondispatch.o(i.CupCaptureStatusJudge)
    CupDishPropertyConfig                    0x080013e1   Thumb Code   200  motiondispatch.o(i.CupDishPropertyConfig)
    DRV8711_Dir_Forward                      0x080014b1   Thumb Code    44  drv8711.o(i.DRV8711_Dir_Forward)
    DRV8711_Dir_Invert                       0x080014e1   Thumb Code    44  drv8711.o(i.DRV8711_Dir_Invert)
    DRV8711_Enable                           0x08001511   Thumb Code    50  drv8711.o(i.DRV8711_Enable)
    DRV8711_Get_Index_Level                  0x08001549   Thumb Code    44  drv8711.o(i.DRV8711_Get_Index_Level)
    DRV8711_Init                             0x08001575   Thumb Code    86  drv8711.o(i.DRV8711_Init)
    DRV8711_Self_Lock                        0x080015cd   Thumb Code    24  drv8711.o(i.DRV8711_Self_Lock)
    DRV8711_Set_Current                      0x080015e9   Thumb Code   106  drv8711.o(i.DRV8711_Set_Current)
    DRV8711_Set_Decay                        0x08001661   Thumb Code    40  drv8711.o(i.DRV8711_Set_Decay)
    DRV8711_Set_Gain                         0x08001689   Thumb Code    38  drv8711.o(i.DRV8711_Set_Gain)
    DRV8711_Set_Index_Level                  0x080016af   Thumb Code    38  drv8711.o(i.DRV8711_Set_Index_Level)
    DRV8711_Set_Torque                       0x080016d5   Thumb Code    38  drv8711.o(i.DRV8711_Set_Torque)
    EM_SW_Get_Status                         0x080016fd   Thumb Code     8  em_sw.o(i.EM_SW_Get_Status)
    EM_SW_Init                               0x08001709   Thumb Code   152  em_sw.o(i.EM_SW_Init)
    EM_SW_OUT                                0x080017ad   Thumb Code    92  em_sw.o(i.EM_SW_OUT)
    EM_SW_OUT_A                              0x08001809   Thumb Code    14  em_sw.o(i.EM_SW_OUT_A)
    EM_SW_OUT_B                              0x08001817   Thumb Code    14  em_sw.o(i.EM_SW_OUT_B)
    EM_SW_OUT_C                              0x08001825   Thumb Code    14  em_sw.o(i.EM_SW_OUT_C)
    EM_SW_OUT_COMMON_IO                      0x08001835   Thumb Code    38  em_sw.o(i.EM_SW_OUT_COMMON_IO)
    EM_SW_OUT_D                              0x08001861   Thumb Code    14  em_sw.o(i.EM_SW_OUT_D)
    EM_SW_OUT_E                              0x0800186f   Thumb Code    14  em_sw.o(i.EM_SW_OUT_E)
    EM_SW_OUT_F                              0x0800187d   Thumb Code    14  em_sw.o(i.EM_SW_OUT_F)
    EM_SW_OUT_G                              0x0800188b   Thumb Code    14  em_sw.o(i.EM_SW_OUT_G)
    EM_SW_OUT_H                              0x08001899   Thumb Code    14  em_sw.o(i.EM_SW_OUT_H)
    EM_SW_Reset_IO                           0x080018a9   Thumb Code   120  em_sw.o(i.EM_SW_Reset_IO)
    EM_SW_Set_IO                             0x08001929   Thumb Code   120  em_sw.o(i.EM_SW_Set_IO)
    EXTI0_IRQHandler                         0x080019a9   Thumb Code    18  pct.o(i.EXTI0_IRQHandler)
    EXTI15_10_IRQHandler                     0x080019bb   Thumb Code   112  pct.o(i.EXTI15_10_IRQHandler)
    EXTI1_IRQHandler                         0x08001a2b   Thumb Code    18  pct.o(i.EXTI1_IRQHandler)
    EXTI2_IRQHandler                         0x08001a3d   Thumb Code    18  pct.o(i.EXTI2_IRQHandler)
    EXTI3_IRQHandler                         0x08001a4f   Thumb Code    22  pct.o(i.EXTI3_IRQHandler)
    EXTI4_IRQHandler                         0x08001a65   Thumb Code    22  pct.o(i.EXTI4_IRQHandler)
    EXTI9_5_IRQHandler                       0x08001a7b   Thumb Code    90  pct.o(i.EXTI9_5_IRQHandler)
    EXTI_ClearITPendingBit                   0x08001ad5   Thumb Code     6  stm32f10x_exti.o(i.EXTI_ClearITPendingBit)
    EXTI_GetITStatus                         0x08001ae1   Thumb Code    34  stm32f10x_exti.o(i.EXTI_GetITStatus)
    EXTI_Init                                0x08001b09   Thumb Code   142  stm32f10x_exti.o(i.EXTI_Init)
    FingerOpen                               0x08001b9d   Thumb Code    90  motiondispatch.o(i.FingerOpen)
    GPIO_EXTILineConfig                      0x08001c1d   Thumb Code    60  stm32f10x_gpio.o(i.GPIO_EXTILineConfig)
    GPIO_Init                                0x08001c5d   Thumb Code   278  stm32f10x_gpio.o(i.GPIO_Init)
    GPIO_PinRemapConfig                      0x08001d75   Thumb Code   138  stm32f10x_gpio.o(i.GPIO_PinRemapConfig)
    GPIO_ReadInputDataBit                    0x08001e05   Thumb Code    18  stm32f10x_gpio.o(i.GPIO_ReadInputDataBit)
    GPIO_ResetBits                           0x08001e17   Thumb Code     4  stm32f10x_gpio.o(i.GPIO_ResetBits)
    GPIO_SetBits                             0x08001e1b   Thumb Code     4  stm32f10x_gpio.o(i.GPIO_SetBits)
    GetAllPctStatus                          0x08001e21   Thumb Code   102  pct_app.o(i.GetAllPctStatus)
    GetCaptureCupOffset                      0x08001e91   Thumb Code   294  motiondispatch.o(i.GetCaptureCupOffset)
    GetCaptureCupPosition                    0x08001fb9   Thumb Code  1982  motiondispatch.o(i.GetCaptureCupPosition)
    Go_Cup_To_HatchIn                        0x08002789   Thumb Code   198  motiondispatch.o(i.Go_Cup_To_HatchIn)
    Go_Cup_To_HatchOut                       0x0800285d   Thumb Code   198  motiondispatch.o(i.Go_Cup_To_HatchOut)
    Go_Cup_To_Mix                            0x08002931   Thumb Code   198  motiondispatch.o(i.Go_Cup_To_Mix)
    Go_Cup_To_Wast1                          0x08002a05   Thumb Code   360  motiondispatch.o(i.Go_Cup_To_Wast1)
    Go_Cup_To_Wast2                          0x08002b81   Thumb Code   360  motiondispatch.o(i.Go_Cup_To_Wast2)
    Go_Curr_To_CaptureCup                    0x08002cfd   Thumb Code   324  motiondispatch.o(i.Go_Curr_To_CaptureCup)
    Go_Curr_To_Origin                        0x08002e51   Thumb Code   178  motiondispatch.o(i.Go_Curr_To_Origin)
    Go_Hatch_To_CupDish                      0x08002f11   Thumb Code   314  motiondispatch.o(i.Go_Hatch_To_CupDish)
    Go_Hatch_To_Mix                          0x08003061   Thumb Code   218  motiondispatch.o(i.Go_Hatch_To_Mix)
    Go_Hatch_To_Waste                        0x08003149   Thumb Code   252  motiondispatch.o(i.Go_Hatch_To_Waste)
    Go_Lock_Cabin                            0x08003255   Thumb Code   158  motiondispatch.o(i.Go_Lock_Cabin)
    Go_Mix_Running                           0x080032fd   Thumb Code   162  motiondispatch.o(i.Go_Mix_Running)
    Go_Mix_To_HatchIn                        0x080033ad   Thumb Code   218  motiondispatch.o(i.Go_Mix_To_HatchIn)
    Go_Mix_To_HatchOut                       0x08003495   Thumb Code   218  motiondispatch.o(i.Go_Mix_To_HatchOut)
    Go_Mix_To_Wast1                          0x0800357d   Thumb Code   218  motiondispatch.o(i.Go_Mix_To_Wast1)
    Go_Mix_To_Wast2                          0x08003665   Thumb Code   218  motiondispatch.o(i.Go_Mix_To_Wast2)
    Go_Open_Cabin                            0x0800374d   Thumb Code   158  motiondispatch.o(i.Go_Open_Cabin)
    Go_Orign_To_HatchIn                      0x080037f5   Thumb Code   190  motiondispatch.o(i.Go_Orign_To_HatchIn)
    Go_Orign_To_HatchOut                     0x080038c1   Thumb Code   190  motiondispatch.o(i.Go_Orign_To_HatchOut)
    Go_Orign_To_Mix                          0x0800398d   Thumb Code   178  motiondispatch.o(i.Go_Orign_To_Mix)
    Go_Orign_To_Waste1                       0x08003a4d   Thumb Code   198  motiondispatch.o(i.Go_Orign_To_Waste1)
    Go_Orign_To_Waste2                       0x08003b21   Thumb Code   198  motiondispatch.o(i.Go_Orign_To_Waste2)
    Go_Orign_To_Waste_Throw_Cup              0x08003bf5   Thumb Code   212  motiondispatch.o(i.Go_Orign_To_Waste_Throw_Cup)
    Go_SendConfigPara                        0x08003cd5   Thumb Code   174  motiondispatch.o(i.Go_SendConfigPara)
    Go_SendStatusInfo                        0x08003d95   Thumb Code   164  motiondispatch.o(i.Go_SendStatusInfo)
    Go_SysSoftwareVersionCheck               0x08003e45   Thumb Code   170  motiondispatch.o(i.Go_SysSoftwareVersionCheck)
    Go_Unload_Cup                            0x08003efd   Thumb Code   178  motiondispatch.o(i.Go_Unload_Cup)
    Go_Waste_To_HatchIn                      0x08003fbd   Thumb Code   168  motiondispatch.o(i.Go_Waste_To_HatchIn)
    Go_Waste_To_HatchOut                     0x08004071   Thumb Code   168  motiondispatch.o(i.Go_Waste_To_HatchOut)
    I2C_AcknowledgeConfig                    0x08004125   Thumb Code    24  stm32f10x_i2c.o(i.I2C_AcknowledgeConfig)
    I2C_CheckEvent                           0x0800413d   Thumb Code    42  stm32f10x_i2c.o(i.I2C_CheckEvent)
    I2C_Cmd                                  0x08004167   Thumb Code    24  stm32f10x_i2c.o(i.I2C_Cmd)
    I2C_GenerateSTART                        0x0800417f   Thumb Code    24  stm32f10x_i2c.o(i.I2C_GenerateSTART)
    I2C_GenerateSTOP                         0x08004197   Thumb Code    24  stm32f10x_i2c.o(i.I2C_GenerateSTOP)
    I2C_GetFlagStatus                        0x080041af   Thumb Code    58  stm32f10x_i2c.o(i.I2C_GetFlagStatus)
    I2C_Init                                 0x080041e9   Thumb Code   222  stm32f10x_i2c.o(i.I2C_Init)
    I2C_ReceiveData                          0x080042d5   Thumb Code     8  stm32f10x_i2c.o(i.I2C_ReceiveData)
    I2C_Send7bitAddress                      0x080042dd   Thumb Code    18  stm32f10x_i2c.o(i.I2C_Send7bitAddress)
    I2C_SendData                             0x080042ef   Thumb Code     4  stm32f10x_i2c.o(i.I2C_SendData)
    IIC_EE_BufferRead                        0x080042f5   Thumb Code   250  iic.o(i.IIC_EE_BufferRead)
    IIC_EE_ByteWrite                         0x08004401   Thumb Code   142  iic.o(i.IIC_EE_ByteWrite)
    IIC_Init                                 0x080044a1   Thumb Code   110  iic.o(i.IIC_Init)
    Init                                     0x08004521   Thumb Code    78  main_app.o(i.Init)
    LED_Init                                 0x08004575   Thumb Code    54  led.o(i.LED_Init)
    MixMotor_ParaConfig                      0x080045b1   Thumb Code   174  motiondispatch.o(i.MixMotor_ParaConfig)
    Mix_StartRun                             0x08004675   Thumb Code    28  motiondispatch.o(i.Mix_StartRun)
    Motion_Init                              0x08004699   Thumb Code   208  main_app.o(i.Motion_Init)
    Motion_Init_Return                       0x0800476d   Thumb Code   208  main_app.o(i.Motion_Init_Return)
    Motion_Output_Carbin                     0x08004841   Thumb Code   212  main_app.o(i.Motion_Output_Carbin)
    MotorMotionConfig_Init                   0x08004919   Thumb Code   202  motiondispatch.o(i.MotorMotionConfig_Init)
    Motor_Enable                             0x080049e9   Thumb Code    12  step_motor.o(i.Motor_Enable)
    Motor_Init                               0x080049f5   Thumb Code   410  step_motor.o(i.Motor_Init)
    Motor_Init_Motion                        0x08004bb9   Thumb Code   962  main_app.o(i.Motor_Init_Motion)
    Motor_Motion_Setup                       0x08004fa1   Thumb Code   774  step_motor.o(i.Motor_Motion_Setup)
    Motor_PWM_Init                           0x080052ad   Thumb Code    76  timer.o(i.Motor_PWM_Init)
    Motor_Self_Lock                          0x080052f9   Thumb Code    12  step_motor.o(i.Motor_Self_Lock)
    NVIC_Init                                0x08005305   Thumb Code   100  misc.o(i.NVIC_Init)
    NVIC_PriorityGroupConfig                 0x08005375   Thumb Code    10  misc.o(i.NVIC_PriorityGroupConfig)
    PCT_1_Handle                             0x08005389   Thumb Code    68  pct_app.o(i.PCT_1_Handle)
    PCT_2_Handle                             0x080053d9   Thumb Code    70  pct_app.o(i.PCT_2_Handle)
    PCT_3_Handle                             0x0800542d   Thumb Code    76  pct_app.o(i.PCT_3_Handle)
    PCT_4_Handle                             0x08005485   Thumb Code   118  pct_app.o(i.PCT_4_Handle)
    PCT_Encoder_Para_Init                    0x0800550d   Thumb Code     2  pct_encoder.o(i.PCT_Encoder_Para_Init)
    PCT_Get_Status                           0x08005511   Thumb Code   130  pct.o(i.PCT_Get_Status)
    PCT_Init                                 0x0800559d   Thumb Code   332  pct.o(i.PCT_Init)
    RCC_APB1PeriphClockCmd                   0x080056f5   Thumb Code    26  stm32f10x_rcc.o(i.RCC_APB1PeriphClockCmd)
    RCC_APB2PeriphClockCmd                   0x08005715   Thumb Code    26  stm32f10x_rcc.o(i.RCC_APB2PeriphClockCmd)
    RCC_GetClocksFreq                        0x08005735   Thumb Code   192  stm32f10x_rcc.o(i.RCC_GetClocksFreq)
    ReportHardwaretatus                      0x08005809   Thumb Code   200  motiondispatch.o(i.ReportHardwaretatus)
    SPI1_Init                                0x080058e1   Thumb Code   260  spi.o(i.SPI1_Init)
    SPI1_ReadWriteByte                       0x080059f9   Thumb Code   192  spi.o(i.SPI1_ReadWriteByte)
    SPI_Cmd                                  0x08005ac9   Thumb Code    24  stm32f10x_spi.o(i.SPI_Cmd)
    SPI_I2S_GetFlagStatus                    0x08005ae1   Thumb Code    18  stm32f10x_spi.o(i.SPI_I2S_GetFlagStatus)
    SPI_I2S_ReceiveData                      0x08005af3   Thumb Code     6  stm32f10x_spi.o(i.SPI_I2S_ReceiveData)
    SPI_I2S_SendData                         0x08005af9   Thumb Code     4  stm32f10x_spi.o(i.SPI_I2S_SendData)
    SPI_Init                                 0x08005afd   Thumb Code    60  stm32f10x_spi.o(i.SPI_Init)
    StartMotorParaInit                       0x08005c21   Thumb Code    24  motiondispatch.o(i.StartMotorParaInit)
    SysInit                                  0x08005c3d   Thumb Code    60  motiondispatch.o(i.SysInit)
    SysParaInitConfig                        0x08005c7d   Thumb Code   228  motiondispatch.o(i.SysParaInitConfig)
    SysTick_CLKSourceConfig                  0x08005d7d   Thumb Code    40  misc.o(i.SysTick_CLKSourceConfig)
    SystemInit                               0x08005da5   Thumb Code    78  system_stm32f10x.o(i.SystemInit)
    TIM2_IRQHandler                          0x08005e05   Thumb Code   324  timer.o(i.TIM2_IRQHandler)
    TIM3_IRQHandler                          0x08005f4d   Thumb Code   358  timer.o(i.TIM3_IRQHandler)
    TIM4_IRQHandler                          0x080060bd   Thumb Code   304  timer.o(i.TIM4_IRQHandler)
    TIM5_IRQHandler                          0x080061f5   Thumb Code   358  timer.o(i.TIM5_IRQHandler)
    TIM6_IRQHandler                          0x08006365   Thumb Code   216  timer.o(i.TIM6_IRQHandler)
    TIM6_Init                                0x0800644d   Thumb Code    80  timer.o(i.TIM6_Init)
    TIM7_IRQHandler                          0x080064a1   Thumb Code     2  timer.o(i.TIM7_IRQHandler)
    TIM8_UP_TIM13_IRQHandler                 0x080064a3   Thumb Code     2  pct_encoder.o(i.TIM8_UP_TIM13_IRQHandler)
    TIM_ARRPreloadConfig                     0x080064a5   Thumb Code    24  stm32f10x_tim.o(i.TIM_ARRPreloadConfig)
    TIM_CCxCmd                               0x080064bd   Thumb Code    30  stm32f10x_tim.o(i.TIM_CCxCmd)
    TIM_ClearITPendingBit                    0x080064db   Thumb Code     6  stm32f10x_tim.o(i.TIM_ClearITPendingBit)
    TIM_Cmd                                  0x080064e1   Thumb Code    24  stm32f10x_tim.o(i.TIM_Cmd)
    TIM_GetITStatus                          0x080064f9   Thumb Code    34  stm32f10x_tim.o(i.TIM_GetITStatus)
    TIM_ITConfig                             0x0800651b   Thumb Code    18  stm32f10x_tim.o(i.TIM_ITConfig)
    TIM_OC1Init                              0x0800652d   Thumb Code   132  stm32f10x_tim.o(i.TIM_OC1Init)
    TIM_OC1PreloadConfig                     0x080065c5   Thumb Code    18  stm32f10x_tim.o(i.TIM_OC1PreloadConfig)
    TIM_SetAutoreload                        0x080065d7   Thumb Code     4  stm32f10x_tim.o(i.TIM_SetAutoreload)
    TIM_SetCompare1                          0x080065db   Thumb Code     4  stm32f10x_tim.o(i.TIM_SetCompare1)
    TIM_TimeBaseInit                         0x080065e1   Thumb Code   122  stm32f10x_tim.o(i.TIM_TimeBaseInit)
    TIMx_Disable                             0x08006685   Thumb Code    14  timer.o(i.TIMx_Disable)
    Timer2_Pwm_Init                          0x08006695   Thumb Code   212  timer.o(i.Timer2_Pwm_Init)
    Timer3_Pwm_Init                          0x08006771   Thumb Code   204  timer.o(i.Timer3_Pwm_Init)
    Timer4_Pwm_Init                          0x08006849   Thumb Code   206  timer.o(i.Timer4_Pwm_Init)
    Timer5_Pwm_Init                          0x08006921   Thumb Code   188  timer.o(i.Timer5_Pwm_Init)
    Timer_Motor_Setup                        0x080069e5   Thumb Code    68  timer.o(i.Timer_Motor_Setup)
    UART4_IRQHandler                         0x08006a2d   Thumb Code    22  usart.o(i.UART4_IRQHandler)
    USART1_IRQHandler                        0x08006a49   Thumb Code    64  usart.o(i.USART1_IRQHandler)
    USART_ClearFlag                          0x08006a99   Thumb Code    18  stm32f10x_usart.o(i.USART_ClearFlag)
    USART_Cmd                                0x08006aab   Thumb Code    24  stm32f10x_usart.o(i.USART_Cmd)
    USART_GetFlagStatus                      0x08006ac3   Thumb Code    26  stm32f10x_usart.o(i.USART_GetFlagStatus)
    USART_GetITStatus                        0x08006add   Thumb Code    84  stm32f10x_usart.o(i.USART_GetITStatus)
    USART_ITConfig                           0x08006b31   Thumb Code    74  stm32f10x_usart.o(i.USART_ITConfig)
    USART_Init                               0x08006b7d   Thumb Code   210  stm32f10x_usart.o(i.USART_Init)
    USART_ReceiveData                        0x08006c55   Thumb Code    10  stm32f10x_usart.o(i.USART_ReceiveData)
    USART_SendData                           0x08006c5f   Thumb Code     8  stm32f10x_usart.o(i.USART_SendData)
    USB_LP_CAN1_RX0_IRQHandler               0x08006c69   Thumb Code    28  can.o(i.USB_LP_CAN1_RX0_IRQHandler)
    Usart1_Init                              0x08006c95   Thumb Code   194  usart.o(i.Usart1_Init)
    Usart1_Send_Data                         0x08006d61   Thumb Code    46  usart.o(i.Usart1_Send_Data)
    XY_To_WorkStation                        0x08006d95   Thumb Code   620  motiondispatch.o(i.XY_To_WorkStation)
    X_MotorParaConfig                        0x08007011   Thumb Code   330  motiondispatch.o(i.X_MotorParaConfig)
    Y_MotorParaConfig                        0x08007171   Thumb Code   334  motiondispatch.o(i.Y_MotorParaConfig)
    Z_MotorParaConfig                        0x080072d5   Thumb Code   228  motiondispatch.o(i.Z_MotorParaConfig)
    Z_To_WorkStation                         0x080073cd   Thumb Code   276  motiondispatch.o(i.Z_To_WorkStation)
    _sys_exit                                0x080074f1   Thumb Code     6  usart.o(i._sys_exit)
    delay_init                               0x080074f9   Thumb Code    50  delay.o(i.delay_init)
    delay_ms                                 0x0800753d   Thumb Code    72  delay.o(i.delay_ms)
    delay_us                                 0x08007589   Thumb Code    72  delay.o(i.delay_us)
    fputc                                    0x080075d5   Thumb Code    24  usart.o(i.fputc)
    main                                     0x080075f1   Thumb Code    70  main.o(i.main)
    __aeabi_d2f                              0x08007649   Thumb Code     0  d2f.o(x$fpl$d2f)
    _d2f                                     0x08007649   Thumb Code    98  d2f.o(x$fpl$d2f)
    __aeabi_ddiv                             0x080076ad   Thumb Code     0  ddiv.o(x$fpl$ddiv)
    _ddiv                                    0x080076ad   Thumb Code   552  ddiv.o(x$fpl$ddiv)
    __aeabi_dmul                             0x0800795d   Thumb Code     0  dmul.o(x$fpl$dmul)
    _dmul                                    0x0800795d   Thumb Code   332  dmul.o(x$fpl$dmul)
    __fpl_dnaninf                            0x08007ab1   Thumb Code   156  dnaninf.o(x$fpl$dnaninf)
    __fpl_dretinf                            0x08007b4d   Thumb Code    12  dretinf.o(x$fpl$dretinf)
    __aeabi_f2d                              0x08007b59   Thumb Code     0  f2d.o(x$fpl$f2d)
    _f2d                                     0x08007b59   Thumb Code    86  f2d.o(x$fpl$f2d)
    __aeabi_fadd                             0x08007bb1   Thumb Code     0  faddsub_clz.o(x$fpl$fadd)
    _fadd                                    0x08007bb1   Thumb Code   196  faddsub_clz.o(x$fpl$fadd)
    __fpl_fcmp_Inf                           0x08007c75   Thumb Code    24  fcmpi.o(x$fpl$fcmpinf)
    __aeabi_fdiv                             0x08007c8d   Thumb Code     0  fdiv.o(x$fpl$fdiv)
    _fdiv                                    0x08007c8d   Thumb Code   384  fdiv.o(x$fpl$fdiv)
    __aeabi_f2uiz                            0x08007e11   Thumb Code     0  ffixu.o(x$fpl$ffixu)
    _ffixu                                   0x08007e11   Thumb Code    62  ffixu.o(x$fpl$ffixu)
    __aeabi_i2f                              0x08007e51   Thumb Code     0  fflt_clz.o(x$fpl$fflt)
    _fflt                                    0x08007e51   Thumb Code    48  fflt_clz.o(x$fpl$fflt)
    __aeabi_ui2f                             0x08007e81   Thumb Code     0  fflt_clz.o(x$fpl$ffltu)
    _ffltu                                   0x08007e81   Thumb Code    38  fflt_clz.o(x$fpl$ffltu)
    __aeabi_cfcmple                          0x08007ea9   Thumb Code     0  fleqf.o(x$fpl$fleqf)
    _fcmple                                  0x08007ea9   Thumb Code   104  fleqf.o(x$fpl$fleqf)
    __fpl_fcmple_InfNaN                      0x08007efb   Thumb Code     0  fleqf.o(x$fpl$fleqf)
    __aeabi_fmul                             0x08007f11   Thumb Code     0  fmul.o(x$fpl$fmul)
    _fmul                                    0x08007f11   Thumb Code   258  fmul.o(x$fpl$fmul)
    __fpl_fnaninf                            0x08008013   Thumb Code   140  fnaninf.o(x$fpl$fnaninf)
    __fpl_fretinf                            0x0800809f   Thumb Code    10  fretinf.o(x$fpl$fretinf)
    __aeabi_fsub                             0x080080a9   Thumb Code     0  faddsub_clz.o(x$fpl$fsub)
    _fsub                                    0x080080a9   Thumb Code   234  faddsub_clz.o(x$fpl$fsub)
    __I$use$fp                               0x08008192   Number         0  usenofp.o(x$fpl$usenofp)
    MotorResetPrar                           0x08008194   Data         144  main_app.o(.constdata)
    chCRCHTalbe                              0x08008224   Data         256  crc16.o(.constdata)
    chCRCLTalbe                              0x08008324   Data         256  crc16.o(.constdata)
    FaultCmdTab                              0x08008424   Data         312  motiondispatch.o(.constdata)
    em_sw_set_flag_table                     0x0800855c   Data           8  em_sw.o(.constdata)
    TIM_PWMS                                 0x08008564   Data          16  timer.o(.constdata)
    Region$$Table$$Base                      0x08008738   Number         0  anon$$obj.o(Region$$Table)
    Region$$Table$$Limit                     0x08008758   Number         0  anon$$obj.o(Region$$Table)
    mindist_up_table                         0x20000000   Data         800  main_app.o(.data)
    mindist_down_table                       0x20000320   Data         800  main_app.o(.data)
    speed_up_table                           0x20000640   Data         800  main_app.o(.data)
    speed_down_table                         0x20000960   Data         800  main_app.o(.data)
    drv_lock_current                         0x20000c80   Data           8  main_app.o(.data)
    drv_runing_current                       0x20000c88   Data           8  main_app.o(.data)
    drv_level_buff                           0x20000c90   Data           8  main_app.o(.data)
    pct_trigger_mode                         0x20000c98   Data           8  main_app.o(.data)
    MotorTab                                 0x20000ca0   Data           4  main_app.o(.data)
    G_UART1_Receive_Count                    0x20000ca4   Data           2  main_app.o(.data)
    G_UART1_Receive_OK                       0x20000ca6   Data           1  main_app.o(.data)
    SendFrame                                0x20000cac   Data           7  main_app.o(.data)
    X_Debug_Position                         0x20000cb4   Data           4  pct_app.o(.data)
    Y_Debug_Position                         0x20000cb8   Data           4  pct_app.o(.data)
    Z_Debug_Position                         0x20000cbc   Data           4  pct_app.o(.data)
    Mix_Circle_Cnt                           0x20000cc0   Data           4  motiondispatch.o(.data)
    Mix_Max_Circle                           0x20000cc4   Data           4  motiondispatch.o(.data)
    CurrCaptureCupNum                        0x20000cc8   Data           4  motiondispatch.o(.data)
    ThrowCupNum                              0x20000ccc   Data           4  motiondispatch.o(.data)
    MixRunMaxPulse                           0x20000cd0   Data           4  motiondispatch.o(.data)
    CaptureCupExecuteStatus                  0x20000cd4   Data           1  motiondispatch.o(.data)
    CaptureFingerStatus                      0x20000cd5   Data           1  motiondispatch.o(.data)
    CabinEcttmStatus                         0x20000cd6   Data           1  motiondispatch.o(.data)
    SendOtherStatusInfoFlag                  0x20000cd7   Data           1  motiondispatch.o(.data)
    WorkParaCombine                          0x20000cd8   Data          78  motiondispatch.o(.data)
    SysCurrSataus                            0x20000d26   Data           8  motiondispatch.o(.data)
    CurrFaultLevel                           0x20000d2e   Data           1  motiondispatch.o(.data)
    DispatchUnitFun                          0x20000d30   Data          16  motiondispatch.o(.data)
    Combine_Stage                            0x20000d40   Data           2  motiondispatch.o(.data)
    CurrComMotion                            0x20000d42   Data           1  motiondispatch.o(.data)
    DebugComMotion                           0x20000d43   Data           1  motiondispatch.o(.data)
    ComMotionFinishFlag                      0x20000d44   Data           1  motiondispatch.o(.data)
    XYZFiner_Motion_Sel                      0x20000d48   Data          16  motiondispatch.o(.data)
    CAN_Cmd_Combine_Motion                   0x20000d58   Data         360  motiondispatch.o(.data)
    UperComputerCmdTab                       0x20000ec1   Data          15  motiondispatch.o(.data)
    can_flag                                 0x20000ed3   Data           1  can.o(.data)
    local_id                                 0x20000ed4   Data           1  can.o(.data)
    __stdout                                 0x20000edc   Data           4  usart.o(.data)
    SystemCoreClock                          0x20000ee0   Data           4  system_stm32f10x.o(.data)
    AHBPrescTable                            0x20000ee4   Data          16  system_stm32f10x.o(.data)
    em_sw_pwm_duty                           0x20000ef4   Data          10  timer.o(.data)
    EEPROM_ADDRESS                           0x20000efe   Data           1  iic.o(.data)
    osa_count                                0x20000f00   Data           2  pct_encoder.o(.data)
    osb_count                                0x20000f02   Data           2  pct_encoder.o(.data)
    osi_count                                0x20000f04   Data           2  pct_encoder.o(.data)
    pct_encoder_max                          0x20000f06   Data           2  pct_encoder.o(.data)
    count                                    0x20000f08   Data           2  pct_encoder.o(.data)
    xx                                       0x20000f0a   Data           2  pct_encoder.o(.data)
    tim1_count                               0x20000f0c   Data           2  pct_encoder.o(.data)
    motor_info                               0x20000f24   Data         336  main_app.o(.bss)
    Test_speed_up_table                      0x20001074   Data         200  main_app.o(.bss)
    Test_speed_down_table                    0x2000113c   Data         200  main_app.o(.bss)
    G_UART1_Receive_Buff                     0x20001204   Data        1024  main_app.o(.bss)
    CapturePara                              0x20001604   Data          12  motiondispatch.o(.bss)
    CupDishCalibrationProperty               0x20001610   Data          12  motiondispatch.o(.bss)
    Mchine_Position                          0x2000161c   Data          24  motiondispatch.o(.bss)
    FingerPositionData                       0x20001634   Data          24  motiondispatch.o(.bss)
    Work_Para                                0x2000164c   Data         216  motiondispatch.o(.bss)
    ExecuteCmd                               0x20001724   Data          10  motiondispatch.o(.bss)
    RxMessage                                0x20001730   Data          20  can.o(.bss)
    unpack_data                              0x20001744   Data          20  can.o(.bss)
    em_sw_ctrl_info                          0x20001758   Data          41  em_sw.o(.bss)
    __libspace_start                         0x20001784   Data          96  libspace.o(.bss)
    __temporary_stack_top$libspace           0x200017e4   Data           0  libspace.o(.bss)



==============================================================================

Memory Map of the image

  Image Entry point : 0x08000131

  Load Region LR_IROM1 (Base: 0x08000000, Size: 0x0000967c, Max: 0x00100000, ABSOLUTE, COMPRESSED[0x00008c20])

    Execution Region ER_IROM1 (Base: 0x08000000, Size: 0x00008758, Max: 0x00100000, ABSOLUTE)

    Base Addr    Size         Type   Attr      Idx    E Section Name        Object

    0x08000000   0x00000130   Data   RO         3634    RESET               四通道驱动板.lib(startup_stm32f10x_xl.o)
    0x08000130   0x00000008   Code   RO         3464  * !!!main             c_w.l(__main.o)
    0x08000138   0x00000034   Code   RO         3770    !!!scatter          c_w.l(__scatter.o)
    0x0800016c   0x00000064   Code   RO         3768    !!dclz77c           c_w.l(__dclz77c.o)
    0x080001d0   0x0000001c   Code   RO         3772    !!handler_zi        c_w.l(__scatter_zi.o)
    0x080001ec   0x00000000   Code   RO         3451    .ARM.Collect$$_printf_percent$$00000000  c_w.l(_printf_percent.o)
    0x080001ec   0x00000006   Code   RO         3450    .ARM.Collect$$_printf_percent$$00000009  c_w.l(_printf_d.o)
    0x080001f2   0x00000004   Code   RO         3537    .ARM.Collect$$_printf_percent$$00000017  c_w.l(_printf_percent_end.o)
    0x080001f6   0x00000002   Code   RO         3629    .ARM.Collect$$libinit$$00000000  c_w.l(libinit.o)
    0x080001f8   0x00000000   Code   RO         3643    .ARM.Collect$$libinit$$00000002  c_w.l(libinit2.o)
    0x080001f8   0x00000000   Code   RO         3645    .ARM.Collect$$libinit$$00000004  c_w.l(libinit2.o)
    0x080001f8   0x00000000   Code   RO         3648    .ARM.Collect$$libinit$$0000000A  c_w.l(libinit2.o)
    0x080001f8   0x00000000   Code   RO         3650    .ARM.Collect$$libinit$$0000000C  c_w.l(libinit2.o)
    0x080001f8   0x00000000   Code   RO         3652    .ARM.Collect$$libinit$$0000000E  c_w.l(libinit2.o)
    0x080001f8   0x00000000   Code   RO         3655    .ARM.Collect$$libinit$$00000011  c_w.l(libinit2.o)
    0x080001f8   0x00000000   Code   RO         3657    .ARM.Collect$$libinit$$00000013  c_w.l(libinit2.o)
    0x080001f8   0x00000000   Code   RO         3659    .ARM.Collect$$libinit$$00000015  c_w.l(libinit2.o)
    0x080001f8   0x00000000   Code   RO         3661    .ARM.Collect$$libinit$$00000017  c_w.l(libinit2.o)
    0x080001f8   0x00000000   Code   RO         3663    .ARM.Collect$$libinit$$00000019  c_w.l(libinit2.o)
    0x080001f8   0x00000000   Code   RO         3665    .ARM.Collect$$libinit$$0000001B  c_w.l(libinit2.o)
    0x080001f8   0x00000000   Code   RO         3667    .ARM.Collect$$libinit$$0000001D  c_w.l(libinit2.o)
    0x080001f8   0x00000000   Code   RO         3669    .ARM.Collect$$libinit$$0000001F  c_w.l(libinit2.o)
    0x080001f8   0x00000000   Code   RO         3671    .ARM.Collect$$libinit$$00000021  c_w.l(libinit2.o)
    0x080001f8   0x00000000   Code   RO         3673    .ARM.Collect$$libinit$$00000023  c_w.l(libinit2.o)
    0x080001f8   0x00000000   Code   RO         3675    .ARM.Collect$$libinit$$00000025  c_w.l(libinit2.o)
    0x080001f8   0x00000000   Code   RO         3679    .ARM.Collect$$libinit$$0000002C  c_w.l(libinit2.o)
    0x080001f8   0x00000000   Code   RO         3681    .ARM.Collect$$libinit$$0000002E  c_w.l(libinit2.o)
    0x080001f8   0x00000000   Code   RO         3683    .ARM.Collect$$libinit$$00000030  c_w.l(libinit2.o)
    0x080001f8   0x00000000   Code   RO         3685    .ARM.Collect$$libinit$$00000032  c_w.l(libinit2.o)
    0x080001f8   0x00000002   Code   RO         3686    .ARM.Collect$$libinit$$00000033  c_w.l(libinit2.o)
    0x080001fa   0x00000002   Code   RO         3710    .ARM.Collect$$libshutdown$$00000000  c_w.l(libshutdown.o)
    0x080001fc   0x00000000   Code   RO         3720    .ARM.Collect$$libshutdown$$00000002  c_w.l(libshutdown2.o)
    0x080001fc   0x00000000   Code   RO         3722    .ARM.Collect$$libshutdown$$00000004  c_w.l(libshutdown2.o)
    0x080001fc   0x00000000   Code   RO         3725    .ARM.Collect$$libshutdown$$00000007  c_w.l(libshutdown2.o)
    0x080001fc   0x00000000   Code   RO         3728    .ARM.Collect$$libshutdown$$0000000A  c_w.l(libshutdown2.o)
    0x080001fc   0x00000000   Code   RO         3730    .ARM.Collect$$libshutdown$$0000000C  c_w.l(libshutdown2.o)
    0x080001fc   0x00000000   Code   RO         3733    .ARM.Collect$$libshutdown$$0000000F  c_w.l(libshutdown2.o)
    0x080001fc   0x00000002   Code   RO         3734    .ARM.Collect$$libshutdown$$00000010  c_w.l(libshutdown2.o)
    0x080001fe   0x00000000   Code   RO         3528    .ARM.Collect$$rtentry$$00000000  c_w.l(__rtentry.o)
    0x080001fe   0x00000000   Code   RO         3580    .ARM.Collect$$rtentry$$00000002  c_w.l(__rtentry2.o)
    0x080001fe   0x00000006   Code   RO         3592    .ARM.Collect$$rtentry$$00000004  c_w.l(__rtentry4.o)
    0x08000204   0x00000000   Code   RO         3582    .ARM.Collect$$rtentry$$00000009  c_w.l(__rtentry2.o)
    0x08000204   0x00000004   Code   RO         3583    .ARM.Collect$$rtentry$$0000000A  c_w.l(__rtentry2.o)
    0x08000208   0x00000000   Code   RO         3585    .ARM.Collect$$rtentry$$0000000C  c_w.l(__rtentry2.o)
    0x08000208   0x00000008   Code   RO         3586    .ARM.Collect$$rtentry$$0000000D  c_w.l(__rtentry2.o)
    0x08000210   0x00000002   Code   RO         3640    .ARM.Collect$$rtexit$$00000000  c_w.l(rtexit.o)
    0x08000212   0x00000000   Code   RO         3690    .ARM.Collect$$rtexit$$00000002  c_w.l(rtexit2.o)
    0x08000212   0x00000004   Code   RO         3691    .ARM.Collect$$rtexit$$00000003  c_w.l(rtexit2.o)
    0x08000216   0x00000006   Code   RO         3692    .ARM.Collect$$rtexit$$00000004  c_w.l(rtexit2.o)
    0x0800021c   0x00000002   Code   RO         3417    .text               c_w.l(use_no_semi_2.o)
    0x0800021e   0x00000002   PAD
    0x08000220   0x00000018   Code   RO         3421    .text               c_w.l(noretval__2printf.o)
    0x08000238   0x00000068   Code   RO         3423    .text               c_w.l(__printf.o)
    0x080002a0   0x00000078   Code   RO         3427    .text               c_w.l(_printf_dec.o)
    0x08000318   0x00000048   Code   RO         3454    .text               c_w.l(strcpy.o)
    0x08000360   0x0000003e   Code   RO         3456    .text               c_w.l(strlen.o)
    0x0800039e   0x0000008a   Code   RO         3458    .text               c_w.l(rt_memcpy_v6.o)
    0x08000428   0x00000044   Code   RO         3460    .text               c_w.l(rt_memclr.o)
    0x0800046c   0x0000004e   Code   RO         3462    .text               c_w.l(rt_memclr_w.o)
    0x080004ba   0x00000002   Code   RO         3526    .text               c_w.l(use_no_semi.o)
    0x080004bc   0x000000b2   Code   RO         3531    .text               c_w.l(_printf_intcommon.o)
    0x0800056e   0x00000002   PAD
    0x08000570   0x00000024   Code   RO         3535    .text               c_w.l(_printf_char_file.o)
    0x08000594   0x00000064   Code   RO         3538    .text               c_w.l(rt_memcpy_w.o)
    0x080005f8   0x00000030   Code   RO         3599    .text               c_w.l(_printf_char_common.o)
    0x08000628   0x00000008   Code   RO         3601    .text               c_w.l(ferror.o)
    0x08000630   0x00000008   Code   RO         3615    .text               c_w.l(libspace.o)
    0x08000638   0x0000004a   Code   RO         3618    .text               c_w.l(sys_stackheap_outer.o)
    0x08000682   0x00000012   Code   RO         3622    .text               c_w.l(exit.o)
    0x08000694   0x00000040   Code   RO         3635    .text               四通道驱动板.lib(startup_stm32f10x_xl.o)
    0x080006d4   0x00000006   Code   RO         3696    .text               c_w.l(heapauxi.o)
    0x080006da   0x00000036   Code   RO          940    i.AT24CXX_Check     四通道驱动板.lib(at24cxx.o)
    0x08000710   0x00000064   Code   RO          941    i.AT24CXX_Init      四通道驱动板.lib(at24cxx.o)
    0x08000774   0x00000014   Code   RO          942    i.AT24CXX_Read      四通道驱动板.lib(at24cxx.o)
    0x08000788   0x0000003c   Code   RO          943    i.AT24CXX_ReadLenByte  四通道驱动板.lib(at24cxx.o)
    0x080007c4   0x0000003c   Code   RO          944    i.AT24CXX_ReadOneByte  四通道驱动板.lib(at24cxx.o)
    0x08000800   0x00000034   Code   RO          947    i.AT24CXX_WriteOneByte  四通道驱动板.lib(at24cxx.o)
    0x08000834   0x00000124   Code   RO         1000    i.CAN1_Mode_Init    四通道驱动板.lib(can.o)
    0x08000958   0x00000108   Code   RO         1936    i.CAN_FilterInit    四通道驱动板.lib(stm32f10x_can.o)
    0x08000a60   0x0000005c   Code   RO         1001    i.CAN_Get_Local_ID  四通道驱动板.lib(can.o)
    0x08000abc   0x00000012   Code   RO         1942    i.CAN_ITConfig      四通道驱动板.lib(stm32f10x_can.o)
    0x08000ace   0x00000114   Code   RO         1943    i.CAN_Init          四通道驱动板.lib(stm32f10x_can.o)
    0x08000be2   0x00000012   Code   RO         1002    i.CAN_Mode_Init     四通道驱动板.lib(can.o)
    0x08000bf4   0x00000042   Code   RO         1003    i.CAN_Package       四通道驱动板.lib(can.o)
    0x08000c36   0x000000f0   Code   RO         1946    i.CAN_Receive       四通道驱动板.lib(stm32f10x_can.o)
    0x08000d26   0x00000002   PAD
    0x08000d28   0x0000004c   Code   RO         1004    i.CAN_Send_Msg      四通道驱动板.lib(can.o)
    0x08000d74   0x00000126   Code   RO         1951    i.CAN_Transmit      四通道驱动板.lib(stm32f10x_can.o)
    0x08000e9a   0x00000002   PAD
    0x08000e9c   0x000000a0   Code   RO         1952    i.CAN_TransmitStatus  四通道驱动板.lib(stm32f10x_can.o)
    0x08000f3c   0x00000054   Code   RO         1005    i.CAN_Unpack        四通道驱动板.lib(can.o)
    0x08000f90   0x00000038   Code   RO          369    i.CRC16_1           crc16.o
    0x08000fc8   0x00000014   Code   RO          389    i.CabinDisable      motiondispatch.o
    0x08000fdc   0x00000014   Code   RO          390    i.CabinEnable       motiondispatch.o
    0x08000ff0   0x00000020   Code   RO          392    i.CabinorEnable     motiondispatch.o
    0x08001010   0x000000ec   Code   RO          393    i.CalMixMaxPoint    motiondispatch.o
    0x080010fc   0x000000cc   Code   RO          394    i.CalRouteTotalPulse  motiondispatch.o
    0x080011c8   0x00000078   Code   RO          396    i.CanSendData       motiondispatch.o
    0x08001240   0x00000078   Code   RO          397    i.CanSendWorkStationInfo  motiondispatch.o
    0x080012b8   0x000000d4   Code   RO          185    i.CombineReset      main_app.o
    0x0800138c   0x00000054   Code   RO          400    i.CupCaptureStatusJudge  motiondispatch.o
    0x080013e0   0x000000d0   Code   RO          401    i.CupDishPropertyConfig  motiondispatch.o
    0x080014b0   0x00000030   Code   RO         1725    i.DRV8711_Dir_Forward  四通道驱动板.lib(drv8711.o)
    0x080014e0   0x00000030   Code   RO         1726    i.DRV8711_Dir_Invert  四通道驱动板.lib(drv8711.o)
    0x08001510   0x00000038   Code   RO         1728    i.DRV8711_Enable    四通道驱动板.lib(drv8711.o)
    0x08001548   0x0000002c   Code   RO         1730    i.DRV8711_Get_Index_Level  四通道驱动板.lib(drv8711.o)
    0x08001574   0x00000056   Code   RO         1731    i.DRV8711_Init      四通道驱动板.lib(drv8711.o)
    0x080015ca   0x00000002   PAD
    0x080015cc   0x0000001c   Code   RO         1732    i.DRV8711_Self_Lock  四通道驱动板.lib(drv8711.o)
    0x080015e8   0x00000078   Code   RO         1733    i.DRV8711_Set_Current  四通道驱动板.lib(drv8711.o)
    0x08001660   0x00000028   Code   RO         1734    i.DRV8711_Set_Decay  四通道驱动板.lib(drv8711.o)
    0x08001688   0x00000026   Code   RO         1735    i.DRV8711_Set_Gain  四通道驱动板.lib(drv8711.o)
    0x080016ae   0x00000026   Code   RO         1736    i.DRV8711_Set_Index_Level  四通道驱动板.lib(drv8711.o)
    0x080016d4   0x00000026   Code   RO         1737    i.DRV8711_Set_Torque  四通道驱动板.lib(drv8711.o)
    0x080016fa   0x00000002   PAD
    0x080016fc   0x0000000c   Code   RO         1062    i.EM_SW_Get_Status  四通道驱动板.lib(em_sw.o)
    0x08001708   0x000000a4   Code   RO         1063    i.EM_SW_Init        四通道驱动板.lib(em_sw.o)
    0x080017ac   0x0000005c   Code   RO         1064    i.EM_SW_OUT         四通道驱动板.lib(em_sw.o)
    0x08001808   0x0000000e   Code   RO         1065    i.EM_SW_OUT_A       四通道驱动板.lib(em_sw.o)
    0x08001816   0x0000000e   Code   RO         1066    i.EM_SW_OUT_B       四通道驱动板.lib(em_sw.o)
    0x08001824   0x0000000e   Code   RO         1067    i.EM_SW_OUT_C       四通道驱动板.lib(em_sw.o)
    0x08001832   0x00000002   PAD
    0x08001834   0x0000002c   Code   RO         1068    i.EM_SW_OUT_COMMON_IO  四通道驱动板.lib(em_sw.o)
    0x08001860   0x0000000e   Code   RO         1069    i.EM_SW_OUT_D       四通道驱动板.lib(em_sw.o)
    0x0800186e   0x0000000e   Code   RO         1070    i.EM_SW_OUT_E       四通道驱动板.lib(em_sw.o)
    0x0800187c   0x0000000e   Code   RO         1071    i.EM_SW_OUT_F       四通道驱动板.lib(em_sw.o)
    0x0800188a   0x0000000e   Code   RO         1072    i.EM_SW_OUT_G       四通道驱动板.lib(em_sw.o)
    0x08001898   0x0000000e   Code   RO         1073    i.EM_SW_OUT_H       四通道驱动板.lib(em_sw.o)
    0x080018a6   0x00000002   PAD
    0x080018a8   0x00000080   Code   RO         1075    i.EM_SW_Reset_IO    四通道驱动板.lib(em_sw.o)
    0x08001928   0x00000080   Code   RO         1076    i.EM_SW_Set_IO      四通道驱动板.lib(em_sw.o)
    0x080019a8   0x00000012   Code   RO         1190    i.EXTI0_IRQHandler  四通道驱动板.lib(pct.o)
    0x080019ba   0x00000070   Code   RO         1191    i.EXTI15_10_IRQHandler  四通道驱动板.lib(pct.o)
    0x08001a2a   0x00000012   Code   RO         1192    i.EXTI1_IRQHandler  四通道驱动板.lib(pct.o)
    0x08001a3c   0x00000012   Code   RO         1193    i.EXTI2_IRQHandler  四通道驱动板.lib(pct.o)
    0x08001a4e   0x00000016   Code   RO         1194    i.EXTI3_IRQHandler  四通道驱动板.lib(pct.o)
    0x08001a64   0x00000016   Code   RO         1195    i.EXTI4_IRQHandler  四通道驱动板.lib(pct.o)
    0x08001a7a   0x0000005a   Code   RO         1196    i.EXTI9_5_IRQHandler  四通道驱动板.lib(pct.o)
    0x08001ad4   0x0000000c   Code   RO         2086    i.EXTI_ClearITPendingBit  四通道驱动板.lib(stm32f10x_exti.o)
    0x08001ae0   0x00000028   Code   RO         2090    i.EXTI_GetITStatus  四通道驱动板.lib(stm32f10x_exti.o)
    0x08001b08   0x00000094   Code   RO         2091    i.EXTI_Init         四通道驱动板.lib(stm32f10x_exti.o)
    0x08001b9c   0x00000060   Code   RO          402    i.FingerOpen        motiondispatch.o
    0x08001bfc   0x00000020   Code   RO          404    i.Finger_Sw_Status  motiondispatch.o
    0x08001c1c   0x00000040   Code   RO         1457    i.GPIO_EXTILineConfig  四通道驱动板.lib(stm32f10x_gpio.o)
    0x08001c5c   0x00000116   Code   RO         1460    i.GPIO_Init         四通道驱动板.lib(stm32f10x_gpio.o)
    0x08001d72   0x00000002   PAD
    0x08001d74   0x00000090   Code   RO         1462    i.GPIO_PinRemapConfig  四通道驱动板.lib(stm32f10x_gpio.o)
    0x08001e04   0x00000012   Code   RO         1464    i.GPIO_ReadInputDataBit  四通道驱动板.lib(stm32f10x_gpio.o)
    0x08001e16   0x00000004   Code   RO         1467    i.GPIO_ResetBits    四通道驱动板.lib(stm32f10x_gpio.o)
    0x08001e1a   0x00000004   Code   RO         1468    i.GPIO_SetBits      四通道驱动板.lib(stm32f10x_gpio.o)
    0x08001e1e   0x00000002   PAD
    0x08001e20   0x00000070   Code   RO          295    i.GetAllPctStatus   pct_app.o
    0x08001e90   0x00000126   Code   RO          405    i.GetCaptureCupOffset  motiondispatch.o
    0x08001fb6   0x00000002   PAD
    0x08001fb8   0x000007d0   Code   RO          406    i.GetCaptureCupPosition  motiondispatch.o
    0x08002788   0x000000d4   Code   RO          407    i.Go_Cup_To_HatchIn  motiondispatch.o
    0x0800285c   0x000000d4   Code   RO          408    i.Go_Cup_To_HatchOut  motiondispatch.o
    0x08002930   0x000000d4   Code   RO          409    i.Go_Cup_To_Mix     motiondispatch.o
    0x08002a04   0x0000017c   Code   RO          410    i.Go_Cup_To_Wast1   motiondispatch.o
    0x08002b80   0x0000017c   Code   RO          411    i.Go_Cup_To_Wast2   motiondispatch.o
    0x08002cfc   0x00000154   Code   RO          412    i.Go_Curr_To_CaptureCup  motiondispatch.o
    0x08002e50   0x000000c0   Code   RO          413    i.Go_Curr_To_Origin  motiondispatch.o
    0x08002f10   0x00000150   Code   RO          414    i.Go_Hatch_To_CupDish  motiondispatch.o
    0x08003060   0x000000e8   Code   RO          415    i.Go_Hatch_To_Mix   motiondispatch.o
    0x08003148   0x0000010c   Code   RO          416    i.Go_Hatch_To_Waste  motiondispatch.o
    0x08003254   0x000000a8   Code   RO          417    i.Go_Lock_Cabin     motiondispatch.o
    0x080032fc   0x000000b0   Code   RO          418    i.Go_Mix_Running    motiondispatch.o
    0x080033ac   0x000000e8   Code   RO          419    i.Go_Mix_To_HatchIn  motiondispatch.o
    0x08003494   0x000000e8   Code   RO          420    i.Go_Mix_To_HatchOut  motiondispatch.o
    0x0800357c   0x000000e8   Code   RO          421    i.Go_Mix_To_Wast1   motiondispatch.o
    0x08003664   0x000000e8   Code   RO          422    i.Go_Mix_To_Wast2   motiondispatch.o
    0x0800374c   0x000000a8   Code   RO          423    i.Go_Open_Cabin     motiondispatch.o
    0x080037f4   0x000000cc   Code   RO          424    i.Go_Orign_To_HatchIn  motiondispatch.o
    0x080038c0   0x000000cc   Code   RO          425    i.Go_Orign_To_HatchOut  motiondispatch.o
    0x0800398c   0x000000c0   Code   RO          426    i.Go_Orign_To_Mix   motiondispatch.o
    0x08003a4c   0x000000d4   Code   RO          427    i.Go_Orign_To_Waste1  motiondispatch.o
    0x08003b20   0x000000d4   Code   RO          428    i.Go_Orign_To_Waste2  motiondispatch.o
    0x08003bf4   0x000000e0   Code   RO          429    i.Go_Orign_To_Waste_Throw_Cup  motiondispatch.o
    0x08003cd4   0x000000c0   Code   RO          430    i.Go_SendConfigPara  motiondispatch.o
    0x08003d94   0x000000b0   Code   RO          431    i.Go_SendStatusInfo  motiondispatch.o
    0x08003e44   0x000000b8   Code   RO          432    i.Go_SysSoftwareVersionCheck  motiondispatch.o
    0x08003efc   0x000000c0   Code   RO          433    i.Go_Unload_Cup     motiondispatch.o
    0x08003fbc   0x000000b4   Code   RO          434    i.Go_Waste_To_HatchIn  motiondispatch.o
    0x08004070   0x000000b4   Code   RO          435    i.Go_Waste_To_HatchOut  motiondispatch.o
    0x08004124   0x00000018   Code   RO         2520    i.I2C_AcknowledgeConfig  四通道驱动板.lib(stm32f10x_i2c.o)
    0x0800413c   0x0000002a   Code   RO         2522    i.I2C_CheckEvent    四通道驱动板.lib(stm32f10x_i2c.o)
    0x08004166   0x00000018   Code   RO         2525    i.I2C_Cmd           四通道驱动板.lib(stm32f10x_i2c.o)
    0x0800417e   0x00000018   Code   RO         2532    i.I2C_GenerateSTART  四通道驱动板.lib(stm32f10x_i2c.o)
    0x08004196   0x00000018   Code   RO         2533    i.I2C_GenerateSTOP  四通道驱动板.lib(stm32f10x_i2c.o)
    0x080041ae   0x0000003a   Code   RO         2534    i.I2C_GetFlagStatus  四通道驱动板.lib(stm32f10x_i2c.o)
    0x080041e8   0x000000ec   Code   RO         2539    i.I2C_Init          四通道驱动板.lib(stm32f10x_i2c.o)
    0x080042d4   0x00000008   Code   RO         2544    i.I2C_ReceiveData   四通道驱动板.lib(stm32f10x_i2c.o)
    0x080042dc   0x00000012   Code   RO         2546    i.I2C_Send7bitAddress  四通道驱动板.lib(stm32f10x_i2c.o)
    0x080042ee   0x00000004   Code   RO         2547    i.I2C_SendData      四通道驱动板.lib(stm32f10x_i2c.o)
    0x080042f2   0x00000002   PAD
    0x080042f4   0x0000010c   Code   RO         1810    i.IIC_EE_BufferRead  四通道驱动板.lib(iic.o)
    0x08004400   0x000000a0   Code   RO         1812    i.IIC_EE_ByteWrite  四通道驱动板.lib(iic.o)
    0x080044a0   0x00000080   Code   RO         1815    i.IIC_Init          四通道驱动板.lib(iic.o)
    0x08004520   0x00000054   Code   RO          188    i.Init              main_app.o
    0x08004574   0x0000003c   Code   RO          819    i.LED_Init          四通道驱动板.lib(led.o)
    0x080045b0   0x000000c4   Code   RO          436    i.MixMotor_ParaConfig  motiondispatch.o
    0x08004674   0x00000024   Code   RO          437    i.Mix_StartRun      motiondispatch.o
    0x08004698   0x000000d4   Code   RO          189    i.Motion_Init       main_app.o
    0x0800476c   0x000000d4   Code   RO          190    i.Motion_Init_Return  main_app.o
    0x08004840   0x000000d8   Code   RO          191    i.Motion_Output_Carbin  main_app.o
    0x08004918   0x000000d0   Code   RO          439    i.MotorMotionConfig_Init  motiondispatch.o
    0x080049e8   0x0000000c   Code   RO         1276    i.Motor_Enable      四通道驱动板.lib(step_motor.o)
    0x080049f4   0x000001c4   Code   RO         1277    i.Motor_Init        四通道驱动板.lib(step_motor.o)
    0x08004bb8   0x000003e8   Code   RO          192    i.Motor_Init_Motion  main_app.o
    0x08004fa0   0x0000030c   Code   RO         1278    i.Motor_Motion_Setup  四通道驱动板.lib(step_motor.o)
    0x080052ac   0x0000004c   Code   RO         1624    i.Motor_PWM_Init    四通道驱动板.lib(timer.o)
    0x080052f8   0x0000000c   Code   RO         1279    i.Motor_Self_Lock   四通道驱动板.lib(step_motor.o)
    0x08005304   0x00000070   Code   RO         1418    i.NVIC_Init         四通道驱动板.lib(misc.o)
    0x08005374   0x00000014   Code   RO         1419    i.NVIC_PriorityGroupConfig  四通道驱动板.lib(misc.o)
    0x08005388   0x00000050   Code   RO          296    i.PCT_1_Handle      pct_app.o
    0x080053d8   0x00000054   Code   RO          297    i.PCT_2_Handle      pct_app.o
    0x0800542c   0x00000058   Code   RO          298    i.PCT_3_Handle      pct_app.o
    0x08005484   0x00000088   Code   RO          299    i.PCT_4_Handle      pct_app.o
    0x0800550c   0x00000002   Code   RO         1856    i.PCT_Encoder_Para_Init  四通道驱动板.lib(pct_encoder.o)
    0x0800550e   0x00000002   PAD
    0x08005510   0x0000008c   Code   RO         1201    i.PCT_Get_Status    四通道驱动板.lib(pct.o)
    0x0800559c   0x00000158   Code   RO         1202    i.PCT_Init          四通道驱动板.lib(pct.o)
    0x080056f4   0x00000020   Code   RO         2141    i.RCC_APB1PeriphClockCmd  四通道驱动板.lib(stm32f10x_rcc.o)
    0x08005714   0x00000020   Code   RO         2143    i.RCC_APB2PeriphClockCmd  四通道驱动板.lib(stm32f10x_rcc.o)
    0x08005734   0x000000d4   Code   RO         2151    i.RCC_GetClocksFreq  四通道驱动板.lib(stm32f10x_rcc.o)
    0x08005808   0x000000d8   Code   RO          440    i.ReportHardwaretatus  motiondispatch.o
    0x080058e0   0x00000118   Code   RO         1900    i.SPI1_Init         四通道驱动板.lib(spi.o)
    0x080059f8   0x000000d0   Code   RO         1901    i.SPI1_ReadWriteByte  四通道驱动板.lib(spi.o)
    0x08005ac8   0x00000018   Code   RO         2728    i.SPI_Cmd           四通道驱动板.lib(stm32f10x_spi.o)
    0x08005ae0   0x00000012   Code   RO         2736    i.SPI_I2S_GetFlagStatus  四通道驱动板.lib(stm32f10x_spi.o)
    0x08005af2   0x00000006   Code   RO         2739    i.SPI_I2S_ReceiveData  四通道驱动板.lib(stm32f10x_spi.o)
    0x08005af8   0x00000004   Code   RO         2740    i.SPI_I2S_SendData  四通道驱动板.lib(stm32f10x_spi.o)
    0x08005afc   0x0000003c   Code   RO         2741    i.SPI_Init          四通道驱动板.lib(stm32f10x_spi.o)
    0x08005b38   0x00000008   Code   RO         1568    i.SetSysClock       四通道驱动板.lib(system_stm32f10x.o)
    0x08005b40   0x000000e0   Code   RO         1569    i.SetSysClockTo72   四通道驱动板.lib(system_stm32f10x.o)
    0x08005c20   0x0000001c   Code   RO          445    i.StartMotorParaInit  motiondispatch.o
    0x08005c3c   0x00000040   Code   RO          446    i.SysInit           motiondispatch.o
    0x08005c7c   0x00000100   Code   RO          447    i.SysParaInitConfig  motiondispatch.o
    0x08005d7c   0x00000028   Code   RO         1422    i.SysTick_CLKSourceConfig  四通道驱动板.lib(misc.o)
    0x08005da4   0x00000060   Code   RO         1571    i.SystemInit        四通道驱动板.lib(system_stm32f10x.o)
    0x08005e04   0x00000148   Code   RO         1625    i.TIM2_IRQHandler   四通道驱动板.lib(timer.o)
    0x08005f4c   0x00000170   Code   RO         1626    i.TIM3_IRQHandler   四通道驱动板.lib(timer.o)
    0x080060bc   0x00000138   Code   RO         1627    i.TIM4_IRQHandler   四通道驱动板.lib(timer.o)
    0x080061f4   0x00000170   Code   RO         1628    i.TIM5_IRQHandler   四通道驱动板.lib(timer.o)
    0x08006364   0x000000e8   Code   RO         1629    i.TIM6_IRQHandler   四通道驱动板.lib(timer.o)
    0x0800644c   0x00000054   Code   RO         1630    i.TIM6_Init         四通道驱动板.lib(timer.o)
    0x080064a0   0x00000002   Code   RO         1631    i.TIM7_IRQHandler   四通道驱动板.lib(timer.o)
    0x080064a2   0x00000002   Code   RO         1860    i.TIM8_UP_TIM13_IRQHandler  四通道驱动板.lib(pct_encoder.o)
    0x080064a4   0x00000018   Code   RO         2871    i.TIM_ARRPreloadConfig  四通道驱动板.lib(stm32f10x_tim.o)
    0x080064bc   0x0000001e   Code   RO         2875    i.TIM_CCxCmd        四通道驱动板.lib(stm32f10x_tim.o)
    0x080064da   0x00000006   Code   RO         2878    i.TIM_ClearITPendingBit  四通道驱动板.lib(stm32f10x_tim.o)
    0x080064e0   0x00000018   Code   RO         2883    i.TIM_Cmd           四通道驱动板.lib(stm32f10x_tim.o)
    0x080064f8   0x00000022   Code   RO         2904    i.TIM_GetITStatus   四通道驱动板.lib(stm32f10x_tim.o)
    0x0800651a   0x00000012   Code   RO         2908    i.TIM_ITConfig      四通道驱动板.lib(stm32f10x_tim.o)
    0x0800652c   0x00000098   Code   RO         2912    i.TIM_OC1Init       四通道驱动板.lib(stm32f10x_tim.o)
    0x080065c4   0x00000012   Code   RO         2915    i.TIM_OC1PreloadConfig  四通道驱动板.lib(stm32f10x_tim.o)
    0x080065d6   0x00000004   Code   RO         2942    i.TIM_SetAutoreload  四通道驱动板.lib(stm32f10x_tim.o)
    0x080065da   0x00000004   Code   RO         2944    i.TIM_SetCompare1   四通道驱动板.lib(stm32f10x_tim.o)
    0x080065de   0x00000002   PAD
    0x080065e0   0x000000a4   Code   RO         2954    i.TIM_TimeBaseInit  四通道驱动板.lib(stm32f10x_tim.o)
    0x08006684   0x0000000e   Code   RO         1632    i.TIMx_Disable      四通道驱动板.lib(timer.o)
    0x08006692   0x00000002   PAD
    0x08006694   0x000000dc   Code   RO         1634    i.Timer2_Pwm_Init   四通道驱动板.lib(timer.o)
    0x08006770   0x000000d8   Code   RO         1635    i.Timer3_Pwm_Init   四通道驱动板.lib(timer.o)
    0x08006848   0x000000d8   Code   RO         1636    i.Timer4_Pwm_Init   四通道驱动板.lib(timer.o)
    0x08006920   0x000000c4   Code   RO         1637    i.Timer5_Pwm_Init   四通道驱动板.lib(timer.o)
    0x080069e4   0x00000048   Code   RO         1638    i.Timer_Motor_Setup  四通道驱动板.lib(timer.o)
    0x08006a2c   0x0000001c   Code   RO         1338    i.UART4_IRQHandler  四通道驱动板.lib(usart.o)
    0x08006a48   0x00000050   Code   RO         1339    i.USART1_IRQHandler  四通道驱动板.lib(usart.o)
    0x08006a98   0x00000012   Code   RO         2339    i.USART_ClearFlag   四通道驱动板.lib(stm32f10x_usart.o)
    0x08006aaa   0x00000018   Code   RO         2343    i.USART_Cmd         四通道驱动板.lib(stm32f10x_usart.o)
    0x08006ac2   0x0000001a   Code   RO         2346    i.USART_GetFlagStatus  四通道驱动板.lib(stm32f10x_usart.o)
    0x08006adc   0x00000054   Code   RO         2347    i.USART_GetITStatus  四通道驱动板.lib(stm32f10x_usart.o)
    0x08006b30   0x0000004a   Code   RO         2349    i.USART_ITConfig    四通道驱动板.lib(stm32f10x_usart.o)
    0x08006b7a   0x00000002   PAD
    0x08006b7c   0x000000d8   Code   RO         2350    i.USART_Init        四通道驱动板.lib(stm32f10x_usart.o)
    0x08006c54   0x0000000a   Code   RO         2357    i.USART_ReceiveData  四通道驱动板.lib(stm32f10x_usart.o)
    0x08006c5e   0x00000008   Code   RO         2360    i.USART_SendData    四通道驱动板.lib(stm32f10x_usart.o)
    0x08006c66   0x00000002   PAD
    0x08006c68   0x0000002c   Code   RO         1006    i.USB_LP_CAN1_RX0_IRQHandler  四通道驱动板.lib(can.o)
    0x08006c94   0x000000cc   Code   RO         1342    i.Usart1_Init       四通道驱动板.lib(usart.o)
    0x08006d60   0x00000034   Code   RO         1343    i.Usart1_Send_Data  四通道驱动板.lib(usart.o)
    0x08006d94   0x0000027c   Code   RO          449    i.XY_To_WorkStation  motiondispatch.o
    0x08007010   0x00000160   Code   RO          450    i.X_MotorParaConfig  motiondispatch.o
    0x08007170   0x00000164   Code   RO          451    i.Y_MotorParaConfig  motiondispatch.o
    0x080072d4   0x000000f8   Code   RO          452    i.Z_MotorParaConfig  motiondispatch.o
    0x080073cc   0x00000124   Code   RO          453    i.Z_To_WorkStation  motiondispatch.o
    0x080074f0   0x00000006   Code   RO         1346    i._sys_exit         四通道驱动板.lib(usart.o)
    0x080074f6   0x00000002   PAD
    0x080074f8   0x00000044   Code   RO         1312    i.delay_init        四通道驱动板.lib(delay.o)
    0x0800753c   0x0000004c   Code   RO         1313    i.delay_ms          四通道驱动板.lib(delay.o)
    0x08007588   0x0000004c   Code   RO         1314    i.delay_us          四通道驱动板.lib(delay.o)
    0x080075d4   0x0000001c   Code   RO         1347    i.fputc             四通道驱动板.lib(usart.o)
    0x080075f0   0x00000058   Code   RO            2    i.main              main.o
    0x08007648   0x00000062   Code   RO         3466    x$fpl$d2f           fz_ws.l(d2f.o)
    0x080076aa   0x00000002   PAD
    0x080076ac   0x000002b0   Code   RO         3475    x$fpl$ddiv          fz_ws.l(ddiv.o)
    0x0800795c   0x00000154   Code   RO         3488    x$fpl$dmul          fz_ws.l(dmul.o)
    0x08007ab0   0x0000009c   Code   RO         3540    x$fpl$dnaninf       fz_ws.l(dnaninf.o)
    0x08007b4c   0x0000000c   Code   RO         3542    x$fpl$dretinf       fz_ws.l(dretinf.o)
    0x08007b58   0x00000056   Code   RO         3490    x$fpl$f2d           fz_ws.l(f2d.o)
    0x08007bae   0x00000002   PAD
    0x08007bb0   0x000000c4   Code   RO         3492    x$fpl$fadd          fz_ws.l(faddsub_clz.o)
    0x08007c74   0x00000018   Code   RO         3544    x$fpl$fcmpinf       fz_ws.l(fcmpi.o)
    0x08007c8c   0x00000184   Code   RO         3499    x$fpl$fdiv          fz_ws.l(fdiv.o)
    0x08007e10   0x0000003e   Code   RO         3504    x$fpl$ffixu         fz_ws.l(ffixu.o)
    0x08007e4e   0x00000002   PAD
    0x08007e50   0x00000030   Code   RO         3509    x$fpl$fflt          fz_ws.l(fflt_clz.o)
    0x08007e80   0x00000026   Code   RO         3508    x$fpl$ffltu         fz_ws.l(fflt_clz.o)
    0x08007ea6   0x00000002   PAD
    0x08007ea8   0x00000068   Code   RO         3514    x$fpl$fleqf         fz_ws.l(fleqf.o)
    0x08007f10   0x00000102   Code   RO         3516    x$fpl$fmul          fz_ws.l(fmul.o)
    0x08008012   0x0000008c   Code   RO         3546    x$fpl$fnaninf       fz_ws.l(fnaninf.o)
    0x0800809e   0x0000000a   Code   RO         3548    x$fpl$fretinf       fz_ws.l(fretinf.o)
    0x080080a8   0x000000ea   Code   RO         3494    x$fpl$fsub          fz_ws.l(faddsub_clz.o)
    0x08008192   0x00000000   Code   RO         3550    x$fpl$usenofp       fz_ws.l(usenofp.o)
    0x08008192   0x00000002   PAD
    0x08008194   0x00000090   Data   RO          200    .constdata          main_app.o
    0x08008224   0x00000200   Data   RO          370    .constdata          crc16.o
    0x08008424   0x00000138   Data   RO          455    .constdata          motiondispatch.o
    0x0800855c   0x00000008   Data   RO         1078    .constdata          四通道驱动板.lib(em_sw.o)
    0x08008564   0x00000010   Data   RO         1639    .constdata          四通道驱动板.lib(timer.o)
    0x08008574   0x00000004   Data   RO          201    .conststring        main_app.o
    0x08008578   0x000001bf   Data   RO          456    .conststring        motiondispatch.o
    0x08008737   0x00000001   PAD
    0x08008738   0x00000020   Data   RO         3766    Region$$Table       anon$$obj.o


    Execution Region RW_IRAM1 (Base: 0x20000000, Size: 0x00001de8, Max: 0x00018000, ABSOLUTE, COMPRESSED[0x000004c8])

    Base Addr    Size         Type   Attr      Idx    E Section Name        Object

    0x20000000   0x00000cb3   Data   RW          202    .data               main_app.o
    0x20000cb3   0x00000001   PAD
    0x20000cb4   0x0000000c   Data   RW          304    .data               pct_app.o
    0x20000cc0   0x00000213   Data   RW          457    .data               motiondispatch.o
    0x20000ed3   0x00000002   Data   RW         1008    .data               四通道驱动板.lib(can.o)
    0x20000ed5   0x00000001   PAD
    0x20000ed6   0x00000004   Data   RW         1315    .data               四通道驱动板.lib(delay.o)
    0x20000eda   0x00000002   PAD
    0x20000edc   0x00000004   Data   RW         1349    .data               四通道驱动板.lib(usart.o)
    0x20000ee0   0x00000014   Data   RW         1572    .data               四通道驱动板.lib(system_stm32f10x.o)
    0x20000ef4   0x0000000a   Data   RW         1640    .data               四通道驱动板.lib(timer.o)
    0x20000efe   0x00000001   Data   RW         1816    .data               四通道驱动板.lib(iic.o)
    0x20000eff   0x00000001   PAD
    0x20000f00   0x0000000e   Data   RW         1861    .data               四通道驱动板.lib(pct_encoder.o)
    0x20000f0e   0x00000014   Data   RW         2171    .data               四通道驱动板.lib(stm32f10x_rcc.o)
    0x20000f22   0x00000002   PAD
    0x20000f24   0x000006e0   Zero   RW          199    .bss                main_app.o
    0x20001604   0x0000012a   Zero   RW          454    .bss                motiondispatch.o
    0x2000172e   0x00000002   PAD
    0x20001730   0x00000028   Zero   RW         1007    .bss                四通道驱动板.lib(can.o)
    0x20001758   0x00000029   Zero   RW         1077    .bss                四通道驱动板.lib(em_sw.o)
    0x20001781   0x00000003   PAD
    0x20001784   0x00000060   Zero   RW         3616    .bss                c_w.l(libspace.o)
    0x200017e4   0x00000004   PAD
    0x200017e8   0x00000200   Zero   RW         3633    HEAP                四通道驱动板.lib(startup_stm32f10x_xl.o)
    0x200019e8   0x00000400   Zero   RW         3632    STACK               四通道驱动板.lib(startup_stm32f10x_xl.o)


==============================================================================

Image component sizes


      Code (inc. data)   RO Data    RW Data    ZI Data      Debug   Object Name

        56          8        512          0          0       1440   crc16.o
        88         18          0          0          0     228855   main.o
      1936         70        148       3251       1760       6679   main_app.o
     12910        738        759        531        298      58314   motiondispatch.o
       500         66          0         12          0       3263   pct_app.o

    ----------------------------------------------------------------------
     15492        900       1452       3795       2060     298551   Object Totals
         0          0         32          0          0          0   (incl. Generated)
         2          0          1          1          2          0   (incl. Padding)

    ----------------------------------------------------------------------

      Code (inc. data)   RO Data    RW Data    ZI Data      Debug   Library Member Name

       100          0          0          0          0          0   __dclz77c.o
         8          0          0          0          0         68   __main.o
       104          0          0          0          0         84   __printf.o
         0          0          0          0          0          0   __rtentry.o
        12          0          0          0          0          0   __rtentry2.o
         6          0          0          0          0          0   __rtentry4.o
        52          8          0          0          0          0   __scatter.o
        28          0          0          0          0          0   __scatter_zi.o
        48          6          0          0          0         96   _printf_char_common.o
        36          4          0          0          0         80   _printf_char_file.o
         6          0          0          0          0          0   _printf_d.o
       120         16          0          0          0         92   _printf_dec.o
       178          0          0          0          0         88   _printf_intcommon.o
         0          0          0          0          0          0   _printf_percent.o
         4          0          0          0          0          0   _printf_percent_end.o
        18          0          0          0          0         80   exit.o
         8          0          0          0          0         68   ferror.o
         6          0          0          0          0        152   heapauxi.o
         2          0          0          0          0          0   libinit.o
         2          0          0          0          0          0   libinit2.o
         2          0          0          0          0          0   libshutdown.o
         2          0          0          0          0          0   libshutdown2.o
         8          4          0          0         96         68   libspace.o
        24          4          0          0          0         84   noretval__2printf.o
        68          0          0          0          0         68   rt_memclr.o
        78          0          0          0          0         80   rt_memclr_w.o
       138          0          0          0          0         68   rt_memcpy_v6.o
       100          0          0          0          0         80   rt_memcpy_w.o
         2          0          0          0          0          0   rtexit.o
        10          0          0          0          0          0   rtexit2.o
        72          0          0          0          0         80   strcpy.o
        62          0          0          0          0         76   strlen.o
        74          0          0          0          0         80   sys_stackheap_outer.o
         2          0          0          0          0         68   use_no_semi.o
         2          0          0          0          0         68   use_no_semi_2.o
        98          4          0          0          0         92   d2f.o
       688        140          0          0          0        208   ddiv.o
       340         12          0          0          0        104   dmul.o
       156          4          0          0          0         92   dnaninf.o
        12          0          0          0          0         68   dretinf.o
        86          4          0          0          0         84   f2d.o
       430          8          0          0          0        168   faddsub_clz.o
        24          0          0          0          0         68   fcmpi.o
       388         76          0          0          0         96   fdiv.o
        62          4          0          0          0         84   ffixu.o
        86          0          0          0          0        136   fflt_clz.o
       104          4          0          0          0         84   fleqf.o
       258          4          0          0          0         84   fmul.o
       140          4          0          0          0         84   fnaninf.o
        10          0          0          0          0         68   fretinf.o
         0          0          0          0          0          0   usenofp.o
       346         38          0          0          0       3809   at24cxx.o
       672         46          0          2         40       5649   can.o
       220         26          0          4          0       1667   delay.o
       584         32          0          0          0       6417   drv8711.o
       680         62          8          0         41      12077   em_sw.o
       556         54          0          1          0       2415   iic.o
        60          6          0          0          0     277491   led.o
       172         22          0          0          0       1921   misc.o
       784         32          0          0          0       4759   pct.o
         4          0          0         14          0       1411   pct_encoder.o
       488         36          0          0          0       1317   spi.o
        64         26        304          0       1536        812   startup_stm32f10x_xl.o
      1256         48          0          0          0       2463   step_motor.o
      1252         28          0          0          0       4853   stm32f10x_can.o
       200         18          0          0          0       1972   stm32f10x_exti.o
       512         10          0          0          0       4872   stm32f10x_gpio.o
       462         14          0          0          0       7348   stm32f10x_i2c.o
       276         32          0         20          0       4286   stm32f10x_rcc.o
       112          0          0          0          0       3634   stm32f10x_spi.o
       478         62          0          0          0       6749   stm32f10x_tim.o
       460          6          0          0          0       6419   stm32f10x_usart.o
       328         28          0         20          0       2025   system_stm32f10x.o
      2704         94         16         10          0       9492   timer.o
       398         42          0          4          0       5162   usart.o

    ----------------------------------------------------------------------
     17376       1068        328         81       1720     382168   Library Totals
        44          0          0          6          7          0   (incl. Padding)

    ----------------------------------------------------------------------

      Code (inc. data)   RO Data    RW Data    ZI Data      Debug   Library Name

      1382         42          0          0         96       1628   c_w.l
      2882        264          0          0          0       1520   fz_ws.l
     13068        762        328         75       1617     379020   四通道驱动板.lib

    ----------------------------------------------------------------------
     17376       1068        328         81       1720     382168   Library Totals

    ----------------------------------------------------------------------

==============================================================================


      Code (inc. data)   RO Data    RW Data    ZI Data      Debug   

     32868       1968       1780       3876       3780     668495   Grand Totals
     32868       1968       1780       1224       3780     668495   ELF Image Totals (compressed)
     32868       1968       1780       1224          0          0   ROM Totals

==============================================================================

    Total RO  Size (Code + RO Data)                34648 (  33.84kB)
    Total RW  Size (RW Data + ZI Data)              7656 (   7.48kB)
    Total ROM Size (Code + RO Data + RW Data)      35872 (  35.03kB)

==============================================================================

