<html>
<body>
<pre>
<h1>礦ision Build Log</h1>
<h2>Tool Versions:</h2>
IDE-Version: μVision V5.17.0.0
Copyright (C) 2015 ARM Ltd and ARM Germany GmbH. All rights reserved.
License Information: guchenglong Microsoft, Microsoft, LIC=9WS74-FBHT4-BEDHH-W2LP1-3HTE0-2B8NT
 
Tool Versions:
Toolchain:       MDK-ARM Standard  Version: 5.17
Toolchain Path:  D:\Keil_v5\ARM\ARMCC\Bin
C Compiler:      Armcc.exe V5.06 update 1 (build 61)
Assembler:       Armasm.exe V5.06 update 1 (build 61)
Linker/Locator:  ArmLink.exe V5.06 update 1 (build 61)
Library Manager: ArmAr.exe V5.06 update 1 (build 61)
Hex Converter:   FromElf.exe
CPU DLL:         SARMCM3.DLL V5.17
Dialog DLL:      DCM.DLL V1.13.4.0
Target DLL:      Segger\JL2CM3.dll V2.99.16.0
Dialog DLL:      TCM.DLL V1.14.6.0
 
<h2>Project:</h2>
D:\工作资料\全自动源码工程\Item_FirstCaptureFinger\FirstCaptureFinger_SourceCode\FourChal_FirstCaptureFinger_Com16CmdMotion_WorkStationConfigStruct\user\xx.uvprojx
Project File Date:  11/01/2017

<h2>Output:</h2>
*** Using Compiler 'V5.06 update 1 (build 61)', folder: 'D:\Keil_v5\ARM\ARMCC\Bin'
Build target 'project'
compiling pct_app.c...
compiling main_app.c...
compiling main.c...
main.c(94): warning:  #111-D: statement is unreachable
  		MotionHandle();
main.c(59): warning:  #177-D: variable "i" was declared but never referenced
  	u8 i = 0;
main.c: 2 warnings, 0 errors
compiling MotionDispatch.c...
..\App\MotionDispatch.c(285): warning:  #188-D: enumerated type mixed with another type
  	EM_SW_Status = ((u8)EM_SW_Get_Status(EM_SW_CH_H)<<7|(u8)EM_SW_Get_Status(EM_SW_CH_G)<<6|
..\App\MotionDispatch.c(282): warning:  #177-D: variable "buf" was declared but never referenced
  	u8 buf[1];
..\App\MotionDispatch.c(575): warning:  #186-D: pointless comparison of unsigned integer with zero
  	if(CurrCaptureCupNum>=0 && CurrCaptureCupNum<=112)
..\App\MotionDispatch.c(568): warning:  #177-D: variable "buf" was declared but never referenced
  	u8 buf[1];
..\App\MotionDispatch.c(640): warning:  #188-D: enumerated type mixed with another type
  	EM_SW_Status = ((u8)EM_SW_Get_Status(EM_SW_CH_H)<<7|(u8)EM_SW_Get_Status(EM_SW_CH_G)<<6|
..\App\MotionDispatch.c(711): warning:  #177-D: variable "len" was declared but never referenced
  		u16 len;
..\App\MotionDispatch.c(1019): warning:  #111-D: statement is unreachable
  		}break;
..\App\MotionDispatch.c(1270): warning:  #111-D: statement is unreachable
  		}break;
..\App\MotionDispatch.c(1603): warning:  #188-D: enumerated type mixed with another type
  			CanSendWorkStationInfo(
AN_MAIN_MACHINE_ID,COM_REPORT_CONFIG_PARA,&Work_Para.Para_Version[0],Len);
..\App\MotionDispatch.c(2773): warning:  #111-D: statement is unreachable
  			break;
..\App\MotionDispatch.c(2784): warning:  #177-D: variable "Data" was declared but never referenced
  	u8 Data = 0;
..\App\MotionDispatch.c(2917): warning:  #188-D: enumerated type mixed with another type
  					ExecuteCmd.MotionCmd = 0x00;
..\App\MotionDispatch.c(3008): warning:  #188-D: enumerated type mixed with another type
  			ExecuteCmd.MotionCmd = 0;
..\App\MotionDispatch.c(3264): warning:  #188-D: enumerated type mixed with another type
  		ExecuteCmd.MotionCmd = unpack_data->command;
..\App\MotionDispatch.c: 14 warnings, 0 errors
linking...
Program Size: Code=32868 RO-data=1780 RW-data=3876 ZI-data=3780  
FromELF: creating hex file...
--- Error: failed to execute 'D:\Keil_v5\ARM\ARMCC\Bin\fromelf'
".\Objects\xx.axf" - 0 Error(s), 16 Warning(s).

<h2>Collection of Component include folders:</h2>
  D:\工作资料\全自动源码工程\Item_FirstCaptureFinger\FirstCaptureFinger_SourceCode\FourChal_FirstCaptureFinger_Com16CmdMotion_WorkStationConfigStruct\user\RTE
  D:\Keil_v5\ARM\PACK\Keil\STM32F1xx_DFP\2.1.0\Device\Include

<h2>Collection of Component Files used:</h2>
Build Time Elapsed:  00:00:02
</pre>
</body>
</html>
